Component: ARM Compiler 5.06 update 6 (build 750) Tool: armlink [4d35ed]

==============================================================================

Section Cross References

    mbed/TARGET_KL25Z/TOOLCHAIN_ARM_STD/analogin_api.o(i.analogin_init) refers to mbed/TARGET_KL25Z/TOOLCHAIN_ARM_STD/mbed.ar(mbed_pinmap_common.o)(i.pinmap_peripheral) for pinmap_peripheral
    mbed/TARGET_KL25Z/TOOLCHAIN_ARM_STD/analogin_api.o(i.analogin_init) refers to C:\Keil_v5\ARM\ARMCC\Bin\..\lib\armlib\c_p.l(aeabi_sdivfast.o)(.text) for __aeabi_uidivmod
    mbed/TARGET_KL25Z/TOOLCHAIN_ARM_STD/analogin_api.o(i.analogin_init) refers to mbed/TARGET_KL25Z/TOOLCHAIN_ARM_STD/mbed.ar(mbed_assert.o)(i.mbed_assert_internal) for mbed_assert_internal
    mbed/TARGET_KL25Z/TOOLCHAIN_ARM_STD/analogin_api.o(i.analogin_init) refers to mbed/TARGET_KL25Z/TOOLCHAIN_ARM_STD/mbed.ar(mbed_pinmap_common.o)(i.pinmap_pinout) for pinmap_pinout
    mbed/TARGET_KL25Z/TOOLCHAIN_ARM_STD/analogin_api.o(i.analogin_init) refers to mbed/TARGET_KL25Z/TOOLCHAIN_ARM_STD/PeripheralPins.o(.constdata) for PinMap_ADC
    mbed/TARGET_KL25Z/TOOLCHAIN_ARM_STD/analogin_api.o(i.analogin_init) refers to mbed/TARGET_KL25Z/TOOLCHAIN_ARM_STD/system_MKL25Z4.o(.data) for SystemCoreClock
    mbed/TARGET_KL25Z/TOOLCHAIN_ARM_STD/analogin_api.o(i.analogin_init) refers to mbed/TARGET_KL25Z/TOOLCHAIN_ARM_STD/analogin_api.o(.conststring) for .conststring
    mbed/TARGET_KL25Z/TOOLCHAIN_ARM_STD/analogin_api.o(i.analogin_read) refers to C:\Keil_v5\ARM\ARMCC\Bin\..\lib\armlib\fz_ps.l(fflti.o)(.text) for __aeabi_ui2f
    mbed/TARGET_KL25Z/TOOLCHAIN_ARM_STD/analogin_api.o(i.analogin_read) refers to C:\Keil_v5\ARM\ARMCC\Bin\..\lib\armlib\fz_ps.l(fmul.o)(x$fpl$fmul) for __aeabi_fmul
    mbed/TARGET_KL25Z/TOOLCHAIN_ARM_STD/analogout_api.o(i.analogout_init) refers to mbed/TARGET_KL25Z/TOOLCHAIN_ARM_STD/mbed.ar(mbed_pinmap_common.o)(i.pinmap_peripheral) for pinmap_peripheral
    mbed/TARGET_KL25Z/TOOLCHAIN_ARM_STD/analogout_api.o(i.analogout_init) refers to mbed/TARGET_KL25Z/TOOLCHAIN_ARM_STD/mbed.ar(mbed_pinmap_common.o)(i.pinmap_pinout) for pinmap_pinout
    mbed/TARGET_KL25Z/TOOLCHAIN_ARM_STD/analogout_api.o(i.analogout_init) refers to mbed/TARGET_KL25Z/TOOLCHAIN_ARM_STD/mbed.ar(mbed_assert.o)(i.mbed_assert_internal) for mbed_assert_internal
    mbed/TARGET_KL25Z/TOOLCHAIN_ARM_STD/analogout_api.o(i.analogout_init) refers to mbed/TARGET_KL25Z/TOOLCHAIN_ARM_STD/PeripheralPins.o(.constdata) for PinMap_DAC
    mbed/TARGET_KL25Z/TOOLCHAIN_ARM_STD/analogout_api.o(i.analogout_init) refers to mbed/TARGET_KL25Z/TOOLCHAIN_ARM_STD/analogout_api.o(.conststring) for .conststring
    mbed/TARGET_KL25Z/TOOLCHAIN_ARM_STD/analogout_api.o(i.analogout_read) refers to C:\Keil_v5\ARM\ARMCC\Bin\..\lib\armlib\fz_ps.l(fflti.o)(.text) for __aeabi_ui2f
    mbed/TARGET_KL25Z/TOOLCHAIN_ARM_STD/analogout_api.o(i.analogout_read) refers to C:\Keil_v5\ARM\ARMCC\Bin\..\lib\armlib\fz_ps.l(fmul.o)(x$fpl$fmul) for __aeabi_fmul
    mbed/TARGET_KL25Z/TOOLCHAIN_ARM_STD/analogout_api.o(i.analogout_write) refers to C:\Keil_v5\ARM\ARMCC\Bin\..\lib\armlib\fz_ps.l(fmul.o)(x$fpl$fmul) for __aeabi_fmul
    mbed/TARGET_KL25Z/TOOLCHAIN_ARM_STD/analogout_api.o(i.analogout_write) refers to C:\Keil_v5\ARM\ARMCC\Bin\..\lib\armlib\fz_ps.l(ffixi.o)(.text) for __aeabi_f2iz
    mbed/TARGET_KL25Z/TOOLCHAIN_ARM_STD/except.o(.text) refers to mbed/TARGET_KL25Z/TOOLCHAIN_ARM_STD/mbed_fault_handler.o(i.mbed_fault_handler) for mbed_fault_handler
    mbed/TARGET_KL25Z/TOOLCHAIN_ARM_STD/except.o(.text) refers to mbed/TARGET_KL25Z/TOOLCHAIN_ARM_STD/mbed_fault_handler.o(.constdata) for mbed_fault_context
    mbed/TARGET_KL25Z/TOOLCHAIN_ARM_STD/gpio_api.o(i.gpio_dir) refers to mbed/TARGET_KL25Z/TOOLCHAIN_ARM_STD/mbed.ar(mbed_assert.o)(i.mbed_assert_internal) for mbed_assert_internal
    mbed/TARGET_KL25Z/TOOLCHAIN_ARM_STD/gpio_api.o(i.gpio_dir) refers to mbed/TARGET_KL25Z/TOOLCHAIN_ARM_STD/gpio_api.o(.conststring) for .conststring
    mbed/TARGET_KL25Z/TOOLCHAIN_ARM_STD/gpio_api.o(i.gpio_init) refers to mbed/TARGET_KL25Z/TOOLCHAIN_ARM_STD/pinmap.o(i.pin_function) for pin_function
    mbed/TARGET_KL25Z/TOOLCHAIN_ARM_STD/gpio_api.o(i.gpio_mode) refers to mbed/TARGET_KL25Z/TOOLCHAIN_ARM_STD/pinmap.o(i.pin_mode) for pin_mode
    mbed/TARGET_KL25Z/TOOLCHAIN_ARM_STD/gpio_api.o(i.gpio_set) refers to mbed/TARGET_KL25Z/TOOLCHAIN_ARM_STD/pinmap.o(i.pin_function) for pin_function
    mbed/TARGET_KL25Z/TOOLCHAIN_ARM_STD/gpio_api.o(i.gpio_set) refers to mbed/TARGET_KL25Z/TOOLCHAIN_ARM_STD/mbed.ar(mbed_assert.o)(i.mbed_assert_internal) for mbed_assert_internal
    mbed/TARGET_KL25Z/TOOLCHAIN_ARM_STD/gpio_api.o(i.gpio_set) refers to mbed/TARGET_KL25Z/TOOLCHAIN_ARM_STD/gpio_api.o(.conststring) for .conststring
    mbed/TARGET_KL25Z/TOOLCHAIN_ARM_STD/gpio_irq_api.o(i.gpio_irqA) refers to mbed/TARGET_KL25Z/TOOLCHAIN_ARM_STD/gpio_irq_api.o(i.handle_interrupt_in) for handle_interrupt_in
[...]
    uart0_irq                                0x00006149   Thumb Code    54  mbed/TARGET_KL25Z/TOOLCHAIN_ARM_STD/serial_api.o(i.uart0_irq)
    uart1_irq                                0x0000618d   Thumb Code    40  mbed/TARGET_KL25Z/TOOLCHAIN_ARM_STD/serial_api.o(i.uart1_irq)
    uart2_irq                                0x000061c1   Thumb Code    40  mbed/TARGET_KL25Z/TOOLCHAIN_ARM_STD/serial_api.o(i.uart2_irq)
    us_ticker_clear_interrupt                0x000062f9   Thumb Code     2  mbed/TARGET_KL25Z/TOOLCHAIN_ARM_STD/us_ticker.o(i.us_ticker_clear_interrupt)
    us_ticker_disable_interrupt              0x000062fd   Thumb Code    12  mbed/TARGET_KL25Z/TOOLCHAIN_ARM_STD/us_ticker.o(i.us_ticker_disable_interrupt)
    us_ticker_fire_interrupt                 0x0000630d   Thumb Code    18  mbed/TARGET_KL25Z/TOOLCHAIN_ARM_STD/us_ticker.o(i.us_ticker_fire_interrupt)
    us_ticker_free                           0x00006329   Thumb Code     2  mbed/TARGET_KL25Z/TOOLCHAIN_ARM_STD/us_ticker.o(i.us_ticker_free)
    us_ticker_get_info                       0x0000632d   Thumb Code     4  mbed/TARGET_KL25Z/TOOLCHAIN_ARM_STD/us_ticker.o(i.us_ticker_get_info)
    us_ticker_init                           0x00006335   Thumb Code   402  mbed/TARGET_KL25Z/TOOLCHAIN_ARM_STD/us_ticker.o(i.us_ticker_init)
    us_ticker_irq_handler                    0x00006505   Thumb Code    14  mbed/TARGET_KL25Z/TOOLCHAIN_ARM_STD/mbed.ar(mbed_us_ticker_api.o)(i.us_ticker_irq_handler)
    us_ticker_read                           0x0000651d   Thumb Code     8  mbed/TARGET_KL25Z/TOOLCHAIN_ARM_STD/us_ticker.o(i.us_ticker_read)
    us_ticker_set_interrupt                  0x00006529   Thumb Code    80  mbed/TARGET_KL25Z/TOOLCHAIN_ARM_STD/us_ticker.o(i.us_ticker_set_interrupt)
    wait                                     0x00006589   Thumb Code    40  mbed/TARGET_KL25Z/TOOLCHAIN_ARM_STD/mbed.ar(mbed_wait_api_no_rtos.o)(i.wait)
    wait_us                                  0x000065b5   Thumb Code    30  mbed/TARGET_KL25Z/TOOLCHAIN_ARM_STD/mbed.ar(mbed_wait_api_no_rtos.o)(i.wait_us)
    write                                    0x000065d3   Thumb Code    56  mbed/TARGET_KL25Z/TOOLCHAIN_ARM_STD/mbed_retarget.o(i.write)
    _get_lc_numeric                          0x0000660d   Thumb Code    44  C:\Keil_v5\ARM\ARMCC\Bin\..\lib\armlib\c_p.l(lc_numeric_c.o)(locale$$code)
    _get_lc_ctype                            0x00006639   Thumb Code    44  C:\Keil_v5\ARM\ARMCC\Bin\..\lib\armlib\c_p.l(lc_ctype_c.o)(locale$$code)
    mbed::Callback<void()>::~Callback()      0x00006665   Thumb Code    20  mbed/TARGET_KL25Z/TOOLCHAIN_ARM_STD/mbed.ar(SerialBase.o)(t._ZN4mbed8CallbackIFvvEED1Ev)
    mbed::Callback<void()>::~Callback__sub_object() 0x00006665   Thumb Code     0  mbed/TARGET_KL25Z/TOOLCHAIN_ARM_STD/mbed.ar(SerialBase.o)(t._ZN4mbed8CallbackIFvvEED1Ev)
    SingletonPtr<PlatformMutex>::operator ->() const 0x00006679   Thumb Code    34  mbed/TARGET_KL25Z/TOOLCHAIN_ARM_STD/mbed.ar(FileBase.o)(t._ZNK12SingletonPtrI13PlatformMutexEptEv)
    __aeabi_fmul                             0x000066a5   Thumb Code     0  C:\Keil_v5\ARM\ARMCC\Bin\..\lib\armlib\fz_ps.l(fmul.o)(x$fpl$fmul)
    _fmul                                    0x000066a5   Thumb Code   172  C:\Keil_v5\ARM\ARMCC\Bin\..\lib\armlib\fz_ps.l(fmul.o)(x$fpl$fmul)
    _printf_fp_dec                           0x00006755   Thumb Code    16  C:\Keil_v5\ARM\ARMCC\Bin\..\lib\armlib\fz_ps.l(printf1.o)(x$fpl$printf1)
    _printf_fp_hex                           0x00006765   Thumb Code    16  C:\Keil_v5\ARM\ARMCC\Bin\..\lib\armlib\fz_ps.l(printf2.o)(x$fpl$printf2)
    __I$use$fp                               0x00006774   Number         0  C:\Keil_v5\ARM\ARMCC\Bin\..\lib\armlib\fz_ps.l(usenofp.o)(x$fpl$usenofp)
    mbed_fault_context                       0x000067fc   Data           4  mbed/TARGET_KL25Z/TOOLCHAIN_ARM_STD/mbed_fault_handler.o(.constdata)
    __stdin_name                             0x00006800   Data           7  mbed/TARGET_KL25Z/TOOLCHAIN_ARM_STD/mbed_retarget.o(.constdata)
    __stdout_name                            0x00006807   Data           8  mbed/TARGET_KL25Z/TOOLCHAIN_ARM_STD/mbed_retarget.o(.constdata)
    __stderr_name                            0x0000680f   Data           8  mbed/TARGET_KL25Z/TOOLCHAIN_ARM_STD/mbed_retarget.o(.constdata)
    PinMap_I2C_SDA                           0x00006828   Data         108  mbed/TARGET_KL25Z/TOOLCHAIN_ARM_STD/PeripheralPins.o(.constdata)
    PinMap_I2C_SCL                           0x00006894   Data          96  mbed/TARGET_KL25Z/TOOLCHAIN_ARM_STD/PeripheralPins.o(.constdata)
    PinMap_UART_TX                           0x000068f4   Data         108  mbed/TARGET_KL25Z/TOOLCHAIN_ARM_STD/PeripheralPins.o(.constdata)
    PinMap_UART_RX                           0x00006960   Data         108  mbed/TARGET_KL25Z/TOOLCHAIN_ARM_STD/PeripheralPins.o(.constdata)
    PinMap_PWM                               0x000069cc   Data         444  mbed/TARGET_KL25Z/TOOLCHAIN_ARM_STD/PeripheralPins.o(.constdata)
    vtable for DirectSerial                  0x00006d74   Data          80  mbed/TARGET_KL25Z/TOOLCHAIN_ARM_STD/mbed_retarget.o(.constdata__ZTV12DirectSerial)
    vtable for mbed::FileHandle              0x00006dc4   Data          80  mbed/TARGET_KL25Z/TOOLCHAIN_ARM_STD/mbed.ar(FileHandle.o)(.constdata__ZTVN4mbed10FileHandleE)
    vtable for mbed::SerialBase              0x00006e14   Data          24  mbed/TARGET_KL25Z/TOOLCHAIN_ARM_STD/mbed.ar(SerialBase.o)(.constdata__ZTVN4mbed10SerialBaseE)
    vtable for mbed::I2C                     0x00006e2c   Data          24  mbed/TARGET_KL25Z/TOOLCHAIN_ARM_STD/mbed.ar(I2C.o)(.constdata__ZTVN4mbed3I2CE)
    vtable for mbed::Serial                  0x00006e44   Data         144  mbed/TARGET_KL25Z/TOOLCHAIN_ARM_STD/mbed.ar(Serial.o)(.constdata__ZTVN4mbed6SerialE)
    vtable for mbed::Stream                  0x00006ed4   Data         112  mbed/TARGET_KL25Z/TOOLCHAIN_ARM_STD/mbed.ar(Stream.o)(.constdata__ZTVN4mbed6StreamE)
    vtable for mbed::FileBase                0x00006f44   Data          16  mbed/TARGET_KL25Z/TOOLCHAIN_ARM_STD/mbed.ar(FileBase.o)(.constdata__ZTVN4mbed8FileBaseE)
    SingletonPtr<PlatformMutex>::get() const::string 0x00006f54   Data          20  mbed/TARGET_KL25Z/TOOLCHAIN_ARM_STD/mbed_retarget.o(.constdata__ZZNK12SingletonPtrI13PlatformMutexE3getEvEs)
    SingletonPtr<PlatformMutex>::get() const::string (instance 2) 0x00006f68   Data          83  mbed/TARGET_KL25Z/TOOLCHAIN_ARM_STD/mbed_retarget.o(.constdata__ZZNK12SingletonPtrI13PlatformMutexE3getEvEs_0)
    Region$$Table$$Base                      0x00007460   Number         0  anon$$obj.o(Region$$Table)
    Region$$Table$$Limit                     0x00007480   Number         0  anon$$obj.o(Region$$Table)
    __ctype                                  0x000074a9   Data           0  C:\Keil_v5\ARM\ARMCC\Bin\..\lib\armlib\c_p.l(lc_ctype_c.o)(locale$$data)
    SHT$$INIT_ARRAY$$Base                    0x000075ac   Number         0  .\build\main.o(.init_array)
    SHT$$INIT_ARRAY$$Limit                   0x000075b0   Number         0  C:\Keil_v5\ARM\ARMCC\Bin\..\lib\armlib\c_p.l(init_aeabi.o)(.init_array)
    stdio_uart_inited                        0x1ffff10c   Data           4  mbed/TARGET_KL25Z/TOOLCHAIN_ARM_STD/serial_api.o(.data)
    stdio_uart                               0x1ffff114   Data           8  mbed/TARGET_KL25Z/TOOLCHAIN_ARM_STD/serial_api.o(.data)
    SystemCoreClock                          0x1ffff11c   Data           4  mbed/TARGET_KL25Z/TOOLCHAIN_ARM_STD/system_MKL25Z4.o(.data)
    mbed::I2C::_owner                        0x1ffff128   Data           4  mbed/TARGET_KL25Z/TOOLCHAIN_ARM_STD/mbed.ar(I2C.o)(.data)
    mbed::FileBase::_head                    0x1ffff164   Data           4  mbed/TARGET_KL25Z/TOOLCHAIN_ARM_STD/mbed.ar(FileBase.o)(.data)
    mbed::FileBase::_default                 0x1ffff168   Data           4  mbed/TARGET_KL25Z/TOOLCHAIN_ARM_STD/mbed.ar(FileBase.o)(.data)
    __aeabi_stdin                            0x1ffff16c   Data           4  C:\Keil_v5\ARM\ARMCC\Bin\..\lib\armlib\c_p.l(stdio_streams.o)(.data)
    __aeabi_stdout                           0x1ffff170   Data           4  C:\Keil_v5\ARM\ARMCC\Bin\..\lib\armlib\c_p.l(stdio_streams.o)(.data)
    __aeabi_stderr                           0x1ffff174   Data           4  C:\Keil_v5\ARM\ARMCC\Bin\..\lib\armlib\c_p.l(stdio_streams.o)(.data)
    fault_context                            0x1ffff17c   Data          84  mbed/TARGET_KL25Z/TOOLCHAIN_ARM_STD/mbed_fault_handler.o(.bss)
    pc                                       0x1ffff324   Data          76  .\build\main.o(.bss)
    mbed::I2C::_mutex                        0x1ffff370   Data          16  mbed/TARGET_KL25Z/TOOLCHAIN_ARM_STD/mbed.ar(I2C.o)(.bss)
    mbed::FileBase::_mutex                   0x1ffff428   Data          16  mbed/TARGET_KL25Z/TOOLCHAIN_ARM_STD/mbed.ar(FileBase.o)(.bss)
    __stdin                                  0x1ffff43c   Data          84  C:\Keil_v5\ARM\ARMCC\Bin\..\lib\armlib\c_p.l(stdio_streams.o)(.bss)
    __stdout                                 0x1ffff490   Data          84  C:\Keil_v5\ARM\ARMCC\Bin\..\lib\armlib\c_p.l(stdio_streams.o)(.bss)
    __stderr                                 0x1ffff4e4   Data          84  C:\Keil_v5\ARM\ARMCC\Bin\..\lib\armlib\c_p.l(stdio_streams.o)(.bss)
    Image$$RW_IRAM1$$ZI$$Limit               0x1ffff550   Number         0  anon$$obj.o ABSOLUTE



==============================================================================

Memory Map of the image

  Image Entry point : 0x000000c1

  Load Region LR_IROM1 (Base: 0x00000000, Size: 0x0000766c, Max: 0x00020000, ABSOLUTE)

    Execution Region ER_IROM1 (Exec base: 0x00000000, Load base: 0x00000000, Size: 0x000075b0, Max: 0x00020000, ABSOLUTE)

    Exec Addr    Load Addr    Size         Type   Attr      Idx    E Section Name        Object

    0x00000000   0x00000000   0x000000c0   Data   RO          613    RESET               mbed/TARGET_KL25Z/TOOLCHAIN_ARM_STD/startup_MKL25Z4.o
    0x000000c0   0x000000c0   0x00000008   Code   RO         2095  * !!!main             C:\Keil_v5\ARM\ARMCC\Bin\..\lib\armlib\c_p.l(__main.o)
    0x000000c8   0x000000c8   0x0000003c   Code   RO         2807    !!!scatter          C:\Keil_v5\ARM\ARMCC\Bin\..\lib\armlib\c_p.l(__scatter.o)
    0x00000104   0x00000104   0x0000001a   Code   RO         2809    !!handler_copy      C:\Keil_v5\ARM\ARMCC\Bin\..\lib\armlib\c_p.l(__scatter_copy.o)
    0x0000011e   0x0000011e   0x00000002   PAD
    0x00000120   0x00000120   0x0000001c   Code   RO         2811    !!handler_zi        C:\Keil_v5\ARM\ARMCC\Bin\..\lib\armlib\c_p.l(__scatter_zi.o)
    0x0000013c   0x0000013c   0x00000002   Code   RO         2366    .ARM.Collect$$_printf_percent$$00000000  C:\Keil_v5\ARM\ARMCC\Bin\..\lib\armlib\c_p.l(_printf_percent.o)
    0x0000013e   0x0000013e   0x0000000a   Code   RO         2355    .ARM.Collect$$_printf_percent$$00000001  C:\Keil_v5\ARM\ARMCC\Bin\..\lib\armlib\c_p.l(_printf_n.o)
    0x00000148   0x00000148   0x0000000a   Code   RO         2357    .ARM.Collect$$_printf_percent$$00000002  C:\Keil_v5\ARM\ARMCC\Bin\..\lib\armlib\c_p.l(_printf_p.o)
    0x00000152   0x00000152   0x0000000a   Code   RO         2362    .ARM.Collect$$_printf_percent$$00000003  C:\Keil_v5\ARM\ARMCC\Bin\..\lib\armlib\c_p.l(_printf_f.o)
    0x0000015c   0x0000015c   0x0000000a   Code   RO         2363    .ARM.Collect$$_printf_percent$$00000004  C:\Keil_v5\ARM\ARMCC\Bin\..\lib\armlib\c_p.l(_printf_e.o)
    0x00000166   0x00000166   0x0000000a   Code   RO         2364    .ARM.Collect$$_printf_percent$$00000005  C:\Keil_v5\ARM\ARMCC\Bin\..\lib\armlib\c_p.l(_printf_g.o)
    0x00000170   0x00000170   0x0000000a   Code   RO         2365    .ARM.Collect$$_printf_percent$$00000006  C:\Keil_v5\ARM\ARMCC\Bin\..\lib\armlib\c_p.l(_printf_a.o)
    0x0000017a   0x0000017a   0x0000000a   Code   RO         2370    .ARM.Collect$$_printf_percent$$00000007  C:\Keil_v5\ARM\ARMCC\Bin\..\lib\armlib\c_p.l(_printf_ll.o)
    0x00000184   0x00000184   0x0000000a   Code   RO         2359    .ARM.Collect$$_printf_percent$$00000008  C:\Keil_v5\ARM\ARMCC\Bin\..\lib\armlib\c_p.l(_printf_i.o)
    0x0000018e   0x0000018e   0x0000000a   Code   RO         2360    .ARM.Collect$$_printf_percent$$00000009  C:\Keil_v5\ARM\ARMCC\Bin\..\lib\armlib\c_p.l(_printf_d.o)
    0x00000198   0x00000198   0x0000000a   Code   RO         2361    .ARM.Collect$$_printf_percent$$0000000A  C:\Keil_v5\ARM\ARMCC\Bin\..\lib\armlib\c_p.l(_printf_u.o)
    0x000001a2   0x000001a2   0x0000000a   Code   RO         2358    .ARM.Collect$$_printf_percent$$0000000B  C:\Keil_v5\ARM\ARMCC\Bin\..\lib\armlib\c_p.l(_printf_o.o)
    0x000001ac   0x000001ac   0x0000000a   Code   RO         2356    .ARM.Collect$$_printf_percent$$0000000C  C:\Keil_v5\ARM\ARMCC\Bin\..\lib\armlib\c_p.l(_printf_x.o)
    0x000001b6   0x000001b6   0x0000000a   Code   RO         2367    .ARM.Collect$$_printf_percent$$0000000D  C:\Keil_v5\ARM\ARMCC\Bin\..\lib\armlib\c_p.l(_printf_lli.o)
    0x000001c0   0x000001c0   0x0000000a   Code   RO         2368    .ARM.Collect$$_printf_percent$$0000000E  C:\Keil_v5\ARM\ARMCC\Bin\..\lib\armlib\c_p.l(_printf_lld.o)
    0x000001ca   0x000001ca   0x0000000a   Code   RO         2369    .ARM.Collect$$_printf_percent$$0000000F  C:\Keil_v5\ARM\ARMCC\Bin\..\lib\armlib\c_p.l(_printf_llu.o)
    0x000001d4   0x000001d4   0x0000000a   Code   RO         2374    .ARM.Collect$$_printf_percent$$00000010  C:\Keil_v5\ARM\ARMCC\Bin\..\lib\armlib\c_p.l(_printf_llo.o)
    0x000001de   0x000001de   0x0000000a   Code   RO         2375    .ARM.Collect$$_printf_percent$$00000011  C:\Keil_v5\ARM\ARMCC\Bin\..\lib\armlib\c_p.l(_printf_llx.o)
    0x000001e8   0x000001e8   0x0000000a   Code   RO         2371    .ARM.Collect$$_printf_percent$$00000012  C:\Keil_v5\ARM\ARMCC\Bin\..\lib\armlib\c_p.l(_printf_l.o)
    0x000001f2   0x000001f2   0x0000000a   Code   RO         2353    .ARM.Collect$$_printf_percent$$00000013  C:\Keil_v5\ARM\ARMCC\Bin\..\lib\armlib\c_p.l(_printf_c.o)
    0x000001fc   0x000001fc   0x0000000a   Code   RO         2354    .ARM.Collect$$_printf_percent$$00000014  C:\Keil_v5\ARM\ARMCC\Bin\..\lib\armlib\c_p.l(_printf_s.o)
    0x00000206   0x00000206   0x0000000a   Code   RO         2372    .ARM.Collect$$_printf_percent$$00000015  C:\Keil_v5\ARM\ARMCC\Bin\..\lib\armlib\c_p.l(_printf_lc.o)
    0x00000210   0x00000210   0x0000000a   Code   RO         2373    .ARM.Collect$$_printf_percent$$00000016  C:\Keil_v5\ARM\ARMCC\Bin\..\lib\armlib\c_p.l(_printf_ls.o)
    0x0000021a   0x0000021a   0x00000004   Code   RO         2543    .ARM.Collect$$_printf_percent$$00000017  C:\Keil_v5\ARM\ARMCC\Bin\..\lib\armlib\c_p.l(_printf_percent_end.o)
    0x0000021e   0x0000021e   0x00000002   Code   RO         2688    .ARM.Collect$$libinit$$00000000  C:\Keil_v5\ARM\ARMCC\Bin\..\lib\armlib\c_p.l(libinit.o)
    0x00000220   0x00000220   0x00000000   Code   RO         2422    .ARM.Collect$$libinit$$00000002  C:\Keil_v5\ARM\ARMCC\Bin\..\lib\armlib\c_p.l(libinit2.o)
    0x00000220   0x00000220   0x00000000   Code   RO         2424    .ARM.Collect$$libinit$$00000004  C:\Keil_v5\ARM\ARMCC\Bin\..\lib\armlib\c_p.l(libinit2.o)
    0x00000220   0x00000220   0x00000008   Code   RO         2425    .ARM.Collect$$libinit$$00000005  C:\Keil_v5\ARM\ARMCC\Bin\..\lib\armlib\c_p.l(libinit2.o)
    0x00000228   0x00000228   0x00000000   Code   RO         2427    .ARM.Collect$$libinit$$0000000A  C:\Keil_v5\ARM\ARMCC\Bin\..\lib\armlib\c_p.l(libinit2.o)
    0x00000228   0x00000228   0x00000000   Code   RO         2429    .ARM.Collect$$libinit$$0000000C  C:\Keil_v5\ARM\ARMCC\Bin\..\lib\armlib\c_p.l(libinit2.o)
    0x00000228   0x00000228   0x00000000   Code   RO         2431    .ARM.Collect$$libinit$$0000000E  C:\Keil_v5\ARM\ARMCC\Bin\..\lib\armlib\c_p.l(libinit2.o)
    0x00000228   0x00000228   0x00000006   Code   RO         2432    .ARM.Collect$$libinit$$0000000F  C:\Keil_v5\ARM\ARMCC\Bin\..\lib\armlib\c_p.l(libinit2.o)
    0x0000022e   0x0000022e   0x00000000   Code   RO         2434    .ARM.Collect$$libinit$$00000011  C:\Keil_v5\ARM\ARMCC\Bin\..\lib\armlib\c_p.l(libinit2.o)
    0x0000022e   0x0000022e   0x0000000c   Code   RO         2435    .ARM.Collect$$libinit$$00000012  C:\Keil_v5\ARM\ARMCC\Bin\..\lib\armlib\c_p.l(libinit2.o)
    0x0000023a   0x0000023a   0x00000000   Code   RO         2436    .ARM.Collect$$libinit$$00000013  C:\Keil_v5\ARM\ARMCC\Bin\..\lib\armlib\c_p.l(libinit2.o)
    0x0000023a   0x0000023a   0x00000000   Code   RO         2438    .ARM.Collect$$libinit$$00000015  C:\Keil_v5\ARM\ARMCC\Bin\..\lib\armlib\c_p.l(libinit2.o)
    0x0000023a   0x0000023a   0x0000000a   Code   RO         2439    .ARM.Collect$$libinit$$00000016  C:\Keil_v5\ARM\ARMCC\Bin\..\lib\armlib\c_p.l(libinit2.o)
    0x00000244   0x00000244   0x00000000   Code   RO         2440    .ARM.Collect$$libinit$$00000017  C:\Keil_v5\ARM\ARMCC\Bin\..\lib\armlib\c_p.l(libinit2.o)
    0x00000244   0x00000244   0x00000000   Code   RO         2442    .ARM.Collect$$libinit$$00000019  C:\Keil_v5\ARM\ARMCC\Bin\..\lib\armlib\c_p.l(libinit2.o)
    0x00000244   0x00000244   0x00000000   Code   RO         2444    .ARM.Collect$$libinit$$0000001B  C:\Keil_v5\ARM\ARMCC\Bin\..\lib\armlib\c_p.l(libinit2.o)
    0x00000244   0x00000244   0x00000000   Code   RO         2446    .ARM.Collect$$libinit$$0000001D  C:\Keil_v5\ARM\ARMCC\Bin\..\lib\armlib\c_p.l(libinit2.o)
    0x00000244   0x00000244   0x00000000   Code   RO         2448    .ARM.Collect$$libinit$$0000001F  C:\Keil_v5\ARM\ARMCC\Bin\..\lib\armlib\c_p.l(libinit2.o)
    0x00000244   0x00000244   0x00000000   Code   RO         2450    .ARM.Collect$$libinit$$00000021  C:\Keil_v5\ARM\ARMCC\Bin\..\lib\armlib\c_p.l(libinit2.o)
    0x00000244   0x00000244   0x00000000   Code   RO         2452    .ARM.Collect$$libinit$$00000023  C:\Keil_v5\ARM\ARMCC\Bin\..\lib\armlib\c_p.l(libinit2.o)
    0x00000244   0x00000244   0x00000004   Code   RO         2453    .ARM.Collect$$libinit$$00000024  C:\Keil_v5\ARM\ARMCC\Bin\..\lib\armlib\c_p.l(libinit2.o)
    0x00000248   0x00000248   0x00000000   Code   RO         2454    .ARM.Collect$$libinit$$00000025  C:\Keil_v5\ARM\ARMCC\Bin\..\lib\armlib\c_p.l(libinit2.o)
    0x00000248   0x00000248   0x00000000   Code   RO         2458    .ARM.Collect$$libinit$$0000002C  C:\Keil_v5\ARM\ARMCC\Bin\..\lib\armlib\c_p.l(libinit2.o)
    0x00000248   0x00000248   0x00000000   Code   RO         2460    .ARM.Collect$$libinit$$0000002E  C:\Keil_v5\ARM\ARMCC\Bin\..\lib\armlib\c_p.l(libinit2.o)
    0x00000248   0x00000248   0x00000000   Code   RO         2462    .ARM.Collect$$libinit$$00000030  C:\Keil_v5\ARM\ARMCC\Bin\..\lib\armlib\c_p.l(libinit2.o)
    0x00000248   0x00000248   0x00000004   Code   RO         2463    .ARM.Collect$$libinit$$00000031  C:\Keil_v5\ARM\ARMCC\Bin\..\lib\armlib\c_p.l(libinit2.o)
    0x0000024c   0x0000024c   0x00000000   Code   RO         2464    .ARM.Collect$$libinit$$00000032  C:\Keil_v5\ARM\ARMCC\Bin\..\lib\armlib\c_p.l(libinit2.o)
    0x0000024c   0x0000024c   0x00000002   Code   RO         2465    .ARM.Collect$$libinit$$00000033  C:\Keil_v5\ARM\ARMCC\Bin\..\lib\armlib\c_p.l(libinit2.o)
    0x0000024e   0x0000024e   0x00000000   Code   RO         2606    .ARM.Collect$$libshutdown$$00000004  C:\Keil_v5\ARM\ARMCC\Bin\..\lib\armlib\c_p.l(libshutdown2.o)
    0x0000024e   0x0000024e   0x00000000   Code   RO         2247    .ARM.Collect$$rtentry$$00000000  C:\Keil_v5\ARM\ARMCC\Bin\..\lib\armlib\c_p.l(__rtentry.o)
    0x0000024e   0x0000024e   0x00000000   Code   RO         2498    .ARM.Collect$$rtentry$$00000002  C:\Keil_v5\ARM\ARMCC\Bin\..\lib\armlib\c_p.l(__rtentry2.o)
    0x0000024e   0x0000024e   0x00000006   Code   RO         2510    .ARM.Collect$$rtentry$$00000004  C:\Keil_v5\ARM\ARMCC\Bin\..\lib\armlib\c_p.l(__rtentry4.o)
    0x00000254   0x00000254   0x00000008   Code   RO         2499    .ARM.Collect$$rtentry$$00000008  C:\Keil_v5\ARM\ARMCC\Bin\..\lib\armlib\c_p.l(__rtentry2.o)
    0x0000025c   0x0000025c   0x00000004   Code   RO         2501    .ARM.Collect$$rtentry$$0000000A  C:\Keil_v5\ARM\ARMCC\Bin\..\lib\armlib\c_p.l(__rtentry2.o)
    0x00000260   0x00000260   0x00000000   Code   RO         2503    .ARM.Collect$$rtentry$$0000000C  C:\Keil_v5\ARM\ARMCC\Bin\..\lib\armlib\c_p.l(__rtentry2.o)
    0x00000260   0x00000260   0x00000008   Code   RO         2504    .ARM.Collect$$rtentry$$0000000D  C:\Keil_v5\ARM\ARMCC\Bin\..\lib\armlib\c_p.l(__rtentry2.o)
    0x00000268   0x00000268   0x00000038   Code   RO         2083    .emb_text           C:\Keil_v5\ARM\ARMCC\Bin\..\lib\armlib\c_p.l(rt_memcpy.o)
    0x000002a0   0x000002a0   0x00000000   Code   RO         2518    .emb_text           C:\Keil_v5\ARM\ARMCC\Bin\..\lib\armlib\c_p.l(maybetermalloc1.o)
    0x000002a0   0x000002a0   0x000000d0   Code   RO           29    .text               mbed/TARGET_KL25Z/TOOLCHAIN_ARM_STD/except.o
    0x00000370   0x00000370   0x0000001c   Code   RO          615    .text               mbed/TARGET_KL25Z/TOOLCHAIN_ARM_STD/startup_MKL25Z4.o
    0x0000038c   0x0000038c   0x00000008   Code   RO         1952    .text               C:\Keil_v5\ARM\ARMCC\Bin\..\lib\armlib\c_p.l(rt_errno_addr.o)
    0x00000394   0x00000394   0x00000062   Code   RO         1961    .text               C:\Keil_v5\ARM\ARMCC\Bin\..\lib\armlib\c_p.l(h1_alloc.o)
    0x000003f6   0x000003f6   0x00000002   PAD
    0x000003f8   0x000003f8   0x00000008   Code   RO         2256    .text               C:\Keil_v5\ARM\ARMCC\Bin\..\lib\armlib\c_p.l(rt_heap_descriptor.o)
    0x00000400   0x00000400   0x00000010   Code   RO          614    .ARM.__at_0x400     mbed/TARGET_KL25Z/TOOLCHAIN_ARM_STD/startup_MKL25Z4.o
    0x00000410   0x00000410   0x0000004c   Code   RO         1963    .text               C:\Keil_v5\ARM\ARMCC\Bin\..\lib\armlib\c_p.l(h1_free.o)
    0x0000045c   0x0000045c   0x00000020   Code   RO         2019    .text               C:\Keil_v5\ARM\ARMCC\Bin\..\lib\armlib\c_p.l(llshl.o)
    0x0000047c   0x0000047c   0x00000022   Code   RO         2021    .text               C:\Keil_v5\ARM\ARMCC\Bin\..\lib\armlib\c_p.l(llushr.o)
    0x0000049e   0x0000049e   0x00000030   Code   RO         2023    .text               C:\Keil_v5\ARM\ARMCC\Bin\..\lib\armlib\c_p.l(llmul.o)
    0x000004ce   0x000004ce   0x00000102   Code   RO         2025    .text               C:\Keil_v5\ARM\ARMCC\Bin\..\lib\armlib\c_p.l(lludiv.o)
    0x000005d0   0x000005d0   0x00000038   Code   RO         2027    .text               C:\Keil_v5\ARM\ARMCC\Bin\..\lib\armlib\c_p.l(vsnprintf.o)
    0x00000608   0x00000608   0x0000000e   Code   RO         2029    .text               C:\Keil_v5\ARM\ARMCC\Bin\..\lib\armlib\c_p.l(c89vfprintf.o)
    0x00000616   0x00000616   0x00000002   PAD
    0x00000618   0x00000618   0x00000068   Code   RO         2037    .text               C:\Keil_v5\ARM\ARMCC\Bin\..\lib\armlib\c_p.l(fflush.o)
    0x00000680   0x00000680   0x000000f4   Code   RO         2051    .text               C:\Keil_v5\ARM\ARMCC\Bin\..\lib\armlib\c_p.l(fseek.o)
    0x00000774   0x00000774   0x000000e8   Code   RO         2053    .text               C:\Keil_v5\ARM\ARMCC\Bin\..\lib\armlib\c_p.l(fopen.o)
    0x0000085c   0x0000085c   0x0000001a   Code   RO         2055    .text               C:\Keil_v5\ARM\ARMCC\Bin\..\lib\armlib\c_p.l(setbuf.o)
    0x00000876   0x00000876   0x00000002   PAD
    0x00000878   0x00000878   0x0000004c   Code   RO         2063    .text               C:\Keil_v5\ARM\ARMCC\Bin\..\lib\armlib\c_p.l(fclose.o)
    0x000008c4   0x000008c4   0x00000020   Code   RO         2077    .text               C:\Keil_v5\ARM\ARMCC\Bin\..\lib\armlib\c_p.l(strspn.o)
    0x000008e4   0x000008e4   0x0000005a   Code   RO         2079    .text               C:\Keil_v5\ARM\ARMCC\Bin\..\lib\armlib\c_p.l(memcmp.o)
    0x0000093e   0x0000093e   0x00000002   PAD
    0x00000940   0x00000940   0x00000044   Code   RO         2081    .text               C:\Keil_v5\ARM\ARMCC\Bin\..\lib\armlib\c_p.l(strlen.o)
    0x00000984   0x00000984   0x00000040   Code   RO         2087    .text               C:\Keil_v5\ARM\ARMCC\Bin\..\lib\armlib\c_p.l(rt_memclr.o)
    0x000009c4   0x000009c4   0x000000a0   Code   RO         2089    .text               C:\Keil_v5\ARM\ARMCC\Bin\..\lib\armlib\c_p.l(strcmpv6m.o)
    0x00000a64   0x00000a64   0x000001e8   Code   RO         2091    .text               C:\Keil_v5\ARM\ARMCC\Bin\..\lib\armlib\c_p.l(aeabi_sdivfast.o)
    0x00000c4c   0x00000c4c   0x00000024   Code   RO         2100    .text               C:\Keil_v5\ARM\ARMCC\Bin\..\lib\armlib\c_p.l(init_aeabi.o)
    0x00000c70   0x00000c70   0x00000022   Code   RO         2212    .text               C:\Keil_v5\ARM\ARMCC\Bin\..\lib\cpplib\cpprt_p.l(aeabi_vec_dtor_noexceptions.o)
    0x00000c92   0x00000c92   0x00000002   PAD
    0x00000c94   0x00000c94   0x0000007c   Code   RO         2218    .text               C:\Keil_v5\ARM\ARMCC\Bin\..\lib\armlib\fz_ps.l(d2f.o)
    0x00000d10   0x00000d10   0x00000448   Code   RO         2220    .text               C:\Keil_v5\ARM\ARMCC\Bin\..\lib\armlib\fz_ps.l(ddiv.o)
    0x00001158   0x00001158   0x00000058   Code   RO         2223    .text               C:\Keil_v5\ARM\ARMCC\Bin\..\lib\armlib\fz_ps.l(dflti.o)
    0x000011b0   0x000011b0   0x00000054   Code   RO         2225    .text               C:\Keil_v5\ARM\ARMCC\Bin\..\lib\armlib\fz_ps.l(f2d.o)
    0x00001204   0x00001204   0x00000160   Code   RO         2227    .text               C:\Keil_v5\ARM\ARMCC\Bin\..\lib\armlib\fz_ps.l(fdiv.o)
    0x00001364   0x00001364   0x0000004c   Code   RO         2230    .text               C:\Keil_v5\ARM\ARMCC\Bin\..\lib\armlib\fz_ps.l(ffixi.o)
    0x000013b0   0x000013b0   0x00000030   Code   RO         2232    .text               C:\Keil_v5\ARM\ARMCC\Bin\..\lib\armlib\fz_ps.l(ffixui.o)
    0x000013e0   0x000013e0   0x0000005e   Code   RO         2234    .text               C:\Keil_v5\ARM\ARMCC\Bin\..\lib\armlib\fz_ps.l(fflti.o)
    0x0000143e   0x0000143e   0x00000002   PAD
    0x00001440   0x00001440   0x00000044   Code   RO         2240    .text               C:\Keil_v5\ARM\ARMCC\Bin\..\lib\armlib\fz_ps.l(fscalbn.o)
    0x00001484   0x00001484   0x00000004   Code   RO         2261    .text               C:\Keil_v5\ARM\ARMCC\Bin\..\lib\armlib\c_p.l(hguard.o)
    0x00001488   0x00001488   0x00000088   Code   RO         2263    .text               C:\Keil_v5\ARM\ARMCC\Bin\..\lib\armlib\c_p.l(init_alloc.o)
    0x00001510   0x00001510   0x0000000e   Code   RO         2267    .text               C:\Keil_v5\ARM\ARMCC\Bin\..\lib\armlib\c_p.l(h1_init.o)
    0x0000151e   0x0000151e   0x0000004e   Code   RO         2283    .text               C:\Keil_v5\ARM\ARMCC\Bin\..\lib\armlib\c_p.l(_printf_pad.o)
    0x0000156c   0x0000156c   0x00000024   Code   RO         2285    .text               C:\Keil_v5\ARM\ARMCC\Bin\..\lib\armlib\c_p.l(_printf_truncate.o)
    0x00001590   0x00001590   0x00000052   Code   RO         2287    .text               C:\Keil_v5\ARM\ARMCC\Bin\..\lib\armlib\c_p.l(_printf_str.o)
    0x000015e2   0x000015e2   0x00000002   PAD
    0x000015e4   0x000015e4   0x0000006c   Code   RO         2289    .text               C:\Keil_v5\ARM\ARMCC\Bin\..\lib\armlib\c_p.l(_printf_dec.o)
    0x00001650   0x00001650   0x00000026   Code   RO         2291    .text               C:\Keil_v5\ARM\ARMCC\Bin\..\lib\armlib\c_p.l(_printf_charcount.o)
    0x00001676   0x00001676   0x00000002   PAD
    0x00001678   0x00001678   0x00000030   Code   RO         2293    .text               C:\Keil_v5\ARM\ARMCC\Bin\..\lib\armlib\c_p.l(_printf_char_common.o)
    0x000016a8   0x000016a8   0x0000000a   Code   RO         2295    .text               C:\Keil_v5\ARM\ARMCC\Bin\..\lib\armlib\c_p.l(_sputc.o)
    0x000016b2   0x000016b2   0x00000010   Code   RO         2297    .text               C:\Keil_v5\ARM\ARMCC\Bin\..\lib\armlib\c_p.l(_snputc.o)
    0x000016c2   0x000016c2   0x00000002   PAD
    0x000016c4   0x000016c4   0x00000028   Code   RO         2299    .text               C:\Keil_v5\ARM\ARMCC\Bin\..\lib\armlib\c_p.l(_printf_char_file.o)
    0x000016ec   0x000016ec   0x000000bc   Code   RO         2301    .text               C:\Keil_v5\ARM\ARMCC\Bin\..\lib\armlib\c_p.l(_printf_wctomb.o)
    0x000017a8   0x000017a8   0x00000070   Code   RO         2304    .text               C:\Keil_v5\ARM\ARMCC\Bin\..\lib\armlib\c_p.l(_printf_longlong_dec.o)
    0x00001818   0x00001818   0x00000070   Code   RO         2310    .text               C:\Keil_v5\ARM\ARMCC\Bin\..\lib\armlib\c_p.l(_printf_oct_int_ll.o)
    0x00001888   0x00001888   0x00000098   Code   RO         2330    .text               C:\Keil_v5\ARM\ARMCC\Bin\..\lib\armlib\c_p.l(_printf_hex_int_ll_ptr.o)
    0x00001920   0x00001920   0x00000188   Code   RO         2350    .text               C:\Keil_v5\ARM\ARMCC\Bin\..\lib\armlib\c_p.l(__printf_flags_ss_wp.o)
    0x00001aa8   0x00001aa8   0x00000008   Code   RO         2394    .text               C:\Keil_v5\ARM\ARMCC\Bin\..\lib\armlib\c_p.l(ferror.o)
    0x00001ab0   0x00001ab0   0x000001f0   Code   RO         2398    .text               C:\Keil_v5\ARM\ARMCC\Bin\..\lib\armlib\c_p.l(flsbuf.o)
    0x00001ca0   0x00001ca0   0x00000042   Code   RO         2400    .text               C:\Keil_v5\ARM\ARMCC\Bin\..\lib\armlib\c_p.l(ftell.o)
    0x00001ce2   0x00001ce2   0x00000002   PAD
    0x00001ce4   0x00001ce4   0x0000004c   Code   RO         2402    .text               C:\Keil_v5\ARM\ARMCC\Bin\..\lib\armlib\c_p.l(setvbuf.o)
    0x00001d30   0x00001d30   0x000000f0   Code   RO         2404    .text               C:\Keil_v5\ARM\ARMCC\Bin\..\lib\armlib\c_p.l(stdio.o)
    0x00001e20   0x00001e20   0x0000013c   Code   RO         2407    .text               C:\Keil_v5\ARM\ARMCC\Bin\..\lib\armlib\c_p.l(initio.o)
    0x00001f5c   0x00001f5c   0x0000000c   Code   RO         2415    .text               C:\Keil_v5\ARM\ARMCC\Bin\..\lib\armlib\c_p.l(defsig_pvfn_outer.o)
    0x00001f68   0x00001f68   0x00000034   Code   RO         2520    .text               C:\Keil_v5\ARM\ARMCC\Bin\..\lib\armlib\c_p.l(h1_extend.o)
    0x00001f9c   0x00001f9c   0x0000007a   Code   RO         2524    .text               C:\Keil_v5\ARM\ARMCC\Bin\..\lib\armlib\c_p.l(lludiv10.o)
    0x00002016   0x00002016   0x000000b0   Code   RO         2528    .text               C:\Keil_v5\ARM\ARMCC\Bin\..\lib\armlib\c_p.l(_printf_intcommon.o)
    0x000020c6   0x000020c6   0x00000002   PAD
    0x000020c8   0x000020c8   0x00000418   Code   RO         2530    .text               C:\Keil_v5\ARM\ARMCC\Bin\..\lib\armlib\c_p.l(_printf_fp_dec.o)
    0x000024e0   0x000024e0   0x000002d8   Code   RO         2532    .text               C:\Keil_v5\ARM\ARMCC\Bin\..\lib\armlib\c_p.l(_printf_fp_hex.o)
    0x000027b8   0x000027b8   0x0000002e   Code   RO         2537    .text               C:\Keil_v5\ARM\ARMCC\Bin\..\lib\armlib\c_p.l(_printf_char.o)
    0x000027e6   0x000027e6   0x0000002e   Code   RO         2541    .text               C:\Keil_v5\ARM\ARMCC\Bin\..\lib\armlib\c_p.l(_printf_wchar.o)
    0x00002814   0x00002814   0x00000040   Code   RO         2578    .text               C:\Keil_v5\ARM\ARMCC\Bin\..\lib\armlib\c_p.l(_wcrtomb.o)
    0x00002854   0x00002854   0x0000000c   Code   RO         2580    .text               C:\Keil_v5\ARM\ARMCC\Bin\..\lib\armlib\c_p.l(defsig_exit.o)
    0x00002860   0x00002860   0x0000000c   Code   RO         2582    .text               C:\Keil_v5\ARM\ARMCC\Bin\..\lib\armlib\c_p.l(defsig_rtred_outer.o)
    0x0000286c   0x0000286c   0x0000000c   Code   RO         2586    .text               C:\Keil_v5\ARM\ARMCC\Bin\..\lib\armlib\c_p.l(defsig_rtmem_outer.o)
    0x00002878   0x00002878   0x00000030   Code   RO         2590    .text               C:\Keil_v5\ARM\ARMCC\Bin\..\lib\armlib\c_p.l(defsig_pvfn_inner.o)
    0x000028a8   0x000028a8   0x00000028   Code   RO         2594    .text               C:\Keil_v5\ARM\ARMCC\Bin\..\lib\armlib\c_p.l(rtudiv10.o)
    0x000028d0   0x000028d0   0x00000050   Code   RO         2596    .text               C:\Keil_v5\ARM\ARMCC\Bin\..\lib\armlib\c_p.l(heapauxa.o)
    0x00002920   0x00002920   0x0000000c   Code   RO         2637    .text               C:\Keil_v5\ARM\ARMCC\Bin\..\lib\armlib\c_p.l(sys_exit.o)
    0x0000292c   0x0000292c   0x00000010   Code   RO         2639    .text               C:\Keil_v5\ARM\ARMCC\Bin\..\lib\armlib\c_p.l(rt_ctype_table.o)
    0x0000293c   0x0000293c   0x00000008   Code   RO         2641    .text               C:\Keil_v5\ARM\ARMCC\Bin\..\lib\armlib\c_p.l(rt_locale.o)
    0x00002944   0x00002944   0x00000088   Code   RO         2653    .text               C:\Keil_v5\ARM\ARMCC\Bin\..\lib\armlib\c_p.l(_printf_fp_infnan.o)
    0x000029cc   0x000029cc   0x000000d8   Code   RO         2655    .text               C:\Keil_v5\ARM\ARMCC\Bin\..\lib\armlib\c_p.l(bigflt0.o)
    0x00002aa4   0x00002aa4   0x00000580   Code   RO         2658    .text               C:\Keil_v5\ARM\ARMCC\Bin\..\lib\armlib\c_p.l(btod.o)
    0x00003024   0x00003024   0x00000034   Code   RO         2671    .text               C:\Keil_v5\ARM\ARMCC\Bin\..\lib\armlib\c_p.l(defsig_general.o)
    0x00003058   0x00003058   0x00000034   Code   RO         2677    .text               C:\Keil_v5\ARM\ARMCC\Bin\..\lib\armlib\c_p.l(defsig_rtred_inner.o)
    0x0000308c   0x0000308c   0x00000050   Code   RO         2679    .text               C:\Keil_v5\ARM\ARMCC\Bin\..\lib\armlib\c_p.l(defsig_rtmem_inner.o)
    0x000030dc   0x000030dc   0x0000000c   Code   RO         2719    .text               C:\Keil_v5\ARM\ARMCC\Bin\..\lib\armlib\c_p.l(sys_wrch.o)
    0x000030e8   0x000030e8   0x00000002   Code   RO         2721    .text               C:\Keil_v5\ARM\ARMCC\Bin\..\lib\armlib\c_p.l(use_no_semi.o)
    0x000030ea   0x000030ea   0x00000000   Code   RO         2723    .text               C:\Keil_v5\ARM\ARMCC\Bin\..\lib\armlib\c_p.l(indicate_semi.o)
    0x000030ea   0x000030ea   0x0000000c   Code   RO          460    i.$Sub$$main        mbed/TARGET_KL25Z/TOOLCHAIN_ARM_STD/mbed_sdk_boot.o
    0x000030f6   0x000030f6   0x0000000c   Code   RO         1395    i.<Func1>           mbed/TARGET_KL25Z/TOOLCHAIN_ARM_STD/mbed.ar(SerialBase.o)
    0x00003102   0x00003102   0x00000010   Code   RO          138    i.NMI_Handler       mbed/TARGET_KL25Z/TOOLCHAIN_ARM_STD/mbed_overrides.o
    0x00003112   0x00003112   0x00000002   PAD
    0x00003114   0x00003114   0x00000098   Code   RO          620    i.SystemInit        mbed/TARGET_KL25Z/TOOLCHAIN_ARM_STD/system_MKL25Z4.o
    0x000031ac   0x000031ac   0x00000090   Code   RO          145    i._Z18reserve_filehandlev  mbed/TARGET_KL25Z/TOOLCHAIN_ARM_STD/mbed_retarget.o
    0x0000323c   0x0000323c   0x0000009c   Code   RO          146    i._Z7get_fhci       mbed/TARGET_KL25Z/TOOLCHAIN_ARM_STD/mbed_retarget.o
    0x000032d8   0x000032d8   0x00000006   Code   RO          389    i._ZN12DirectSerial4seekEli  mbed/TARGET_KL25Z/TOOLCHAIN_ARM_STD/mbed_retarget.o
    0x000032de   0x000032de   0x00000006   Code   RO          392    i._ZN12DirectSerial4sizeEv  mbed/TARGET_KL25Z/TOOLCHAIN_ARM_STD/mbed_retarget.o
    0x000032e4   0x000032e4   0x00000004   Code   RO          398    i._ZN12DirectSerial5closeEv  mbed/TARGET_KL25Z/TOOLCHAIN_ARM_STD/mbed_retarget.o
    0x000032e8   0x000032e8   0x00000024   Code   RO          148    i._ZN12DirectSerial5writeEPKvj  mbed/TARGET_KL25Z/TOOLCHAIN_ARM_STD/mbed_retarget.o
    0x0000330c   0x0000330c   0x00000004   Code   RO          395    i._ZN12DirectSerial6isattyEv  mbed/TARGET_KL25Z/TOOLCHAIN_ARM_STD/mbed_retarget.o
    0x00003310   0x00003310   0x00000002   Code   RO          383    i._ZN12DirectSerialD1Ev  mbed/TARGET_KL25Z/TOOLCHAIN_ARM_STD/mbed_retarget.o
    0x00003312   0x00003312   0x00000002   PAD
    0x00003314   0x00003314   0x0000001c   Code   RO         1122    i._ZN3MMA6wakeupEv  .\build\mma.o
    0x00003330   0x00003330   0x0000001e   Code   RO         1123    i._ZN3MMA8readDataEPct  .\build\mma.o
    0x0000334e   0x0000334e   0x00000002   PAD
    0x00003350   0x00003350   0x00000160   Code   RO         1124    i._ZN3MMA8readDataEPft  .\build\mma.o
    0x000034b0   0x000034b0   0x0000001e   Code   RO         1125    i._ZN3MMA8sendDataEPct  .\build\mma.o
    0x000034ce   0x000034ce   0x00000002   PAD
    0x000034d0   0x000034d0   0x0000003c   Code   RO         1126    i._ZN3MMA8who_am_iEv  .\build\mma.o
    0x0000350c   0x0000350c   0x00000036   Code   RO         1127    i._ZN3MMAC1E7PinNameS0_h  .\build\mma.o
    0x00003542   0x00003542   0x00000032   Code   RO         1549    i._ZN4mbed10FileHandle4sizeEv  mbed/TARGET_KL25Z/TOOLCHAIN_ARM_STD/mbed.ar(FileHandle.o)
    0x00003574   0x00003574   0x00000004   Code   RO          419    i._ZN4mbed10FileHandle4syncEv  mbed/TARGET_KL25Z/TOOLCHAIN_ARM_STD/mbed_retarget.o
    0x00003578   0x00003578   0x00000004   Code   RO         1563    i._ZN4mbed10FileHandle6isattyEv  mbed/TARGET_KL25Z/TOOLCHAIN_ARM_STD/mbed.ar(FileHandle.o)
    0x0000357c   0x0000357c   0x0000000e   Code   RO         1397    i._ZN4mbed10SerialBase10_base_putcEi  mbed/TARGET_KL25Z/TOOLCHAIN_ARM_STD/mbed.ar(SerialBase.o)
    0x0000358a   0x0000358a   0x00000012   Code   RO         1400    i._ZN4mbed10SerialBase12_irq_handlerEj9SerialIrq  mbed/TARGET_KL25Z/TOOLCHAIN_ARM_STD/mbed.ar(SerialBase.o)
    0x0000359c   0x0000359c   0x00000002   Code   RO         1402    i._ZN4mbed10SerialBase4lockEv  mbed/TARGET_KL25Z/TOOLCHAIN_ARM_STD/mbed.ar(SerialBase.o)
    0x0000359e   0x0000359e   0x00000002   Code   RO         1405    i._ZN4mbed10SerialBase6unlockEv  mbed/TARGET_KL25Z/TOOLCHAIN_ARM_STD/mbed.ar(SerialBase.o)
    0x000035a0   0x000035a0   0x00000098   Code   RO         1409    i._ZN4mbed10SerialBaseC1E7PinNameS1_i  mbed/TARGET_KL25Z/TOOLCHAIN_ARM_STD/mbed.ar(SerialBase.o)
    0x00003638   0x00003638   0x00000100   Code   RO         1411    i._ZN4mbed10SerialBaseD1Ev  mbed/TARGET_KL25Z/TOOLCHAIN_ARM_STD/mbed.ar(SerialBase.o)
    0x00003738   0x00003738   0x00000060   Code   RO          153    i._ZN4mbed17remove_filehandleEPNS_10FileHandleE  mbed/TARGET_KL25Z/TOOLCHAIN_ARM_STD/mbed_retarget.o
    0x00003798   0x00003798   0x0000000a   Code   RO          155    i._ZN4mbed26mbed_set_unbuffered_streamEPSt6__FILE  mbed/TARGET_KL25Z/TOOLCHAIN_ARM_STD/mbed_retarget.o
    0x000037a2   0x000037a2   0x00000002   PAD
    0x000037a4   0x000037a4   0x00000030   Code   RO         1274    i._ZN4mbed3I2C4lockEv  mbed/TARGET_KL25Z/TOOLCHAIN_ARM_STD/mbed.ar(I2C.o)
    0x000037d4   0x000037d4   0x00000064   Code   RO         1276    i._ZN4mbed3I2C4readEiPcib  mbed/TARGET_KL25Z/TOOLCHAIN_ARM_STD/mbed.ar(I2C.o)
    0x00003838   0x00003838   0x00000064   Code   RO         1280    i._ZN4mbed3I2C5writeEiPKcib  mbed/TARGET_KL25Z/TOOLCHAIN_ARM_STD/mbed.ar(I2C.o)
    0x0000389c   0x0000389c   0x00000030   Code   RO         1282    i._ZN4mbed3I2C6unlockEv  mbed/TARGET_KL25Z/TOOLCHAIN_ARM_STD/mbed.ar(I2C.o)
    0x000038cc   0x000038cc   0x00000200   Code   RO         1283    i._ZN4mbed3I2C7recoverE7PinNameS1_  mbed/TARGET_KL25Z/TOOLCHAIN_ARM_STD/mbed.ar(I2C.o)
    0x00003acc   0x00003acc   0x00000078   Code   RO         1285    i._ZN4mbed3I2CC1E7PinNameS1_  mbed/TARGET_KL25Z/TOOLCHAIN_ARM_STD/mbed.ar(I2C.o)
    0x00003b44   0x00003b44   0x0000001e   Code   RO          681    i._ZN4mbed6PwmOutC1E7PinName  .\build\main.o
    0x00003b62   0x00003b62   0x00000032   Code   RO          675    i._ZN4mbed6PwmOutaSEf  .\build\main.o
    0x00003b94   0x00003b94   0x00000002   Code   RO         1336    i._ZN4mbed6Serial4lockEv  mbed/TARGET_KL25Z/TOOLCHAIN_ARM_STD/mbed.ar(Serial.o)
    0x00003b96   0x00003b96   0x00000002   Code   RO         1339    i._ZN4mbed6Serial6unlockEv  mbed/TARGET_KL25Z/TOOLCHAIN_ARM_STD/mbed.ar(Serial.o)
    0x00003b98   0x00003b98   0x00000030   Code   RO         1340    i._ZN4mbed6SerialC1E7PinNameS1_PKci  mbed/TARGET_KL25Z/TOOLCHAIN_ARM_STD/mbed.ar(Serial.o)
    0x00003bc8   0x00003bc8   0x00000028   Code   RO         1371    i._ZN4mbed6SerialD1Ev  mbed/TARGET_KL25Z/TOOLCHAIN_ARM_STD/mbed.ar(Serial.o)
    0x00003bf0   0x00003bf0   0x00000002   Code   RO         1678    i._ZN4mbed6Stream4lockEv  mbed/TARGET_KL25Z/TOOLCHAIN_ARM_STD/mbed.ar(Stream.o)
    0x00003bf2   0x00003bf2   0x00000004   Code   RO         1603    i._ZN4mbed6Stream4seekEli  mbed/TARGET_KL25Z/TOOLCHAIN_ARM_STD/mbed.ar(Stream.o)
    0x00003bf6   0x00003bf6   0x00000004   Code   RO         1604    i._ZN4mbed6Stream4sizeEv  mbed/TARGET_KL25Z/TOOLCHAIN_ARM_STD/mbed.ar(Stream.o)
    0x00003bfa   0x00003bfa   0x00000004   Code   RO         1605    i._ZN4mbed6Stream4syncEv  mbed/TARGET_KL25Z/TOOLCHAIN_ARM_STD/mbed.ar(Stream.o)
    0x00003bfe   0x00003bfe   0x00000004   Code   RO         1607    i._ZN4mbed6Stream5closeEv  mbed/TARGET_KL25Z/TOOLCHAIN_ARM_STD/mbed.ar(Stream.o)
    0x00003c02   0x00003c02   0x00000036   Code   RO         1609    i._ZN4mbed6Stream5writeEPKvj  mbed/TARGET_KL25Z/TOOLCHAIN_ARM_STD/mbed.ar(Stream.o)
    0x00003c38   0x00003c38   0x00000004   Code   RO         1610    i._ZN4mbed6Stream6isattyEv  mbed/TARGET_KL25Z/TOOLCHAIN_ARM_STD/mbed.ar(Stream.o)
    0x00003c3c   0x00003c3c   0x00000038   Code   RO         1611    i._ZN4mbed6Stream6printfEPKcz  mbed/TARGET_KL25Z/TOOLCHAIN_ARM_STD/mbed.ar(Stream.o)
    0x00003c74   0x00003c74   0x00000002   Code   RO         1681    i._ZN4mbed6Stream6unlockEv  mbed/TARGET_KL25Z/TOOLCHAIN_ARM_STD/mbed.ar(Stream.o)
    0x00003c76   0x00003c76   0x00000002   PAD
    0x00003c78   0x00003c78   0x00000068   Code   RO         1615    i._ZN4mbed6StreamC2EPKc  mbed/TARGET_KL25Z/TOOLCHAIN_ARM_STD/mbed.ar(Stream.o)
    0x00003ce0   0x00003ce0   0x00000024   Code   RO         1617    i._ZN4mbed6StreamD2Ev  mbed/TARGET_KL25Z/TOOLCHAIN_ARM_STD/mbed.ar(Stream.o)
    0x00003d04   0x00003d04   0x000000ac   Code   RO          157    i._ZN4mbed6fdopenEPNS_10FileHandleEPKc  mbed/TARGET_KL25Z/TOOLCHAIN_ARM_STD/mbed_retarget.o
    0x00003db0   0x00003db0   0x0000009c   Code   RO         1916    i._ZN4mbed8FileBase6lookupEPKcj  mbed/TARGET_KL25Z/TOOLCHAIN_ARM_STD/mbed.ar(FileBase.o)
    0x00003e4c   0x00003e4c   0x00000040   Code   RO         1918    i._ZN4mbed8FileBaseC1EPKcNS_8PathTypeE  mbed/TARGET_KL25Z/TOOLCHAIN_ARM_STD/mbed.ar(FileBase.o)
    0x00003e8c   0x00003e8c   0x00000060   Code   RO         1920    i._ZN4mbed8FileBaseD1Ev  mbed/TARGET_KL25Z/TOOLCHAIN_ARM_STD/mbed.ar(FileBase.o)
    0x00003eec   0x00003eec   0x00000020   Code   RO         1572    i._ZN4mbed8FilePath10fileSystemEv  mbed/TARGET_KL25Z/TOOLCHAIN_ARM_STD/mbed.ar(FilePath.o)
    0x00003f0c   0x00003f0c   0x00000020   Code   RO         1574    i._ZN4mbed8FilePath4fileEv  mbed/TARGET_KL25Z/TOOLCHAIN_ARM_STD/mbed.ar(FilePath.o)
    0x00003f2c   0x00003f2c   0x0000000a   Code   RO         1575    i._ZN4mbed8FilePath6existsEv  mbed/TARGET_KL25Z/TOOLCHAIN_ARM_STD/mbed.ar(FilePath.o)
    0x00003f36   0x00003f36   0x00000018   Code   RO         1576    i._ZN4mbed8FilePath6isFileEv  mbed/TARGET_KL25Z/TOOLCHAIN_ARM_STD/mbed.ar(FilePath.o)
    0x00003f4e   0x00003f4e   0x00000002   PAD
    0x00003f50   0x00003f50   0x00000060   Code   RO         1578    i._ZN4mbed8FilePathC1EPKc  mbed/TARGET_KL25Z/TOOLCHAIN_ARM_STD/mbed.ar(FilePath.o)
    0x00003fb0   0x00003fb0   0x00000002   Code   RO         1342    i._ZThn48_N4mbed6Serial4lockEv  mbed/TARGET_KL25Z/TOOLCHAIN_ARM_STD/mbed.ar(Serial.o)
    0x00003fb2   0x00003fb2   0x0000000a   Code   RO         1344    i._ZThn48_N4mbed6Serial5_putcEi  mbed/TARGET_KL25Z/TOOLCHAIN_ARM_STD/mbed.ar(Serial.o)
    0x00003fbc   0x00003fbc   0x00000002   Code   RO         1345    i._ZThn48_N4mbed6Serial6unlockEv  mbed/TARGET_KL25Z/TOOLCHAIN_ARM_STD/mbed.ar(Serial.o)
    0x00003fbe   0x00003fbe   0x00000030   Code   RO         2660    i.__ARM_common_ll_muluu  C:\Keil_v5\ARM\ARMCC\Bin\..\lib\armlib\c_p.l(btod.o)
    0x00003fee   0x00003fee   0x00000016   Code   RO          121    i.__ARM_common_memcpy1_5  mbed/TARGET_KL25Z/TOOLCHAIN_ARM_STD/mbed_board.o
    0x00004004   0x00004004   0x0000002c   Code   RO         2711    i.__ARM_fpclassify  C:\Keil_v5\ARM\ARMCC\Bin\..\lib\armlib\m_ps.l(fpclassify.o)
    0x00004030   0x00004030   0x00000022   Code   RO         2215    i.__aeabi_vec_ctor_nocookie_nodtor  C:\Keil_v5\ARM\ARMCC\Bin\..\lib\cpplib\cpprt_p.l(aeabi_vec_ctor_nocookie_nodtor.o)
    0x00004052   0x00004052   0x00000002   PAD
    0x00004054   0x00004054   0x00000058   Code   RO          169    i.__cxa_guard_acquire  mbed/TARGET_KL25Z/TOOLCHAIN_ARM_STD/mbed_retarget.o
    0x000040ac   0x000040ac   0x00000068   Code   RO          170    i.__cxa_guard_release  mbed/TARGET_KL25Z/TOOLCHAIN_ARM_STD/mbed_retarget.o
    0x00004114   0x00004114   0x0000000a   Code   RO         2103    i.__cxa_pure_virtual  C:\Keil_v5\ARM\ARMCC\Bin\..\lib\cpplib\cpprt_p.l(pure_virt.o)
    0x0000411e   0x0000411e   0x00000002   PAD
    0x00004120   0x00004120   0x0000002c   Code   RO          652    i.__sti___8_main_cpp_pc  .\build\main.o
    0x0000414c   0x0000414c   0x00000008   Code   RO          171    i.__user_setup_stackheap  mbed/TARGET_KL25Z/TOOLCHAIN_ARM_STD/mbed_retarget.o
    0x00004154   0x00004154   0x0000000e   Code   RO         2343    i._is_digit         C:\Keil_v5\ARM\ARMCC\Bin\..\lib\armlib\c_p.l(__printf_wp.o)
    0x00004162   0x00004162   0x00000002   PAD
    0x00004164   0x00004164   0x00000010   Code   RO          172    i._mbed_user_setup_stackheap  mbed/TARGET_KL25Z/TOOLCHAIN_ARM_STD/mbed_retarget.o
    0x00004174   0x00004174   0x00000020   Code   RO          461    i._platform_post_stackheap_init  mbed/TARGET_KL25Z/TOOLCHAIN_ARM_STD/mbed_sdk_boot.o
    0x00004194   0x00004194   0x00000040   Code   RO          173    i._sys_close        mbed/TARGET_KL25Z/TOOLCHAIN_ARM_STD/mbed_retarget.o
    0x000041d4   0x000041d4   0x00000030   Code   RO          176    i._sys_flen         mbed/TARGET_KL25Z/TOOLCHAIN_ARM_STD/mbed_retarget.o
    0x00004204   0x00004204   0x0000002e   Code   RO          177    i._sys_istty        mbed/TARGET_KL25Z/TOOLCHAIN_ARM_STD/mbed_retarget.o
    0x00004232   0x00004232   0x00000002   PAD
    0x00004234   0x00004234   0x000000c0   Code   RO          178    i._sys_open         mbed/TARGET_KL25Z/TOOLCHAIN_ARM_STD/mbed_retarget.o
    0x000042f4   0x000042f4   0x00000038   Code   RO          180    i._sys_seek         mbed/TARGET_KL25Z/TOOLCHAIN_ARM_STD/mbed_retarget.o
    0x0000432c   0x0000432c   0x0000006c   Code   RO          181    i._sys_write        mbed/TARGET_KL25Z/TOOLCHAIN_ARM_STD/mbed_retarget.o
    0x00004398   0x00004398   0x0000000c   Code   RO         1696    i.core_util_are_interrupts_enabled  mbed/TARGET_KL25Z/TOOLCHAIN_ARM_STD/mbed.ar(mbed_critical.o)
    0x000043a4   0x000043a4   0x00000034   Code   RO         1702    i.core_util_atomic_decr_u16  mbed/TARGET_KL25Z/TOOLCHAIN_ARM_STD/mbed.ar(mbed_critical.o)
    0x000043d8   0x000043d8   0x00000038   Code   RO         1706    i.core_util_atomic_flag_test_and_set  mbed/TARGET_KL25Z/TOOLCHAIN_ARM_STD/mbed.ar(mbed_critical.o)
    0x00004410   0x00004410   0x00000034   Code   RO         1708    i.core_util_atomic_incr_u16  mbed/TARGET_KL25Z/TOOLCHAIN_ARM_STD/mbed.ar(mbed_critical.o)
    0x00004444   0x00004444   0x0000005c   Code   RO         1711    i.core_util_critical_section_enter  mbed/TARGET_KL25Z/TOOLCHAIN_ARM_STD/mbed.ar(mbed_critical.o)
    0x000044a0   0x000044a0   0x00000024   Code   RO         1712    i.core_util_critical_section_exit  mbed/TARGET_KL25Z/TOOLCHAIN_ARM_STD/mbed.ar(mbed_critical.o)
    0x000044c4   0x000044c4   0x0000000c   Code   RO         1714    i.core_util_is_isr_active  mbed/TARGET_KL25Z/TOOLCHAIN_ARM_STD/mbed.ar(mbed_critical.o)
    0x000044d0   0x000044d0   0x00000078   Code   RO          185    i.exit              mbed/TARGET_KL25Z/TOOLCHAIN_ARM_STD/mbed_retarget.o
    0x00004548   0x00004548   0x0000001e   Code   RO         2046    i.fputc             C:\Keil_v5\ARM\ARMCC\Bin\..\lib\armlib\c_p.l(fputc.o)
    0x00004566   0x00004566   0x00000002   PAD
    0x00004568   0x00004568   0x00000008   Code   RO         1535    i.get_us_ticker_data  mbed/TARGET_KL25Z/TOOLCHAIN_ARM_STD/mbed.ar(mbed_us_ticker_api.o)
    0x00004570   0x00004570   0x00000050   Code   RO           33    i.gpio_dir          mbed/TARGET_KL25Z/TOOLCHAIN_ARM_STD/gpio_api.o
    0x000045c0   0x000045c0   0x0000003c   Code   RO           34    i.gpio_init         mbed/TARGET_KL25Z/TOOLCHAIN_ARM_STD/gpio_api.o
    0x000045fc   0x000045fc   0x00000022   Code   RO         1470    i.gpio_init_in      mbed/TARGET_KL25Z/TOOLCHAIN_ARM_STD/mbed.ar(mbed_gpio.o)
    0x0000461e   0x0000461e   0x00000002   PAD
    0x00004620   0x00004620   0x00000080   Code   RO         1472    i.gpio_init_inout   mbed/TARGET_KL25Z/TOOLCHAIN_ARM_STD/mbed.ar(mbed_gpio.o)
    0x000046a0   0x000046a0   0x00000040   Code   RO         1473    i.gpio_init_out     mbed/TARGET_KL25Z/TOOLCHAIN_ARM_STD/mbed.ar(mbed_gpio.o)
    0x000046e0   0x000046e0   0x00000090   Code   RO         1474    i.gpio_init_out_ex  mbed/TARGET_KL25Z/TOOLCHAIN_ARM_STD/mbed.ar(mbed_gpio.o)
    0x00004770   0x00004770   0x0000000e   Code   RO           35    i.gpio_mode         mbed/TARGET_KL25Z/TOOLCHAIN_ARM_STD/gpio_api.o
    0x0000477e   0x0000477e   0x00000002   PAD
    0x00004780   0x00004780   0x00000020   Code   RO         1901    i.hal_critical_section_enter  mbed/TARGET_KL25Z/TOOLCHAIN_ARM_STD/mbed.ar(mbed_critical_section_api.o)
    0x000047a0   0x000047a0   0x0000004c   Code   RO         1902    i.hal_critical_section_exit  mbed/TARGET_KL25Z/TOOLCHAIN_ARM_STD/mbed.ar(mbed_critical_section_api.o)
    0x000047ec   0x000047ec   0x00000058   Code   RO           71    i.i2c_do_write      mbed/TARGET_KL25Z/TOOLCHAIN_ARM_STD/i2c_api.o
    0x00004844   0x00004844   0x00000084   Code   RO           72    i.i2c_frequency     mbed/TARGET_KL25Z/TOOLCHAIN_ARM_STD/i2c_api.o
    0x000048c8   0x000048c8   0x00000130   Code   RO           73    i.i2c_init          mbed/TARGET_KL25Z/TOOLCHAIN_ARM_STD/i2c_api.o
    0x000049f8   0x000049f8   0x00000110   Code   RO           74    i.i2c_read          mbed/TARGET_KL25Z/TOOLCHAIN_ARM_STD/i2c_api.o
    0x00004b08   0x00004b08   0x0000002c   Code   RO           82    i.i2c_stop          mbed/TARGET_KL25Z/TOOLCHAIN_ARM_STD/i2c_api.o
    0x00004b34   0x00004b34   0x00000034   Code   RO           83    i.i2c_wait_end_rx_transfer  mbed/TARGET_KL25Z/TOOLCHAIN_ARM_STD/i2c_api.o
    0x00004b68   0x00004b68   0x000000c4   Code   RO           84    i.i2c_write         mbed/TARGET_KL25Z/TOOLCHAIN_ARM_STD/i2c_api.o
    0x00004c2c   0x00004c2c   0x00000108   Code   RO         1501    i.initialize        mbed/TARGET_KL25Z/TOOLCHAIN_ARM_STD/mbed.ar(mbed_ticker_api.o)
    0x00004d34   0x00004d34   0x00000068   Code   RO          628    i.lptmr_isr         mbed/TARGET_KL25Z/TOOLCHAIN_ARM_STD/us_ticker.o
    0x00004d9c   0x00004d9c   0x000000cc   Code   RO          653    i.main              .\build\main.o
    0x00004e68   0x00004e68   0x00000020   Code   RO         1692    i.mbed_assert_internal  mbed/TARGET_KL25Z/TOOLCHAIN_ARM_STD/mbed.ar(mbed_assert.o)
    0x00004e88   0x00004e88   0x000000e0   Code   RO          107    i.mbed_die          mbed/TARGET_KL25Z/TOOLCHAIN_ARM_STD/mbed_board.o
    0x00004f68   0x00004f68   0x000000ac   Code   RO         1742    i.mbed_error        mbed/TARGET_KL25Z/TOOLCHAIN_ARM_STD/mbed.ar(mbed_error.o)
    0x00005014   0x00005014   0x00000050   Code   RO          108    i.mbed_error_printf  mbed/TARGET_KL25Z/TOOLCHAIN_ARM_STD/mbed_board.o
    0x00005064   0x00005064   0x0000001e   Code   RO          109    i.mbed_error_puts   mbed/TARGET_KL25Z/TOOLCHAIN_ARM_STD/mbed_board.o
    0x00005082   0x00005082   0x00000002   PAD
    0x00005084   0x00005084   0x00000110   Code   RO          125    i.mbed_fault_handler  mbed/TARGET_KL25Z/TOOLCHAIN_ARM_STD/mbed_fault_handler.o
    0x00005194   0x00005194   0x00000008   Code   RO         1781    i.mbed_interface_connected  mbed/TARGET_KL25Z/TOOLCHAIN_ARM_STD/mbed.ar(mbed_interface.o)
    0x0000519c   0x0000519c   0x000000b0   Code   RO          193    i.open              mbed/TARGET_KL25Z/TOOLCHAIN_ARM_STD/mbed_retarget.o
    0x0000524c   0x0000524c   0x00000060   Code   RO          492    i.pin_function      mbed/TARGET_KL25Z/TOOLCHAIN_ARM_STD/pinmap.o
    0x000052ac   0x000052ac   0x0000003c   Code   RO          493    i.pin_mode          mbed/TARGET_KL25Z/TOOLCHAIN_ARM_STD/pinmap.o
    0x000052e8   0x000052e8   0x0000003c   Code   RO         1487    i.pinmap_merge      mbed/TARGET_KL25Z/TOOLCHAIN_ARM_STD/mbed.ar(mbed_pinmap_common.o)
    0x00005324   0x00005324   0x00000060   Code   RO         1488    i.pinmap_peripheral  mbed/TARGET_KL25Z/TOOLCHAIN_ARM_STD/mbed.ar(mbed_pinmap_common.o)
    0x00005384   0x00005384   0x00000060   Code   RO         1489    i.pinmap_pinout     mbed/TARGET_KL25Z/TOOLCHAIN_ARM_STD/mbed.ar(mbed_pinmap_common.o)
    0x000053e4   0x000053e4   0x00000114   Code   RO          127    i.print_context_info  mbed/TARGET_KL25Z/TOOLCHAIN_ARM_STD/mbed_fault_handler.o
    0x000054f8   0x000054f8   0x000001d8   Code   RO         1756    i.print_error_report  mbed/TARGET_KL25Z/TOOLCHAIN_ARM_STD/mbed.ar(mbed_error.o)
    0x000056d0   0x000056d0   0x00000234   Code   RO          518    i.pwmout_init       mbed/TARGET_KL25Z/TOOLCHAIN_ARM_STD/pwmout_api.o
    0x00005904   0x00005904   0x0000008c   Code   RO          521    i.pwmout_period_us  mbed/TARGET_KL25Z/TOOLCHAIN_ARM_STD/pwmout_api.o
    0x00005990   0x00005990   0x0000003c   Code   RO          526    i.pwmout_write      mbed/TARGET_KL25Z/TOOLCHAIN_ARM_STD/pwmout_api.o
    0x000059cc   0x000059cc   0x00000134   Code   RO         1502    i.schedule_interrupt  mbed/TARGET_KL25Z/TOOLCHAIN_ARM_STD/mbed.ar(mbed_ticker_api.o)
    0x00005b00   0x00005b00   0x0000000c   Code   RO         1809    i.semihost_connected  mbed/TARGET_KL25Z/TOOLCHAIN_ARM_STD/mbed.ar(mbed_semihost_api.o)
    0x00005b0c   0x00005b0c   0x0000000c   Code   RO         1811    i.semihost_exit     mbed/TARGET_KL25Z/TOOLCHAIN_ARM_STD/mbed.ar(mbed_semihost_api.o)
    0x00005b18   0x00005b18   0x00000180   Code   RO          543    i.serial_baud       mbed/TARGET_KL25Z/TOOLCHAIN_ARM_STD/serial_api.o
    0x00005c98   0x00005c98   0x000000cc   Code   RO          547    i.serial_format     mbed/TARGET_KL25Z/TOOLCHAIN_ARM_STD/serial_api.o
    0x00005d64   0x00005d64   0x0000018c   Code   RO          550    i.serial_init       mbed/TARGET_KL25Z/TOOLCHAIN_ARM_STD/serial_api.o
    0x00005ef0   0x00005ef0   0x00000018   Code   RO          551    i.serial_irq_handler  mbed/TARGET_KL25Z/TOOLCHAIN_ARM_STD/serial_api.o
    0x00005f08   0x00005f08   0x000000d4   Code   RO          552    i.serial_irq_set    mbed/TARGET_KL25Z/TOOLCHAIN_ARM_STD/serial_api.o
    0x00005fdc   0x00005fdc   0x00000024   Code   RO          554    i.serial_putc       mbed/TARGET_KL25Z/TOOLCHAIN_ARM_STD/serial_api.o
    0x00006000   0x00006000   0x00000068   Code   RO         1834    i.sleep_manager_lock_deep_sleep_internal  mbed/TARGET_KL25Z/TOOLCHAIN_ARM_STD/mbed.ar(mbed_sleep_manager.o)
    0x00006068   0x00006068   0x00000058   Code   RO         1836    i.sleep_manager_unlock_deep_sleep_internal  mbed/TARGET_KL25Z/TOOLCHAIN_ARM_STD/mbed.ar(mbed_sleep_manager.o)
    0x000060c0   0x000060c0   0x00000068   Code   RO         1506    i.ticker_irq_handler  mbed/TARGET_KL25Z/TOOLCHAIN_ARM_STD/mbed.ar(mbed_ticker_api.o)
    0x00006128   0x00006128   0x0000001e   Code   RO         1507    i.ticker_read       mbed/TARGET_KL25Z/TOOLCHAIN_ARM_STD/mbed.ar(mbed_ticker_api.o)
    0x00006146   0x00006146   0x00000002   PAD
    0x00006148   0x00006148   0x00000044   Code   RO          557    i.uart0_irq         mbed/TARGET_KL25Z/TOOLCHAIN_ARM_STD/serial_api.o
    0x0000618c   0x0000618c   0x00000034   Code   RO          558    i.uart1_irq         mbed/TARGET_KL25Z/TOOLCHAIN_ARM_STD/serial_api.o
    0x000061c0   0x000061c0   0x00000034   Code   RO          559    i.uart2_irq         mbed/TARGET_KL25Z/TOOLCHAIN_ARM_STD/serial_api.o
    0x000061f4   0x000061f4   0x00000104   Code   RO         1513    i.update_present_time  mbed/TARGET_KL25Z/TOOLCHAIN_ARM_STD/mbed.ar(mbed_ticker_api.o)
    0x000062f8   0x000062f8   0x00000002   Code   RO          629    i.us_ticker_clear_interrupt  mbed/TARGET_KL25Z/TOOLCHAIN_ARM_STD/us_ticker.o
    0x000062fa   0x000062fa   0x00000002   PAD
    0x000062fc   0x000062fc   0x00000010   Code   RO          630    i.us_ticker_disable_interrupt  mbed/TARGET_KL25Z/TOOLCHAIN_ARM_STD/us_ticker.o
    0x0000630c   0x0000630c   0x0000001c   Code   RO          631    i.us_ticker_fire_interrupt  mbed/TARGET_KL25Z/TOOLCHAIN_ARM_STD/us_ticker.o
    0x00006328   0x00006328   0x00000002   Code   RO          632    i.us_ticker_free    mbed/TARGET_KL25Z/TOOLCHAIN_ARM_STD/us_ticker.o
    0x0000632a   0x0000632a   0x00000002   PAD
    0x0000632c   0x0000632c   0x00000008   Code   RO          633    i.us_ticker_get_info  mbed/TARGET_KL25Z/TOOLCHAIN_ARM_STD/us_ticker.o
    0x00006334   0x00006334   0x000001d0   Code   RO          634    i.us_ticker_init    mbed/TARGET_KL25Z/TOOLCHAIN_ARM_STD/us_ticker.o
    0x00006504   0x00006504   0x00000018   Code   RO         1537    i.us_ticker_irq_handler  mbed/TARGET_KL25Z/TOOLCHAIN_ARM_STD/mbed.ar(mbed_us_ticker_api.o)
    0x0000651c   0x0000651c   0x0000000c   Code   RO          635    i.us_ticker_read    mbed/TARGET_KL25Z/TOOLCHAIN_ARM_STD/us_ticker.o
    0x00006528   0x00006528   0x00000060   Code   RO          636    i.us_ticker_set_interrupt  mbed/TARGET_KL25Z/TOOLCHAIN_ARM_STD/us_ticker.o
    0x00006588   0x00006588   0x0000002c   Code   RO         1851    i.wait              mbed/TARGET_KL25Z/TOOLCHAIN_ARM_STD/mbed.ar(mbed_wait_api_no_rtos.o)
    0x000065b4   0x000065b4   0x0000001e   Code   RO         1853    i.wait_us           mbed/TARGET_KL25Z/TOOLCHAIN_ARM_STD/mbed.ar(mbed_wait_api_no_rtos.o)
    0x000065d2   0x000065d2   0x00000038   Code   RO          208    i.write             mbed/TARGET_KL25Z/TOOLCHAIN_ARM_STD/mbed_retarget.o
    0x0000660a   0x0000660a   0x00000002   PAD
    0x0000660c   0x0000660c   0x0000002c   Code   RO         2665    locale$$code        C:\Keil_v5\ARM\ARMCC\Bin\..\lib\armlib\c_p.l(lc_numeric_c.o)
    0x00006638   0x00006638   0x0000002c   Code   RO         2735    locale$$code        C:\Keil_v5\ARM\ARMCC\Bin\..\lib\armlib\c_p.l(lc_ctype_c.o)
    0x00006664   0x00006664   0x00000014   Code   RO         1461    t._ZN4mbed8CallbackIFvvEED1Ev  mbed/TARGET_KL25Z/TOOLCHAIN_ARM_STD/mbed.ar(SerialBase.o)
    0x00006678   0x00006678   0x0000002c   Code   RO         1943    t._ZNK12SingletonPtrI13PlatformMutexEptEv  mbed/TARGET_KL25Z/TOOLCHAIN_ARM_STD/mbed.ar(FileBase.o)
    0x000066a4   0x000066a4   0x000000b0   Code   RO         2238    x$fpl$fmul          C:\Keil_v5\ARM\ARMCC\Bin\..\lib\armlib\fz_ps.l(fmul.o)
    0x00006754   0x00006754   0x00000010   Code   RO         2486    x$fpl$printf1       C:\Keil_v5\ARM\ARMCC\Bin\..\lib\armlib\fz_ps.l(printf1.o)
    0x00006764   0x00006764   0x00000010   Code   RO         2488    x$fpl$printf2       C:\Keil_v5\ARM\ARMCC\Bin\..\lib\armlib\fz_ps.l(printf2.o)
    0x00006774   0x00006774   0x00000000   Code   RO         2496    x$fpl$usenofp       C:\Keil_v5\ARM\ARMCC\Bin\..\lib\armlib\fz_ps.l(usenofp.o)
    0x00006774   0x00006774   0x00000080   Data   RO           85    .constdata          mbed/TARGET_KL25Z/TOOLCHAIN_ARM_STD/i2c_api.o
    0x000067f4   0x000067f4   0x00000005   Data   RO          112    .constdata          mbed/TARGET_KL25Z/TOOLCHAIN_ARM_STD/mbed_board.o
    0x000067f9   0x000067f9   0x00000003   PAD
    0x000067fc   0x000067fc   0x00000004   Data   RO          129    .constdata          mbed/TARGET_KL25Z/TOOLCHAIN_ARM_STD/mbed_fault_handler.o
    0x00006800   0x00006800   0x00000028   Data   RO          275    .constdata          mbed/TARGET_KL25Z/TOOLCHAIN_ARM_STD/mbed_retarget.o
    0x00006828   0x00006828   0x0000006c   Data   RO          479    .constdata          mbed/TARGET_KL25Z/TOOLCHAIN_ARM_STD/PeripheralPins.o
    0x00006894   0x00006894   0x00000060   Data   RO          480    .constdata          mbed/TARGET_KL25Z/TOOLCHAIN_ARM_STD/PeripheralPins.o
    0x000068f4   0x000068f4   0x0000006c   Data   RO          481    .constdata          mbed/TARGET_KL25Z/TOOLCHAIN_ARM_STD/PeripheralPins.o
    0x00006960   0x00006960   0x0000006c   Data   RO          482    .constdata          mbed/TARGET_KL25Z/TOOLCHAIN_ARM_STD/PeripheralPins.o
    0x000069cc   0x000069cc   0x000001bc   Data   RO          487    .constdata          mbed/TARGET_KL25Z/TOOLCHAIN_ARM_STD/PeripheralPins.o
    0x00006b88   0x00006b88   0x00000008   Data   RO          637    .constdata          mbed/TARGET_KL25Z/TOOLCHAIN_ARM_STD/us_ticker.o
    0x00006b90   0x00006b90   0x00000020   Data   RO         1539    .constdata          mbed/TARGET_KL25Z/TOOLCHAIN_ARM_STD/mbed.ar(mbed_us_ticker_api.o)
    0x00006bb0   0x00006bb0   0x00000008   Data   RO         1540    .constdata          mbed/TARGET_KL25Z/TOOLCHAIN_ARM_STD/mbed.ar(mbed_us_ticker_api.o)
    0x00006bb8   0x00006bb8   0x00000080   Data   RO         2221    .constdata          C:\Keil_v5\ARM\ARMCC\Bin\..\lib\armlib\fz_ps.l(ddiv.o)
    0x00006c38   0x00006c38   0x00000040   Data   RO         2228    .constdata          C:\Keil_v5\ARM\ARMCC\Bin\..\lib\armlib\fz_ps.l(fdiv.o)
    0x00006c78   0x00006c78   0x00000008   Data   RO         2302    .constdata          C:\Keil_v5\ARM\ARMCC\Bin\..\lib\armlib\c_p.l(_printf_wctomb.o)
    0x00006c80   0x00006c80   0x00000028   Data   RO         2331    .constdata          C:\Keil_v5\ARM\ARMCC\Bin\..\lib\armlib\c_p.l(_printf_hex_int_ll_ptr.o)
    0x00006ca8   0x00006ca8   0x00000011   Data   RO         2351    .constdata          C:\Keil_v5\ARM\ARMCC\Bin\..\lib\armlib\c_p.l(__printf_flags_ss_wp.o)
    0x00006cb9   0x00006cb9   0x00000026   Data   RO         2533    .constdata          C:\Keil_v5\ARM\ARMCC\Bin\..\lib\armlib\c_p.l(_printf_fp_hex.o)
    0x00006cdf   0x00006cdf   0x00000001   PAD
    0x00006ce0   0x00006ce0   0x00000094   Data   RO         2656    .constdata          C:\Keil_v5\ARM\ARMCC\Bin\..\lib\armlib\c_p.l(bigflt0.o)
    0x00006d74   0x00006d74   0x00000050   Data   RO          378    .constdata__ZTV12DirectSerial  mbed/TARGET_KL25Z/TOOLCHAIN_ARM_STD/mbed_retarget.o
    0x00006dc4   0x00006dc4   0x00000050   Data   RO         1556    .constdata__ZTVN4mbed10FileHandleE  mbed/TARGET_KL25Z/TOOLCHAIN_ARM_STD/mbed.ar(FileHandle.o)
    0x00006e14   0x00006e14   0x00000018   Data   RO         1458    .constdata__ZTVN4mbed10SerialBaseE  mbed/TARGET_KL25Z/TOOLCHAIN_ARM_STD/mbed.ar(SerialBase.o)
    0x00006e2c   0x00006e2c   0x00000018   Data   RO         1323    .constdata__ZTVN4mbed3I2CE  mbed/TARGET_KL25Z/TOOLCHAIN_ARM_STD/mbed.ar(I2C.o)
    0x00006e44   0x00006e44   0x00000090   Data   RO         1369    .constdata__ZTVN4mbed6SerialE  mbed/TARGET_KL25Z/TOOLCHAIN_ARM_STD/mbed.ar(Serial.o)
    0x00006ed4   0x00006ed4   0x00000070   Data   RO         1677    .constdata__ZTVN4mbed6StreamE  mbed/TARGET_KL25Z/TOOLCHAIN_ARM_STD/mbed.ar(Stream.o)
    0x00006f44   0x00006f44   0x00000010   Data   RO         1942    .constdata__ZTVN4mbed8FileBaseE  mbed/TARGET_KL25Z/TOOLCHAIN_ARM_STD/mbed.ar(FileBase.o)
    0x00006f54   0x00006f54   0x00000014   Data   RO          381    .constdata__ZZNK12SingletonPtrI13PlatformMutexE3getEvEs  mbed/TARGET_KL25Z/TOOLCHAIN_ARM_STD/mbed_retarget.o
    0x00006f68   0x00006f68   0x00000053   Data   RO          382    .constdata__ZZNK12SingletonPtrI13PlatformMutexE3getEvEs_0  mbed/TARGET_KL25Z/TOOLCHAIN_ARM_STD/mbed_retarget.o
    0x00006fbb   0x00006fbb   0x00000001   PAD
    0x00006fbc   0x00006fbc   0x00000060   Data   RO           37    .conststring        mbed/TARGET_KL25Z/TOOLCHAIN_ARM_STD/gpio_api.o
    0x0000701c   0x0000701c   0x0000005f   Data   RO           86    .conststring        mbed/TARGET_KL25Z/TOOLCHAIN_ARM_STD/i2c_api.o
    0x0000707b   0x0000707b   0x00000001   PAD
    0x0000707c   0x0000707c   0x00000049   Data   RO          130    .conststring        mbed/TARGET_KL25Z/TOOLCHAIN_ARM_STD/mbed_fault_handler.o
    0x000070c5   0x000070c5   0x00000003   PAD
    0x000070c8   0x000070c8   0x0000004b   Data   RO          276    .conststring        mbed/TARGET_KL25Z/TOOLCHAIN_ARM_STD/mbed_retarget.o
    0x00007113   0x00007113   0x00000001   PAD
    0x00007114   0x00007114   0x0000005e   Data   RO          494    .conststring        mbed/TARGET_KL25Z/TOOLCHAIN_ARM_STD/pinmap.o
    0x00007172   0x00007172   0x00000002   PAD
    0x00007174   0x00007174   0x00000062   Data   RO          527    .conststring        mbed/TARGET_KL25Z/TOOLCHAIN_ARM_STD/pwmout_api.o
    0x000071d6   0x000071d6   0x00000002   PAD
    0x000071d8   0x000071d8   0x000000bb   Data   RO          561    .conststring        mbed/TARGET_KL25Z/TOOLCHAIN_ARM_STD/serial_api.o
    0x00007293   0x00007293   0x00000001   PAD
    0x00007294   0x00007294   0x00000046   Data   RO         1514    .conststring        mbed/TARGET_KL25Z/TOOLCHAIN_ARM_STD/mbed.ar(mbed_ticker_api.o)
    0x000072da   0x000072da   0x00000002   PAD
    0x000072dc   0x000072dc   0x00000046   Data   RO         1586    .conststring        mbed/TARGET_KL25Z/TOOLCHAIN_ARM_STD/mbed.ar(FilePath.o)
    0x00007322   0x00007322   0x00000002   PAD
    0x00007324   0x00007324   0x00000049   Data   RO         1715    .conststring        mbed/TARGET_KL25Z/TOOLCHAIN_ARM_STD/mbed.ar(mbed_critical.o)
    0x0000736d   0x0000736d   0x00000003   PAD
    0x00007370   0x00007370   0x000000a0   Data   RO         1758    .conststring        mbed/TARGET_KL25Z/TOOLCHAIN_ARM_STD/mbed.ar(mbed_error.o)
    0x00007410   0x00007410   0x00000050   Data   RO         1904    .conststring        mbed/TARGET_KL25Z/TOOLCHAIN_ARM_STD/mbed.ar(mbed_critical_section_api.o)
    0x00007460   0x00007460   0x00000020   Data   RO         2806    Region$$Table       anon$$obj.o
    0x00007480   0x00007480   0x0000001c   Data   RO         2664    locale$$data        C:\Keil_v5\ARM\ARMCC\Bin\..\lib\armlib\c_p.l(lc_numeric_c.o)
    0x0000749c   0x0000749c   0x00000110   Data   RO         2734    locale$$data        C:\Keil_v5\ARM\ARMCC\Bin\..\lib\armlib\c_p.l(lc_ctype_c.o)
    0x000075ac   0x000075ac   0x00000004   Data   RO          657    .init_array         .\build\main.o
    0x000075b0   0x000075ac   0x00000000   Data   RO         2098    .init_array         C:\Keil_v5\ARM\ARMCC\Bin\..\lib\armlib\c_p.l(init_aeabi.o)


    Execution Region RW_IRAM1 (Exec base: 0x1ffff0c0, Load base: 0x000075b0, Size: 0x00000490, Max: 0x00003f40, ABSOLUTE)

    Exec Addr    Load Addr    Size         Type   Attr      Idx    E Section Name        Object

    0x1ffff0c0   0x000075b0   0x00000048   Data   RW          279    .data               mbed/TARGET_KL25Z/TOOLCHAIN_ARM_STD/mbed_retarget.o
    0x1ffff108   0x000075f8   0x00000004   Data   RW          528    .data               mbed/TARGET_KL25Z/TOOLCHAIN_ARM_STD/pwmout_api.o
    0x1ffff10c   0x000075fc   0x00000010   Data   RW          562    .data               mbed/TARGET_KL25Z/TOOLCHAIN_ARM_STD/serial_api.o
    0x1ffff11c   0x0000760c   0x00000004   Data   RW          621    .data               mbed/TARGET_KL25Z/TOOLCHAIN_ARM_STD/system_MKL25Z4.o
    0x1ffff120   0x00007610   0x00000008   Data   RW          638    .data               mbed/TARGET_KL25Z/TOOLCHAIN_ARM_STD/us_ticker.o
    0x1ffff128   0x00007618   0x00000004   Data   RW         1299    .data               mbed/TARGET_KL25Z/TOOLCHAIN_ARM_STD/mbed.ar(I2C.o)
    0x1ffff12c   0x0000761c   0x00000004   Data   RW         1541    .data               mbed/TARGET_KL25Z/TOOLCHAIN_ARM_STD/mbed.ar(mbed_us_ticker_api.o)
    0x1ffff130   0x00007620   0x00000004   Data   RW         1716    .data               mbed/TARGET_KL25Z/TOOLCHAIN_ARM_STD/mbed.ar(mbed_critical.o)
    0x1ffff134   0x00007624   0x0000000c   Data   RW         1759    .data               mbed/TARGET_KL25Z/TOOLCHAIN_ARM_STD/mbed.ar(mbed_error.o)
    0x1ffff140   0x00007630   0x00000004   Data   RW         1816    .data               mbed/TARGET_KL25Z/TOOLCHAIN_ARM_STD/mbed.ar(mbed_semihost_api.o)
    0x1ffff144   0x00007634   0x00000004   PAD
    0x1ffff148   0x00007638   0x00000018   Data   RW         1837    .data               mbed/TARGET_KL25Z/TOOLCHAIN_ARM_STD/mbed.ar(mbed_sleep_manager.o)
    0x1ffff160   0x00007650   0x00000002   Data   RW         1905    .data               mbed/TARGET_KL25Z/TOOLCHAIN_ARM_STD/mbed.ar(mbed_critical_section_api.o)
    0x1ffff162   0x00007652   0x00000002   PAD
    0x1ffff164   0x00007654   0x00000008   Data   RW         1930    .data               mbed/TARGET_KL25Z/TOOLCHAIN_ARM_STD/mbed.ar(FileBase.o)
    0x1ffff16c   0x0000765c   0x00000004   Data   RW         2060    .data               C:\Keil_v5\ARM\ARMCC\Bin\..\lib\armlib\c_p.l(stdio_streams.o)
    0x1ffff170   0x00007660   0x00000004   Data   RW         2061    .data               C:\Keil_v5\ARM\ARMCC\Bin\..\lib\armlib\c_p.l(stdio_streams.o)
    0x1ffff174   0x00007664   0x00000004   Data   RW         2062    .data               C:\Keil_v5\ARM\ARMCC\Bin\..\lib\armlib\c_p.l(stdio_streams.o)
    0x1ffff178   0x00007668   0x00000004   Data   RW         2597    .data               C:\Keil_v5\ARM\ARMCC\Bin\..\lib\armlib\c_p.l(heapauxa.o)
    0x1ffff17c        -       0x00000054   Zero   RW          128    .bss                mbed/TARGET_KL25Z/TOOLCHAIN_ARM_STD/mbed_fault_handler.o
    0x1ffff1d0        -       0x00000148   Zero   RW          274    .bss                mbed/TARGET_KL25Z/TOOLCHAIN_ARM_STD/mbed_retarget.o
    0x1ffff318        -       0x0000000c   Zero   RW          560    .bss                mbed/TARGET_KL25Z/TOOLCHAIN_ARM_STD/serial_api.o
    0x1ffff324        -       0x0000004c   Zero   RW          656    .bss                .\build\main.o
    0x1ffff370        -       0x00000010   Zero   RW         1298    .bss                mbed/TARGET_KL25Z/TOOLCHAIN_ARM_STD/mbed.ar(I2C.o)
    0x1ffff380        -       0x00000040   Zero   RW         1538    .bss                mbed/TARGET_KL25Z/TOOLCHAIN_ARM_STD/mbed.ar(mbed_us_ticker_api.o)
    0x1ffff3c0        -       0x00000068   Zero   RW         1757    .bss                mbed/TARGET_KL25Z/TOOLCHAIN_ARM_STD/mbed.ar(mbed_error.o)
    0x1ffff428        -       0x00000010   Zero   RW         1929    .bss                mbed/TARGET_KL25Z/TOOLCHAIN_ARM_STD/mbed.ar(FileBase.o)
    0x1ffff438        -       0x00000004   Zero   RW         1953    .bss                C:\Keil_v5\ARM\ARMCC\Bin\..\lib\armlib\c_p.l(rt_errno_addr.o)
    0x1ffff43c        -       0x00000054   Zero   RW         2057    .bss                C:\Keil_v5\ARM\ARMCC\Bin\..\lib\armlib\c_p.l(stdio_streams.o)
    0x1ffff490        -       0x00000054   Zero   RW         2058    .bss                C:\Keil_v5\ARM\ARMCC\Bin\..\lib\armlib\c_p.l(stdio_streams.o)
    0x1ffff4e4        -       0x00000054   Zero   RW         2059    .bss                C:\Keil_v5\ARM\ARMCC\Bin\..\lib\armlib\c_p.l(stdio_streams.o)
    0x1ffff538        -       0x00000004   Zero   RW         2257    .bss                C:\Keil_v5\ARM\ARMCC\Bin\..\lib\armlib\c_p.l(rt_heap_descriptor.o)
    0x1ffff53c        -       0x00000014   Zero   RW         2642    .bss                C:\Keil_v5\ARM\ARMCC\Bin\..\lib\armlib\c_p.l(rt_locale.o)


==============================================================================

Image component sizes


      Code (inc. data)   RO Data    RW Data    ZI Data      Debug   Object Name

         0          0        864          0          0          0   mbed/TARGET_KL25Z/TOOLCHAIN_ARM_STD/PeripheralPins.o
       208         30          0          0          0        132   mbed/TARGET_KL25Z/TOOLCHAIN_ARM_STD/except.o
       154         34         96          0          0        208   mbed/TARGET_KL25Z/TOOLCHAIN_ARM_STD/gpio_api.o
      1088         82        223          0          0        556   mbed/TARGET_KL25Z/TOOLCHAIN_ARM_STD/i2c_api.o
       328         78          4          0         76     124764   .\build\main.o
       356         96          5          0          0        288   mbed/TARGET_KL25Z/TOOLCHAIN_ARM_STD/mbed_board.o
       548        314         77          0         84        144   mbed/TARGET_KL25Z/TOOLCHAIN_ARM_STD/mbed_fault_handler.o
        16          0          0          0          0         72   mbed/TARGET_KL25Z/TOOLCHAIN_ARM_STD/mbed_overrides.o
      1722        272        298         72        328       1752   mbed/TARGET_KL25Z/TOOLCHAIN_ARM_STD/mbed_retarget.o
        44          8          0          0          0        140   mbed/TARGET_KL25Z/TOOLCHAIN_ARM_STD/mbed_sdk_boot.o
       554         32          0          0          0      21936   .\build\mma.o
       156         60         94          0          0        140   mbed/TARGET_KL25Z/TOOLCHAIN_ARM_STD/pinmap.o
       764         94         98          4          0        232   mbed/TARGET_KL25Z/TOOLCHAIN_ARM_STD/pwmout_api.o
      1428        244        187         16         12        680   mbed/TARGET_KL25Z/TOOLCHAIN_ARM_STD/serial_api.o
        44         24        192          0          0        164   mbed/TARGET_KL25Z/TOOLCHAIN_ARM_STD/startup_MKL25Z4.o
       152         32          0          4          0         60   mbed/TARGET_KL25Z/TOOLCHAIN_ARM_STD/system_MKL25Z4.o
       732        122          8          8          0        592   mbed/TARGET_KL25Z/TOOLCHAIN_ARM_STD/us_ticker.o

    ----------------------------------------------------------------------
      8316       1522       2192        104        500     151860   Object Totals
         0          0         32          0          0          0   (incl. Generated)
        22          0         14          0          0          0   (incl. Padding)

    ----------------------------------------------------------------------

      Code (inc. data)   RO Data    RW Data    ZI Data      Debug   Library Member Name

         8          0          0          0          0         68   C:\Keil_v5\ARM\ARMCC\Bin\..\lib\armlib\c_p.l(__main.o)
       392          6         17          0          0         76   C:\Keil_v5\ARM\ARMCC\Bin\..\lib\armlib\c_p.l(__printf_flags_ss_wp.o)
        14          0          0          0          0         60   C:\Keil_v5\ARM\ARMCC\Bin\..\lib\armlib\c_p.l(__printf_wp.o)
         0          0          0          0          0          0   C:\Keil_v5\ARM\ARMCC\Bin\..\lib\armlib\c_p.l(__rtentry.o)
        20          0          0          0          0          0   C:\Keil_v5\ARM\ARMCC\Bin\..\lib\armlib\c_p.l(__rtentry2.o)
         6          0          0          0          0          0   C:\Keil_v5\ARM\ARMCC\Bin\..\lib\armlib\c_p.l(__rtentry4.o)
        60          8          0          0          0          0   C:\Keil_v5\ARM\ARMCC\Bin\..\lib\armlib\c_p.l(__scatter.o)
        26          0          0          0          0          0   C:\Keil_v5\ARM\ARMCC\Bin\..\lib\armlib\c_p.l(__scatter_copy.o)
        28          0          0          0          0          0   C:\Keil_v5\ARM\ARMCC\Bin\..\lib\armlib\c_p.l(__scatter_zi.o)
        10          0          0          0          0          0   C:\Keil_v5\ARM\ARMCC\Bin\..\lib\armlib\c_p.l(_printf_a.o)
        10          0          0          0          0          0   C:\Keil_v5\ARM\ARMCC\Bin\..\lib\armlib\c_p.l(_printf_c.o)
        46          0          0          0          0        100   C:\Keil_v5\ARM\ARMCC\Bin\..\lib\armlib\c_p.l(_printf_char.o)
        48          6          0          0          0         88   C:\Keil_v5\ARM\ARMCC\Bin\..\lib\armlib\c_p.l(_printf_char_common.o)
        40          6          0          0          0         72   C:\Keil_v5\ARM\ARMCC\Bin\..\lib\armlib\c_p.l(_printf_char_file.o)
        38          0          0          0          0         60   C:\Keil_v5\ARM\ARMCC\Bin\..\lib\armlib\c_p.l(_printf_charcount.o)
        10          0          0          0          0          0   C:\Keil_v5\ARM\ARMCC\Bin\..\lib\armlib\c_p.l(_printf_d.o)
       108         18          0          0          0         76   C:\Keil_v5\ARM\ARMCC\Bin\..\lib\armlib\c_p.l(_printf_dec.o)
        10          0          0          0          0          0   C:\Keil_v5\ARM\ARMCC\Bin\..\lib\armlib\c_p.l(_printf_e.o)
        10          0          0          0          0          0   C:\Keil_v5\ARM\ARMCC\Bin\..\lib\armlib\c_p.l(_printf_f.o)
      1048         14          0          0          0        176   C:\Keil_v5\ARM\ARMCC\Bin\..\lib\armlib\c_p.l(_printf_fp_dec.o)
       728         10         38          0          0         84   C:\Keil_v5\ARM\ARMCC\Bin\..\lib\armlib\c_p.l(_printf_fp_hex.o)
       136         16          0          0          0         76   C:\Keil_v5\ARM\ARMCC\Bin\..\lib\armlib\c_p.l(_printf_fp_infnan.o)
        10          0          0          0          0          0   C:\Keil_v5\ARM\ARMCC\Bin\..\lib\armlib\c_p.l(_printf_g.o)
       152          4         40          0          0        148   C:\Keil_v5\ARM\ARMCC\Bin\..\lib\armlib\c_p.l(_printf_hex_int_ll_ptr.o)
        10          0          0          0          0          0   C:\Keil_v5\ARM\ARMCC\Bin\..\lib\armlib\c_p.l(_printf_i.o)
       176          0          0          0          0         84   C:\Keil_v5\ARM\ARMCC\Bin\..\lib\armlib\c_p.l(_printf_intcommon.o)
        10          0          0          0          0          0   C:\Keil_v5\ARM\ARMCC\Bin\..\lib\armlib\c_p.l(_printf_l.o)
        10          0          0          0          0          0   C:\Keil_v5\ARM\ARMCC\Bin\..\lib\armlib\c_p.l(_printf_lc.o)
        10          0          0          0          0          0   C:\Keil_v5\ARM\ARMCC\Bin\..\lib\armlib\c_p.l(_printf_ll.o)
        10          0          0          0          0          0   C:\Keil_v5\ARM\ARMCC\Bin\..\lib\armlib\c_p.l(_printf_lld.o)
        10          0          0          0          0          0   C:\Keil_v5\ARM\ARMCC\Bin\..\lib\armlib\c_p.l(_printf_lli.o)
        10          0          0          0          0          0   C:\Keil_v5\ARM\ARMCC\Bin\..\lib\armlib\c_p.l(_printf_llo.o)
        10          0          0          0          0          0   C:\Keil_v5\ARM\ARMCC\Bin\..\lib\armlib\c_p.l(_printf_llu.o)
        10          0          0          0          0          0   C:\Keil_v5\ARM\ARMCC\Bin\..\lib\armlib\c_p.l(_printf_llx.o)
       112         18          0          0          0         76   C:\Keil_v5\ARM\ARMCC\Bin\..\lib\armlib\c_p.l(_printf_longlong_dec.o)
        10          0          0          0          0          0   C:\Keil_v5\ARM\ARMCC\Bin\..\lib\armlib\c_p.l(_printf_ls.o)
        10          0          0          0          0          0   C:\Keil_v5\ARM\ARMCC\Bin\..\lib\armlib\c_p.l(_printf_n.o)
        10          0          0          0          0          0   C:\Keil_v5\ARM\ARMCC\Bin\..\lib\armlib\c_p.l(_printf_o.o)
       112         10          0          0          0        112   C:\Keil_v5\ARM\ARMCC\Bin\..\lib\armlib\c_p.l(_printf_oct_int_ll.o)
        10          0          0          0          0          0   C:\Keil_v5\ARM\ARMCC\Bin\..\lib\armlib\c_p.l(_printf_p.o)
        78          0          0          0          0        100   C:\Keil_v5\ARM\ARMCC\Bin\..\lib\armlib\c_p.l(_printf_pad.o)
         2          0          0          0          0          0   C:\Keil_v5\ARM\ARMCC\Bin\..\lib\armlib\c_p.l(_printf_percent.o)
         4          0          0          0          0          0   C:\Keil_v5\ARM\ARMCC\Bin\..\lib\armlib\c_p.l(_printf_percent_end.o)
        10          0          0          0          0          0   C:\Keil_v5\ARM\ARMCC\Bin\..\lib\armlib\c_p.l(_printf_s.o)
        82          0          0          0          0         72   C:\Keil_v5\ARM\ARMCC\Bin\..\lib\armlib\c_p.l(_printf_str.o)
        36          0          0          0          0         76   C:\Keil_v5\ARM\ARMCC\Bin\..\lib\armlib\c_p.l(_printf_truncate.o)
        10          0          0          0          0          0   C:\Keil_v5\ARM\ARMCC\Bin\..\lib\armlib\c_p.l(_printf_u.o)
        46          0          0          0          0        100   C:\Keil_v5\ARM\ARMCC\Bin\..\lib\armlib\c_p.l(_printf_wchar.o)
       188          6          8          0          0         80   C:\Keil_v5\ARM\ARMCC\Bin\..\lib\armlib\c_p.l(_printf_wctomb.o)
        10          0          0          0          0          0   C:\Keil_v5\ARM\ARMCC\Bin\..\lib\armlib\c_p.l(_printf_x.o)
        16          0          0          0          0         60   C:\Keil_v5\ARM\ARMCC\Bin\..\lib\armlib\c_p.l(_snputc.o)
        10          0          0          0          0         60   C:\Keil_v5\ARM\ARMCC\Bin\..\lib\armlib\c_p.l(_sputc.o)
        64          0          0          0          0         72   C:\Keil_v5\ARM\ARMCC\Bin\..\lib\armlib\c_p.l(_wcrtomb.o)
       488          0          0          0          0         92   C:\Keil_v5\ARM\ARMCC\Bin\..\lib\armlib\c_p.l(aeabi_sdivfast.o)
       216          6        148          0          0         80   C:\Keil_v5\ARM\ARMCC\Bin\..\lib\armlib\c_p.l(bigflt0.o)
      1456         30          0          0          0        336   C:\Keil_v5\ARM\ARMCC\Bin\..\lib\armlib\c_p.l(btod.o)
        14          0          0          0          0         68   C:\Keil_v5\ARM\ARMCC\Bin\..\lib\armlib\c_p.l(c89vfprintf.o)
        12          0          0          0          0         68   C:\Keil_v5\ARM\ARMCC\Bin\..\lib\armlib\c_p.l(defsig_exit.o)
        52          0          0          0          0         72   C:\Keil_v5\ARM\ARMCC\Bin\..\lib\armlib\c_p.l(defsig_general.o)
        48         34          0          0          0         68   C:\Keil_v5\ARM\ARMCC\Bin\..\lib\armlib\c_p.l(defsig_pvfn_inner.o)
        12          0          0          0          0         68   C:\Keil_v5\ARM\ARMCC\Bin\..\lib\armlib\c_p.l(defsig_pvfn_outer.o)
        80         58          0          0          0         68   C:\Keil_v5\ARM\ARMCC\Bin\..\lib\armlib\c_p.l(defsig_rtmem_inner.o)
        12          0          0          0          0         68   C:\Keil_v5\ARM\ARMCC\Bin\..\lib\armlib\c_p.l(defsig_rtmem_outer.o)
        52         38          0          0          0         68   C:\Keil_v5\ARM\ARMCC\Bin\..\lib\armlib\c_p.l(defsig_rtred_inner.o)
        12          0          0          0          0         68   C:\Keil_v5\ARM\ARMCC\Bin\..\lib\armlib\c_p.l(defsig_rtred_outer.o)
        76          4          0          0          0         76   C:\Keil_v5\ARM\ARMCC\Bin\..\lib\armlib\c_p.l(fclose.o)
         8          0          0          0          0         60   C:\Keil_v5\ARM\ARMCC\Bin\..\lib\armlib\c_p.l(ferror.o)
       104          4          0          0          0        100   C:\Keil_v5\ARM\ARMCC\Bin\..\lib\armlib\c_p.l(fflush.o)
       496         10          0          0          0         76   C:\Keil_v5\ARM\ARMCC\Bin\..\lib\armlib\c_p.l(flsbuf.o)
       232          8          0          0          0        108   C:\Keil_v5\ARM\ARMCC\Bin\..\lib\armlib\c_p.l(fopen.o)
        30          0          0          0          0         68   C:\Keil_v5\ARM\ARMCC\Bin\..\lib\armlib\c_p.l(fputc.o)
       244          4          0          0          0         76   C:\Keil_v5\ARM\ARMCC\Bin\..\lib\armlib\c_p.l(fseek.o)
        66          0          0          0          0         68   C:\Keil_v5\ARM\ARMCC\Bin\..\lib\armlib\c_p.l(ftell.o)
        98          0          0          0          0         72   C:\Keil_v5\ARM\ARMCC\Bin\..\lib\armlib\c_p.l(h1_alloc.o)
        52          0          0          0          0         68   C:\Keil_v5\ARM\ARMCC\Bin\..\lib\armlib\c_p.l(h1_extend.o)
        76          0          0          0          0         72   C:\Keil_v5\ARM\ARMCC\Bin\..\lib\armlib\c_p.l(h1_free.o)
        14          0          0          0          0         76   C:\Keil_v5\ARM\ARMCC\Bin\..\lib\armlib\c_p.l(h1_init.o)
        80          4          0          4          0         88   C:\Keil_v5\ARM\ARMCC\Bin\..\lib\armlib\c_p.l(heapauxa.o)
         4          0          0          0          0        120   C:\Keil_v5\ARM\ARMCC\Bin\..\lib\armlib\c_p.l(hguard.o)
         0          0          0          0          0          0   C:\Keil_v5\ARM\ARMCC\Bin\..\lib\armlib\c_p.l(indicate_semi.o)
        36         10          0          0          0         72   C:\Keil_v5\ARM\ARMCC\Bin\..\lib\armlib\c_p.l(init_aeabi.o)
       136          0          0          0          0        160   C:\Keil_v5\ARM\ARMCC\Bin\..\lib\armlib\c_p.l(init_alloc.o)
       316         44          0          0          0         96   C:\Keil_v5\ARM\ARMCC\Bin\..\lib\armlib\c_p.l(initio.o)
        44         10        272          0          0         76   C:\Keil_v5\ARM\ARMCC\Bin\..\lib\armlib\c_p.l(lc_ctype_c.o)
        44         10         28          0          0         76   C:\Keil_v5\ARM\ARMCC\Bin\..\lib\armlib\c_p.l(lc_numeric_c.o)
         2          0          0          0          0          0   C:\Keil_v5\ARM\ARMCC\Bin\..\lib\armlib\c_p.l(libinit.o)
        46          0          0          0          0          0   C:\Keil_v5\ARM\ARMCC\Bin\..\lib\armlib\c_p.l(libinit2.o)
         0          0          0          0          0          0   C:\Keil_v5\ARM\ARMCC\Bin\..\lib\armlib\c_p.l(libshutdown2.o)
        48          0          0          0          0         72   C:\Keil_v5\ARM\ARMCC\Bin\..\lib\armlib\c_p.l(llmul.o)
        32          0          0          0          0         68   C:\Keil_v5\ARM\ARMCC\Bin\..\lib\armlib\c_p.l(llshl.o)
       258          0          0          0          0         88   C:\Keil_v5\ARM\ARMCC\Bin\..\lib\armlib\c_p.l(lludiv.o)
       122          0          0          0          0         72   C:\Keil_v5\ARM\ARMCC\Bin\..\lib\armlib\c_p.l(lludiv10.o)
        34          0          0          0          0         68   C:\Keil_v5\ARM\ARMCC\Bin\..\lib\armlib\c_p.l(llushr.o)
         0          0          0          0          0          0   C:\Keil_v5\ARM\ARMCC\Bin\..\lib\armlib\c_p.l(maybetermalloc1.o)
        90          0          0          0          0         68   C:\Keil_v5\ARM\ARMCC\Bin\..\lib\armlib\c_p.l(memcmp.o)
        16          4          0          0          0         76   C:\Keil_v5\ARM\ARMCC\Bin\..\lib\armlib\c_p.l(rt_ctype_table.o)
         8          4          0          0          4         68   C:\Keil_v5\ARM\ARMCC\Bin\..\lib\armlib\c_p.l(rt_errno_addr.o)
         8          4          0          0          4         68   C:\Keil_v5\ARM\ARMCC\Bin\..\lib\armlib\c_p.l(rt_heap_descriptor.o)
         8          4          0          0         20         68   C:\Keil_v5\ARM\ARMCC\Bin\..\lib\armlib\c_p.l(rt_locale.o)
        64          0          0          0          0        108   C:\Keil_v5\ARM\ARMCC\Bin\..\lib\armlib\c_p.l(rt_memclr.o)
        56          0          0          0          0         68   C:\Keil_v5\ARM\ARMCC\Bin\..\lib\armlib\c_p.l(rt_memcpy.o)
        40          0          0          0          0         60   C:\Keil_v5\ARM\ARMCC\Bin\..\lib\armlib\c_p.l(rtudiv10.o)
        26          0          0          0          0         68   C:\Keil_v5\ARM\ARMCC\Bin\..\lib\armlib\c_p.l(setbuf.o)
        76          4          0          0          0         72   C:\Keil_v5\ARM\ARMCC\Bin\..\lib\armlib\c_p.l(setvbuf.o)
       240          8          0          0          0        144   C:\Keil_v5\ARM\ARMCC\Bin\..\lib\armlib\c_p.l(stdio.o)
         0          0          0         12        252          0   C:\Keil_v5\ARM\ARMCC\Bin\..\lib\armlib\c_p.l(stdio_streams.o)
       160          4          0          0          0         80   C:\Keil_v5\ARM\ARMCC\Bin\..\lib\armlib\c_p.l(strcmpv6m.o)
        68          6          0          0          0         72   C:\Keil_v5\ARM\ARMCC\Bin\..\lib\armlib\c_p.l(strlen.o)
        32          0          0          0          0         72   C:\Keil_v5\ARM\ARMCC\Bin\..\lib\armlib\c_p.l(strspn.o)
        12          4          0          0          0         60   C:\Keil_v5\ARM\ARMCC\Bin\..\lib\armlib\c_p.l(sys_exit.o)
        12          0          0          0          0         68   C:\Keil_v5\ARM\ARMCC\Bin\..\lib\armlib\c_p.l(sys_wrch.o)
         2          0          0          0          0         68   C:\Keil_v5\ARM\ARMCC\Bin\..\lib\armlib\c_p.l(use_no_semi.o)
        56          6          0          0          0         72   C:\Keil_v5\ARM\ARMCC\Bin\..\lib\armlib\c_p.l(vsnprintf.o)
        34          0          0          0          0         80   C:\Keil_v5\ARM\ARMCC\Bin\..\lib\cpplib\cpprt_p.l(aeabi_vec_ctor_nocookie_nodtor.o)
        34          0          0          0          0         76   C:\Keil_v5\ARM\ARMCC\Bin\..\lib\cpplib\cpprt_p.l(aeabi_vec_dtor_noexceptions.o)
        10          0          0          0          0         68   C:\Keil_v5\ARM\ARMCC\Bin\..\lib\cpplib\cpprt_p.l(pure_virt.o)
       124          4          0          0          0         72   C:\Keil_v5\ARM\ARMCC\Bin\..\lib\armlib\fz_ps.l(d2f.o)
      1096         26        128          0          0        112   C:\Keil_v5\ARM\ARMCC\Bin\..\lib\armlib\fz_ps.l(ddiv.o)
        88          0          0          0          0         92   C:\Keil_v5\ARM\ARMCC\Bin\..\lib\armlib\fz_ps.l(dflti.o)
        84          4          0          0          0         60   C:\Keil_v5\ARM\ARMCC\Bin\..\lib\armlib\fz_ps.l(f2d.o)
       352         10         64          0          0         92   C:\Keil_v5\ARM\ARMCC\Bin\..\lib\armlib\fz_ps.l(fdiv.o)
        76          0          0          0          0         68   C:\Keil_v5\ARM\ARMCC\Bin\..\lib\armlib\fz_ps.l(ffixi.o)
        48          0          0          0          0         60   C:\Keil_v5\ARM\ARMCC\Bin\..\lib\armlib\fz_ps.l(ffixui.o)
        94          0          0          0          0         92   C:\Keil_v5\ARM\ARMCC\Bin\..\lib\armlib\fz_ps.l(fflti.o)
       176          4          0          0          0         80   C:\Keil_v5\ARM\ARMCC\Bin\..\lib\armlib\fz_ps.l(fmul.o)
        68          4          0          0          0         68   C:\Keil_v5\ARM\ARMCC\Bin\..\lib\armlib\fz_ps.l(fscalbn.o)
        16          4          0          0          0         76   C:\Keil_v5\ARM\ARMCC\Bin\..\lib\armlib\fz_ps.l(printf1.o)
        16          4          0          0          0         76   C:\Keil_v5\ARM\ARMCC\Bin\..\lib\armlib\fz_ps.l(printf2.o)
         0          0          0          0          0          0   C:\Keil_v5\ARM\ARMCC\Bin\..\lib\armlib\fz_ps.l(usenofp.o)
        44          4          0          0          0         60   C:\Keil_v5\ARM\ARMCC\Bin\..\lib\armlib\m_ps.l(fpclassify.o)
       360         66         16          8         16        284   mbed/TARGET_KL25Z/TOOLCHAIN_ARM_STD/mbed.ar(FileBase.o)
        54          0         80          0          0        132   mbed/TARGET_KL25Z/TOOLCHAIN_ARM_STD/mbed.ar(FileHandle.o)
       194         20         70          0          0        336   mbed/TARGET_KL25Z/TOOLCHAIN_ARM_STD/mbed.ar(FilePath.o)
       928        150         24          4         16        480   mbed/TARGET_KL25Z/TOOLCHAIN_ARM_STD/mbed.ar(I2C.o)
       106         26        144          0          0        444   mbed/TARGET_KL25Z/TOOLCHAIN_ARM_STD/mbed.ar(Serial.o)
       476         22         24          0          0        536   mbed/TARGET_KL25Z/TOOLCHAIN_ARM_STD/mbed.ar(SerialBase.o)
       274         50        112          0          0        728   mbed/TARGET_KL25Z/TOOLCHAIN_ARM_STD/mbed.ar(Stream.o)
        32          6          0          0          0         68   mbed/TARGET_KL25Z/TOOLCHAIN_ARM_STD/mbed.ar(mbed_assert.o)
       312         84         73          4          0        472   mbed/TARGET_KL25Z/TOOLCHAIN_ARM_STD/mbed.ar(mbed_critical.o)
       108         40         80          2          0        128   mbed/TARGET_KL25Z/TOOLCHAIN_ARM_STD/mbed.ar(mbed_critical_section_api.o)
       644        282        160         12        104        156   mbed/TARGET_KL25Z/TOOLCHAIN_ARM_STD/mbed.ar(mbed_error.o)
       370         94          0          0          0        296   mbed/TARGET_KL25Z/TOOLCHAIN_ARM_STD/mbed.ar(mbed_gpio.o)
         8          0          0          0          0         68   mbed/TARGET_KL25Z/TOOLCHAIN_ARM_STD/mbed.ar(mbed_interface.o)
       252         86          0          0          0        208   mbed/TARGET_KL25Z/TOOLCHAIN_ARM_STD/mbed.ar(mbed_pinmap_common.o)
        24          6          0          4          0        128   mbed/TARGET_KL25Z/TOOLCHAIN_ARM_STD/mbed.ar(mbed_semihost_api.o)
       192         94          0         24          0        144   mbed/TARGET_KL25Z/TOOLCHAIN_ARM_STD/mbed.ar(mbed_sleep_manager.o)
       966         68         70          0          0        376   mbed/TARGET_KL25Z/TOOLCHAIN_ARM_STD/mbed.ar(mbed_ticker_api.o)
        32         14         40          4         64        120   mbed/TARGET_KL25Z/TOOLCHAIN_ARM_STD/mbed.ar(mbed_us_ticker_api.o)
        74          4          0          0          0        144   mbed/TARGET_KL25Z/TOOLCHAIN_ARM_STD/mbed.ar(mbed_wait_api_no_rtos.o)

    ----------------------------------------------------------------------
     17976       1620       1644         84        480      12916   Library Totals
        40          0          8          6          0          0   (incl. Padding)

    ----------------------------------------------------------------------

      Code (inc. data)   RO Data    RW Data    ZI Data      Debug   Library Name

     10170        444        551         16        280       6436   C:\Keil_v5\ARM\ARMCC\Bin\..\lib\armlib\c_p.l
        78          0          0          0          0        224   C:\Keil_v5\ARM\ARMCC\Bin\..\lib\cpplib\cpprt_p.l
      2238         60        192          0          0        948   C:\Keil_v5\ARM\ARMCC\Bin\..\lib\armlib\fz_ps.l
        44          4          0          0          0         60   C:\Keil_v5\ARM\ARMCC\Bin\..\lib\armlib\m_ps.l
      5406       1112        893         62        200       5248   mbed/TARGET_KL25Z/TOOLCHAIN_ARM_STD/mbed.ar

    ----------------------------------------------------------------------
     17976       1620       1644         84        480      12916   Library Totals

    ----------------------------------------------------------------------

==============================================================================


      Code (inc. data)   RO Data    RW Data    ZI Data      Debug   

     26292       3142       3836        188        980     154080   Grand Totals
     26292       3142       3836        188        980     154080   ELF Image Totals
     26292       3142       3836        188          0          0   ROM Totals

==============================================================================

    Total RO  Size (Code + RO Data)                30128 (  29.42kB)
    Total RW  Size (RW Data + ZI Data)              1168 (   1.14kB)
    Total ROM Size (Code + RO Data + RW Data)      30316 (  29.61kB)

==============================================================================

