Component: ARM Compiler 5.06 update 6 (build 750) Tool: armlink [4d35ed]

==============================================================================

Section Cross References

    .\build\main.o(i._Z4flipv) refers to .\build\main.o(i._ZN4mbed10DigitalOutcviEv) for mbed::DigitalOut::operator int()
    .\build\main.o(i._Z4flipv) refers to .\build\main.o(i._ZN4mbed10DigitalOutaSEi) for mbed::DigitalOut::operator =(int)
    .\build\main.o(i._Z4flipv) refers to .\build\main.o(.bss) for .bss
    .\build\main.o(i._Z6flip_rv) refers to .\build\main.o(i._ZN4mbed10DigitalOutcviEv) for mbed::DigitalOut::operator int()
    .\build\main.o(i._Z6flip_rv) refers to .\build\main.o(i._ZN4mbed10DigitalOutaSEi) for mbed::DigitalOut::operator =(int)
    .\build\main.o(i._Z6flip_rv) refers to .\build\main.o(.bss) for .bss
    .\build\main.o(i.__sti___8_main_cpp_1ca0aaea) refers to mbed/TARGET_KL25Z/TOOLCHAIN_ARM_STD/mbed.ar(TimerEvent.o)(i._ZN4mbed10TimerEventC2Ev) for mbed::TimerEvent::TimerEvent__sub_object()
    .\build\main.o(i.__sti___8_main_cpp_1ca0aaea) refers to .\build\main.o(t._ZN4mbed8CallbackIFvvEEC1EPS1_) for mbed::Callback<void()>::Callback(void(*)())
    .\build\main.o(i.__sti___8_main_cpp_1ca0aaea) refers to .\build\main.o(i._ZN4mbed10DigitalOutC1E7PinNamei) for mbed::DigitalOut::DigitalOut(PinName, int)
    .\build\main.o(i.__sti___8_main_cpp_1ca0aaea) refers to mbed/TARGET_KL25Z/TOOLCHAIN_ARM_STD/mbed.ar(Serial.o)(i._ZN4mbed6SerialC1E7PinNameS1_PKci) for mbed::Serial::Serial(PinName, PinName, const char*, int)
    .\build\main.o(i.__sti___8_main_cpp_1ca0aaea) refers to .\build\main.o(.bss) for .bss
    .\build\main.o(i.__sti___8_main_cpp_1ca0aaea) refers to mbed/TARGET_KL25Z/TOOLCHAIN_ARM_STD/mbed.ar(Ticker.o)(.constdata__ZTVN4mbed6TickerE) for vtable for mbed::Ticker
    .\build\main.o(i.__sti___8_main_cpp_1ca0aaea) refers to mbed/TARGET_KL25Z/TOOLCHAIN_ARM_STD/mbed.ar(Ticker.o)(i._ZN4mbed6TickerD1Ev) for mbed::Ticker::~Ticker()
    .\build\main.o(i.__sti___8_main_cpp_1ca0aaea) refers to mbed/TARGET_KL25Z/TOOLCHAIN_ARM_STD/mbed.ar(Serial.o)(i._ZN4mbed6SerialD1Ev) for mbed::Serial::~Serial()
    .\build\main.o(i.main) refers to .\build\adc.o(i._Z8Adc_Initv) for Adc_Init()
    .\build\main.o(i.main) refers to .\build\main.o(t._ZN4mbed8CallbackIFvvEEC1EPS1_) for mbed::Callback<void()>::Callback(void(*)())
    .\build\main.o(i.main) refers to C:\Keil_v5\ARM\ARMCC\Bin\..\lib\armlib\fz_ps.l(ffixul.o)(.text) for __aeabi_f2ulz
    .\build\main.o(i.main) refers to mbed/TARGET_KL25Z/TOOLCHAIN_ARM_STD/mbed.ar(Ticker.o)(i._ZN4mbed6Ticker9attach_usENS_8CallbackIFvvEEEy) for mbed::Ticker::attach_us(mbed::Callback<void()>, unsigned long long)
    .\build\main.o(i.main) refers to mbed/TARGET_KL25Z/TOOLCHAIN_ARM_STD/mbed.ar(SerialBase.o)(t._ZN4mbed8CallbackIFvvEED1Ev) for mbed::Callback<void()>::~Callback()
    .\build\main.o(i.main) refers to mbed/TARGET_KL25Z/TOOLCHAIN_ARM_STD/mbed.ar(Stream.o)(i._ZN4mbed6Stream6printfEPKcz) for mbed::Stream::printf(const char*, ...)
    .\build\main.o(i.main) refers to .\build\uart_poll.o(i.UART_direct_msg_put) for UART_direct_msg_put
    .\build\main.o(i.main) refers to .\build\monitor.o(i.set_display_mode) for set_display_mode
    .\build\main.o(i.main) refers to .\build\uart_poll.o(i.serial) for serial
    .\build\main.o(i.main) refers to .\build\monitor.o(i.chk_UART_msg) for chk_UART_msg
    .\build\main.o(i.main) refers to .\build\monitor.o(i.monitor) for monitor
    .\build\main.o(i.main) refers to .\build\adc.o(i._Z19Adc_ReadMesaurementh) for Adc_ReadMesaurement(unsigned char)
    .\build\main.o(i.main) refers to C:\Keil_v5\ARM\ARMCC\Bin\..\lib\armlib\fz_ps.l(fflti.o)(.text) for __aeabi_ui2f
    .\build\main.o(i.main) refers to C:\Keil_v5\ARM\ARMCC\Bin\..\lib\armlib\fz_ps.l(fmul.o)(x$fpl$fmul) for __aeabi_fmul
    .\build\main.o(i.main) refers to C:\Keil_v5\ARM\ARMCC\Bin\..\lib\armlib\fz_ps.l(fscalbn.o)(.text) for __ARM_scalbnf
    .\build\main.o(i.main) refers to C:\Keil_v5\ARM\ARMCC\Bin\..\lib\armlib\fz_ps.l(faddsub.o)(x$fpl$fsub) for __aeabi_fsub
    .\build\main.o(i.main) refers to C:\Keil_v5\ARM\ARMCC\Bin\..\lib\armlib\fz_ps.l(fdiv.o)(.text) for __aeabi_fdiv
    .\build\main.o(i.main) refers to C:\Keil_v5\ARM\ARMCC\Bin\..\lib\armlib\fz_ps.l(faddsub.o)(x$fpl$frsb) for __aeabi_frsub
    .\build\main.o(i.main) refers to C:\Keil_v5\ARM\ARMCC\Bin\..\lib\armlib\fz_ps.l(ffixui.o)(.text) for __aeabi_f2uiz
    .\build\main.o(i.main) refers to .\build\flowmeter.o(i._Z13calculateFlowjt) for calculateFlow(unsigned, unsigned short)
    .\build\main.o(i.main) refers to .\build\main.o(i._Z4flipv) for flip()
    .\build\main.o(i.main) refers to .\build\main.o(i._Z6flip_rv) for flip_r()
    .\build\main.o(i.main) refers to .\build\main.o(.bss) for .bss
    .\build\main.o(i.main) refers to .\build\timer0.o(i.timer0) for timer0
    .\build\main.o(i.main) refers to .\build\main.o(.data) for .data
    .\build\main.o(i.main) refers to .\build\timer0.o(.data) for SwTimerIsrCounter
[...]
    SwTimerIsrCounter                        0x1ffff0ee   Data           2  .\build\timer0.o(.data)
    isBuf_1_full                             0x1ffff0f8   Data           1  .\build\flowmeter.o(.data)
    process_buf_1                            0x1ffff0f9   Data           1  .\build\flowmeter.o(.data)
    isBuf_2_full                             0x1ffff0fa   Data           1  .\build\flowmeter.o(.data)
    process_buf_2                            0x1ffff0fb   Data           1  .\build\flowmeter.o(.data)
    buffer_1                                 0x1ffff100   Data           2  .\build\flowmeter.o(.data)
    buffer_2                                 0x1ffff102   Data           2  .\build\flowmeter.o(.data)
    temp                                     0x1ffff104   Data           4  .\build\flowmeter.o(.data)
    commands                                 0x1ffff108   Data          96  .\build\monitor.o(.data)
    error_count                              0x1ffff168   Data           1  .\build\uart_poll.o(.data)
    stdio_uart_inited                        0x1ffff1b4   Data           4  mbed/TARGET_KL25Z/TOOLCHAIN_ARM_STD/serial_api.o(.data)
    stdio_uart                               0x1ffff1bc   Data           8  mbed/TARGET_KL25Z/TOOLCHAIN_ARM_STD/serial_api.o(.data)
    SystemCoreClock                          0x1ffff1c4   Data           4  mbed/TARGET_KL25Z/TOOLCHAIN_ARM_STD/system_MKL25Z4.o(.data)
    mbed::FileBase::_head                    0x1ffff1ec   Data           4  mbed/TARGET_KL25Z/TOOLCHAIN_ARM_STD/mbed.ar(FileBase.o)(.data)
    mbed::FileBase::_default                 0x1ffff1f0   Data           4  mbed/TARGET_KL25Z/TOOLCHAIN_ARM_STD/mbed.ar(FileBase.o)(.data)
    __aeabi_stdin                            0x1ffff210   Data           4  C:\Keil_v5\ARM\ARMCC\Bin\..\lib\armlib\c_p.l(stdio_streams.o)(.data)
    __aeabi_stdout                           0x1ffff214   Data           4  C:\Keil_v5\ARM\ARMCC\Bin\..\lib\armlib\c_p.l(stdio_streams.o)(.data)
    __aeabi_stderr                           0x1ffff218   Data           4  C:\Keil_v5\ARM\ARMCC\Bin\..\lib\armlib\c_p.l(stdio_streams.o)(.data)
    rx_buf                                   0x1ffff220   Data          10  .\build\main.o(.bss)
    tx_buf                                   0x1ffff22a   Data          40  .\build\main.o(.bss)
    tick                                     0x1ffff258   Data          64  .\build\main.o(.bss)
    redLED                                   0x1ffff298   Data          24  .\build\main.o(.bss)
    greenLED                                 0x1ffff2b0   Data          24  .\build\main.o(.bss)
    pc                                       0x1ffff2c8   Data          76  .\build\main.o(.bss)
    msg_buf                                  0x1ffff314   Data          10  .\build\main.o(.bss)
    fault_context                            0x1ffff320   Data          84  mbed/TARGET_KL25Z/TOOLCHAIN_ARM_STD/mbed_fault_handler.o(.bss)
    mbed::FileBase::_mutex                   0x1ffff578   Data          16  mbed/TARGET_KL25Z/TOOLCHAIN_ARM_STD/mbed.ar(FileBase.o)(.bss)
    __stdin                                  0x1ffff58c   Data          84  C:\Keil_v5\ARM\ARMCC\Bin\..\lib\armlib\c_p.l(stdio_streams.o)(.bss)
    __stdout                                 0x1ffff5e0   Data          84  C:\Keil_v5\ARM\ARMCC\Bin\..\lib\armlib\c_p.l(stdio_streams.o)(.bss)
    __stderr                                 0x1ffff634   Data          84  C:\Keil_v5\ARM\ARMCC\Bin\..\lib\armlib\c_p.l(stdio_streams.o)(.bss)
    Image$$RW_IRAM1$$ZI$$Limit               0x1ffff6a0   Number         0  anon$$obj.o ABSOLUTE



==============================================================================

Memory Map of the image

  Image Entry point : 0x000000c1

  Load Region LR_IROM1 (Base: 0x00000000, Size: 0x00007d3c, Max: 0x00020000, ABSOLUTE, COMPRESSED[0x00007c40])

    Execution Region ER_IROM1 (Exec base: 0x00000000, Load base: 0x00000000, Size: 0x00007bdc, Max: 0x00020000, ABSOLUTE)

    Exec Addr    Load Addr    Size         Type   Attr      Idx    E Section Name        Object

    0x00000000   0x00000000   0x000000c0   Data   RO         1684    RESET               mbed/TARGET_KL25Z/TOOLCHAIN_ARM_STD/startup_MKL25Z4.o
    0x000000c0   0x000000c0   0x00000008   Code   RO         2575  * !!!main             C:\Keil_v5\ARM\ARMCC\Bin\..\lib\armlib\c_p.l(__main.o)
    0x000000c8   0x000000c8   0x0000003c   Code   RO         3307    !!!scatter          C:\Keil_v5\ARM\ARMCC\Bin\..\lib\armlib\c_p.l(__scatter.o)
    0x00000104   0x00000104   0x0000001c   Code   RO         3309    !!handler_zi        C:\Keil_v5\ARM\ARMCC\Bin\..\lib\armlib\c_p.l(__scatter_zi.o)
    0x00000120   0x00000120   0x00000002   Code   RO         2510    .ARM.Collect$$_printf_percent$$00000000  C:\Keil_v5\ARM\ARMCC\Bin\..\lib\armlib\c_p.l(_printf_percent.o)
    0x00000122   0x00000122   0x0000000a   Code   RO         2838    .ARM.Collect$$_printf_percent$$00000001  C:\Keil_v5\ARM\ARMCC\Bin\..\lib\armlib\c_p.l(_printf_n.o)
    0x0000012c   0x0000012c   0x0000000a   Code   RO         2840    .ARM.Collect$$_printf_percent$$00000002  C:\Keil_v5\ARM\ARMCC\Bin\..\lib\armlib\c_p.l(_printf_p.o)
    0x00000136   0x00000136   0x0000000a   Code   RO         2509    .ARM.Collect$$_printf_percent$$00000003  C:\Keil_v5\ARM\ARMCC\Bin\..\lib\armlib\c_p.l(_printf_f.o)
    0x00000140   0x00000140   0x0000000a   Code   RO         2845    .ARM.Collect$$_printf_percent$$00000004  C:\Keil_v5\ARM\ARMCC\Bin\..\lib\armlib\c_p.l(_printf_e.o)
    0x0000014a   0x0000014a   0x0000000a   Code   RO         2846    .ARM.Collect$$_printf_percent$$00000005  C:\Keil_v5\ARM\ARMCC\Bin\..\lib\armlib\c_p.l(_printf_g.o)
    0x00000154   0x00000154   0x0000000a   Code   RO         2847    .ARM.Collect$$_printf_percent$$00000006  C:\Keil_v5\ARM\ARMCC\Bin\..\lib\armlib\c_p.l(_printf_a.o)
    0x0000015e   0x0000015e   0x0000000a   Code   RO         2852    .ARM.Collect$$_printf_percent$$00000007  C:\Keil_v5\ARM\ARMCC\Bin\..\lib\armlib\c_p.l(_printf_ll.o)
    0x00000168   0x00000168   0x0000000a   Code   RO         2842    .ARM.Collect$$_printf_percent$$00000008  C:\Keil_v5\ARM\ARMCC\Bin\..\lib\armlib\c_p.l(_printf_i.o)
    0x00000172   0x00000172   0x0000000a   Code   RO         2843    .ARM.Collect$$_printf_percent$$00000009  C:\Keil_v5\ARM\ARMCC\Bin\..\lib\armlib\c_p.l(_printf_d.o)
    0x0000017c   0x0000017c   0x0000000a   Code   RO         2844    .ARM.Collect$$_printf_percent$$0000000A  C:\Keil_v5\ARM\ARMCC\Bin\..\lib\armlib\c_p.l(_printf_u.o)
    0x00000186   0x00000186   0x0000000a   Code   RO         2841    .ARM.Collect$$_printf_percent$$0000000B  C:\Keil_v5\ARM\ARMCC\Bin\..\lib\armlib\c_p.l(_printf_o.o)
    0x00000190   0x00000190   0x0000000a   Code   RO         2839    .ARM.Collect$$_printf_percent$$0000000C  C:\Keil_v5\ARM\ARMCC\Bin\..\lib\armlib\c_p.l(_printf_x.o)
    0x0000019a   0x0000019a   0x0000000a   Code   RO         2849    .ARM.Collect$$_printf_percent$$0000000D  C:\Keil_v5\ARM\ARMCC\Bin\..\lib\armlib\c_p.l(_printf_lli.o)
    0x000001a4   0x000001a4   0x0000000a   Code   RO         2850    .ARM.Collect$$_printf_percent$$0000000E  C:\Keil_v5\ARM\ARMCC\Bin\..\lib\armlib\c_p.l(_printf_lld.o)
    0x000001ae   0x000001ae   0x0000000a   Code   RO         2851    .ARM.Collect$$_printf_percent$$0000000F  C:\Keil_v5\ARM\ARMCC\Bin\..\lib\armlib\c_p.l(_printf_llu.o)
    0x000001b8   0x000001b8   0x0000000a   Code   RO         2856    .ARM.Collect$$_printf_percent$$00000010  C:\Keil_v5\ARM\ARMCC\Bin\..\lib\armlib\c_p.l(_printf_llo.o)
    0x000001c2   0x000001c2   0x0000000a   Code   RO         2857    .ARM.Collect$$_printf_percent$$00000011  C:\Keil_v5\ARM\ARMCC\Bin\..\lib\armlib\c_p.l(_printf_llx.o)
    0x000001cc   0x000001cc   0x0000000a   Code   RO         2853    .ARM.Collect$$_printf_percent$$00000012  C:\Keil_v5\ARM\ARMCC\Bin\..\lib\armlib\c_p.l(_printf_l.o)
    0x000001d6   0x000001d6   0x0000000a   Code   RO         2836    .ARM.Collect$$_printf_percent$$00000013  C:\Keil_v5\ARM\ARMCC\Bin\..\lib\armlib\c_p.l(_printf_c.o)
    0x000001e0   0x000001e0   0x0000000a   Code   RO         2837    .ARM.Collect$$_printf_percent$$00000014  C:\Keil_v5\ARM\ARMCC\Bin\..\lib\armlib\c_p.l(_printf_s.o)
    0x000001ea   0x000001ea   0x0000000a   Code   RO         2854    .ARM.Collect$$_printf_percent$$00000015  C:\Keil_v5\ARM\ARMCC\Bin\..\lib\armlib\c_p.l(_printf_lc.o)
    0x000001f4   0x000001f4   0x0000000a   Code   RO         2855    .ARM.Collect$$_printf_percent$$00000016  C:\Keil_v5\ARM\ARMCC\Bin\..\lib\armlib\c_p.l(_printf_ls.o)
    0x000001fe   0x000001fe   0x00000004   Code   RO         2848    .ARM.Collect$$_printf_percent$$00000017  C:\Keil_v5\ARM\ARMCC\Bin\..\lib\armlib\c_p.l(_printf_percent_end.o)
    0x00000202   0x00000202   0x00000002   Code   RO         3189    .ARM.Collect$$libinit$$00000000  C:\Keil_v5\ARM\ARMCC\Bin\..\lib\armlib\c_p.l(libinit.o)
    0x00000204   0x00000204   0x00000000   Code   RO         2904    .ARM.Collect$$libinit$$00000002  C:\Keil_v5\ARM\ARMCC\Bin\..\lib\armlib\c_p.l(libinit2.o)
    0x00000204   0x00000204   0x00000000   Code   RO         2906    .ARM.Collect$$libinit$$00000004  C:\Keil_v5\ARM\ARMCC\Bin\..\lib\armlib\c_p.l(libinit2.o)
    0x00000204   0x00000204   0x00000008   Code   RO         2907    .ARM.Collect$$libinit$$00000005  C:\Keil_v5\ARM\ARMCC\Bin\..\lib\armlib\c_p.l(libinit2.o)
    0x0000020c   0x0000020c   0x00000000   Code   RO         2909    .ARM.Collect$$libinit$$0000000A  C:\Keil_v5\ARM\ARMCC\Bin\..\lib\armlib\c_p.l(libinit2.o)
    0x0000020c   0x0000020c   0x00000000   Code   RO         2911    .ARM.Collect$$libinit$$0000000C  C:\Keil_v5\ARM\ARMCC\Bin\..\lib\armlib\c_p.l(libinit2.o)
    0x0000020c   0x0000020c   0x00000000   Code   RO         2913    .ARM.Collect$$libinit$$0000000E  C:\Keil_v5\ARM\ARMCC\Bin\..\lib\armlib\c_p.l(libinit2.o)
    0x0000020c   0x0000020c   0x00000006   Code   RO         2914    .ARM.Collect$$libinit$$0000000F  C:\Keil_v5\ARM\ARMCC\Bin\..\lib\armlib\c_p.l(libinit2.o)
    0x00000212   0x00000212   0x00000000   Code   RO         2916    .ARM.Collect$$libinit$$00000011  C:\Keil_v5\ARM\ARMCC\Bin\..\lib\armlib\c_p.l(libinit2.o)
    0x00000212   0x00000212   0x0000000c   Code   RO         2917    .ARM.Collect$$libinit$$00000012  C:\Keil_v5\ARM\ARMCC\Bin\..\lib\armlib\c_p.l(libinit2.o)
    0x0000021e   0x0000021e   0x00000000   Code   RO         2918    .ARM.Collect$$libinit$$00000013  C:\Keil_v5\ARM\ARMCC\Bin\..\lib\armlib\c_p.l(libinit2.o)
    0x0000021e   0x0000021e   0x00000000   Code   RO         2920    .ARM.Collect$$libinit$$00000015  C:\Keil_v5\ARM\ARMCC\Bin\..\lib\armlib\c_p.l(libinit2.o)
    0x0000021e   0x0000021e   0x0000000a   Code   RO         2921    .ARM.Collect$$libinit$$00000016  C:\Keil_v5\ARM\ARMCC\Bin\..\lib\armlib\c_p.l(libinit2.o)
    0x00000228   0x00000228   0x00000000   Code   RO         2922    .ARM.Collect$$libinit$$00000017  C:\Keil_v5\ARM\ARMCC\Bin\..\lib\armlib\c_p.l(libinit2.o)
    0x00000228   0x00000228   0x00000000   Code   RO         2924    .ARM.Collect$$libinit$$00000019  C:\Keil_v5\ARM\ARMCC\Bin\..\lib\armlib\c_p.l(libinit2.o)
    0x00000228   0x00000228   0x00000000   Code   RO         2926    .ARM.Collect$$libinit$$0000001B  C:\Keil_v5\ARM\ARMCC\Bin\..\lib\armlib\c_p.l(libinit2.o)
    0x00000228   0x00000228   0x00000000   Code   RO         2928    .ARM.Collect$$libinit$$0000001D  C:\Keil_v5\ARM\ARMCC\Bin\..\lib\armlib\c_p.l(libinit2.o)
    0x00000228   0x00000228   0x00000000   Code   RO         2930    .ARM.Collect$$libinit$$0000001F  C:\Keil_v5\ARM\ARMCC\Bin\..\lib\armlib\c_p.l(libinit2.o)
    0x00000228   0x00000228   0x00000000   Code   RO         2932    .ARM.Collect$$libinit$$00000021  C:\Keil_v5\ARM\ARMCC\Bin\..\lib\armlib\c_p.l(libinit2.o)
    0x00000228   0x00000228   0x00000000   Code   RO         2934    .ARM.Collect$$libinit$$00000023  C:\Keil_v5\ARM\ARMCC\Bin\..\lib\armlib\c_p.l(libinit2.o)
    0x00000228   0x00000228   0x00000004   Code   RO         2935    .ARM.Collect$$libinit$$00000024  C:\Keil_v5\ARM\ARMCC\Bin\..\lib\armlib\c_p.l(libinit2.o)
    0x0000022c   0x0000022c   0x00000000   Code   RO         2936    .ARM.Collect$$libinit$$00000025  C:\Keil_v5\ARM\ARMCC\Bin\..\lib\armlib\c_p.l(libinit2.o)
    0x0000022c   0x0000022c   0x00000000   Code   RO         2940    .ARM.Collect$$libinit$$0000002C  C:\Keil_v5\ARM\ARMCC\Bin\..\lib\armlib\c_p.l(libinit2.o)
    0x0000022c   0x0000022c   0x00000000   Code   RO         2942    .ARM.Collect$$libinit$$0000002E  C:\Keil_v5\ARM\ARMCC\Bin\..\lib\armlib\c_p.l(libinit2.o)
    0x0000022c   0x0000022c   0x00000000   Code   RO         2944    .ARM.Collect$$libinit$$00000030  C:\Keil_v5\ARM\ARMCC\Bin\..\lib\armlib\c_p.l(libinit2.o)
    0x0000022c   0x0000022c   0x00000004   Code   RO         2945    .ARM.Collect$$libinit$$00000031  C:\Keil_v5\ARM\ARMCC\Bin\..\lib\armlib\c_p.l(libinit2.o)
    0x00000230   0x00000230   0x00000000   Code   RO         2946    .ARM.Collect$$libinit$$00000032  C:\Keil_v5\ARM\ARMCC\Bin\..\lib\armlib\c_p.l(libinit2.o)
    0x00000230   0x00000230   0x00000002   Code   RO         2947    .ARM.Collect$$libinit$$00000033  C:\Keil_v5\ARM\ARMCC\Bin\..\lib\armlib\c_p.l(libinit2.o)
    0x00000232   0x00000232   0x00000000   Code   RO         3122    .ARM.Collect$$libshutdown$$00000004  C:\Keil_v5\ARM\ARMCC\Bin\..\lib\armlib\c_p.l(libshutdown2.o)
    0x00000232   0x00000232   0x00000000   Code   RO         2750    .ARM.Collect$$rtentry$$00000000  C:\Keil_v5\ARM\ARMCC\Bin\..\lib\armlib\c_p.l(__rtentry.o)
    0x00000232   0x00000232   0x00000000   Code   RO         3000    .ARM.Collect$$rtentry$$00000002  C:\Keil_v5\ARM\ARMCC\Bin\..\lib\armlib\c_p.l(__rtentry2.o)
    0x00000232   0x00000232   0x00000006   Code   RO         3012    .ARM.Collect$$rtentry$$00000004  C:\Keil_v5\ARM\ARMCC\Bin\..\lib\armlib\c_p.l(__rtentry4.o)
    0x00000238   0x00000238   0x00000008   Code   RO         3001    .ARM.Collect$$rtentry$$00000008  C:\Keil_v5\ARM\ARMCC\Bin\..\lib\armlib\c_p.l(__rtentry2.o)
    0x00000240   0x00000240   0x00000004   Code   RO         3003    .ARM.Collect$$rtentry$$0000000A  C:\Keil_v5\ARM\ARMCC\Bin\..\lib\armlib\c_p.l(__rtentry2.o)
    0x00000244   0x00000244   0x00000000   Code   RO         3005    .ARM.Collect$$rtentry$$0000000C  C:\Keil_v5\ARM\ARMCC\Bin\..\lib\armlib\c_p.l(__rtentry2.o)
    0x00000244   0x00000244   0x00000008   Code   RO         3006    .ARM.Collect$$rtentry$$0000000D  C:\Keil_v5\ARM\ARMCC\Bin\..\lib\armlib\c_p.l(__rtentry2.o)
    0x0000024c   0x0000024c   0x00000042   Code   RO          804    .emb_text           .\build\monitor.o
    0x0000028e   0x0000028e   0x00000002   PAD
    0x00000290   0x00000290   0x00000038   Code   RO         2563    .emb_text           C:\Keil_v5\ARM\ARMCC\Bin\..\lib\armlib\c_p.l(rt_memcpy.o)
    0x000002c8   0x000002c8   0x00000000   Code   RO         3025    .emb_text           C:\Keil_v5\ARM\ARMCC\Bin\..\lib\armlib\c_p.l(maybetermalloc1.o)
    0x000002c8   0x000002c8   0x000000d0   Code   RO         1101    .text               mbed/TARGET_KL25Z/TOOLCHAIN_ARM_STD/except.o
    0x00000398   0x00000398   0x0000001c   Code   RO         1686    .text               mbed/TARGET_KL25Z/TOOLCHAIN_ARM_STD/startup_MKL25Z4.o
    0x000003b4   0x000003b4   0x00000008   Code   RO         2402    .text               C:\Keil_v5\ARM\ARMCC\Bin\..\lib\armlib\c_p.l(rt_errno_addr.o)
    0x000003bc   0x000003bc   0x00000020   Code   RO         2469    .text               C:\Keil_v5\ARM\ARMCC\Bin\..\lib\armlib\c_p.l(llshl.o)
    0x000003dc   0x000003dc   0x00000022   Code   RO         2471    .text               C:\Keil_v5\ARM\ARMCC\Bin\..\lib\armlib\c_p.l(llushr.o)
    0x000003fe   0x000003fe   0x00000002   Code   RO         3218    .text               C:\Keil_v5\ARM\ARMCC\Bin\..\lib\armlib\c_p.l(use_no_semi.o)
    0x00000400   0x00000400   0x00000010   Code   RO         1685    .ARM.__at_0x400     mbed/TARGET_KL25Z/TOOLCHAIN_ARM_STD/startup_MKL25Z4.o
    0x00000410   0x00000410   0x00000062   Code   RO         2411    .text               C:\Keil_v5\ARM\ARMCC\Bin\..\lib\armlib\c_p.l(h1_alloc.o)
    0x00000472   0x00000472   0x0000004c   Code   RO         2413    .text               C:\Keil_v5\ARM\ARMCC\Bin\..\lib\armlib\c_p.l(h1_free.o)
    0x000004be   0x000004be   0x00000030   Code   RO         2473    .text               C:\Keil_v5\ARM\ARMCC\Bin\..\lib\armlib\c_p.l(llmul.o)
    0x000004ee   0x000004ee   0x00000102   Code   RO         2475    .text               C:\Keil_v5\ARM\ARMCC\Bin\..\lib\armlib\c_p.l(lludiv.o)
    0x000005f0   0x000005f0   0x00000038   Code   RO         2477    .text               C:\Keil_v5\ARM\ARMCC\Bin\..\lib\armlib\c_p.l(vsnprintf.o)
    0x00000628   0x00000628   0x0000000e   Code   RO         2479    .text               C:\Keil_v5\ARM\ARMCC\Bin\..\lib\armlib\c_p.l(c89vfprintf.o)
    0x00000636   0x00000636   0x00000002   PAD
    0x00000638   0x00000638   0x0000002c   Code   RO         2481    .text               C:\Keil_v5\ARM\ARMCC\Bin\..\lib\armlib\c_p.l(__2sprintf.o)
    0x00000664   0x00000664   0x0000004e   Code   RO         2487    .text               C:\Keil_v5\ARM\ARMCC\Bin\..\lib\armlib\c_p.l(_printf_pad.o)
    0x000006b2   0x000006b2   0x00000002   PAD
    0x000006b4   0x000006b4   0x00000188   Code   RO         2506    .text               C:\Keil_v5\ARM\ARMCC\Bin\..\lib\armlib\c_p.l(__printf_flags_ss_wp.o)
    0x0000083c   0x0000083c   0x00000068   Code   RO         2517    .text               C:\Keil_v5\ARM\ARMCC\Bin\..\lib\armlib\c_p.l(fflush.o)
    0x000008a4   0x000008a4   0x000000f4   Code   RO         2531    .text               C:\Keil_v5\ARM\ARMCC\Bin\..\lib\armlib\c_p.l(fseek.o)
    0x00000998   0x00000998   0x000000e8   Code   RO         2533    .text               C:\Keil_v5\ARM\ARMCC\Bin\..\lib\armlib\c_p.l(fopen.o)
    0x00000a80   0x00000a80   0x0000001a   Code   RO         2535    .text               C:\Keil_v5\ARM\ARMCC\Bin\..\lib\armlib\c_p.l(setbuf.o)
    0x00000a9a   0x00000a9a   0x00000002   PAD
    0x00000a9c   0x00000a9c   0x0000004c   Code   RO         2543    .text               C:\Keil_v5\ARM\ARMCC\Bin\..\lib\armlib\c_p.l(fclose.o)
    0x00000ae8   0x00000ae8   0x00000020   Code   RO         2557    .text               C:\Keil_v5\ARM\ARMCC\Bin\..\lib\armlib\c_p.l(strspn.o)
    0x00000b08   0x00000b08   0x0000005a   Code   RO         2559    .text               C:\Keil_v5\ARM\ARMCC\Bin\..\lib\armlib\c_p.l(memcmp.o)
    0x00000b62   0x00000b62   0x00000002   PAD
    0x00000b64   0x00000b64   0x00000044   Code   RO         2561    .text               C:\Keil_v5\ARM\ARMCC\Bin\..\lib\armlib\c_p.l(strlen.o)
    0x00000ba8   0x00000ba8   0x00000040   Code   RO         2567    .text               C:\Keil_v5\ARM\ARMCC\Bin\..\lib\armlib\c_p.l(rt_memclr.o)
    0x00000be8   0x00000be8   0x000000a0   Code   RO         2569    .text               C:\Keil_v5\ARM\ARMCC\Bin\..\lib\armlib\c_p.l(strcmpv6m.o)
    0x00000c88   0x00000c88   0x000001e8   Code   RO         2571    .text               C:\Keil_v5\ARM\ARMCC\Bin\..\lib\armlib\c_p.l(aeabi_sdivfast.o)
    0x00000e70   0x00000e70   0x00000024   Code   RO         2580    .text               C:\Keil_v5\ARM\ARMCC\Bin\..\lib\armlib\c_p.l(init_aeabi.o)
    0x00000e94   0x00000e94   0x00000022   Code   RO         2692    .text               C:\Keil_v5\ARM\ARMCC\Bin\..\lib\cpplib\cpprt_p.l(aeabi_vec_dtor_noexceptions.o)
    0x00000eb6   0x00000eb6   0x00000002   PAD
    0x00000eb8   0x00000eb8   0x00000054   Code   RO         2700    .text               C:\Keil_v5\ARM\ARMCC\Bin\..\lib\armlib\fz_ps.l(f2d.o)
    0x00000f0c   0x00000f0c   0x00000160   Code   RO         2708    .text               C:\Keil_v5\ARM\ARMCC\Bin\..\lib\armlib\fz_ps.l(fdiv.o)
    0x0000106c   0x0000106c   0x00000030   Code   RO         2713    .text               C:\Keil_v5\ARM\ARMCC\Bin\..\lib\armlib\fz_ps.l(ffixui.o)
    0x0000109c   0x0000109c   0x0000004a   Code   RO         2715    .text               C:\Keil_v5\ARM\ARMCC\Bin\..\lib\armlib\fz_ps.l(ffixul.o)
    0x000010e6   0x000010e6   0x0000005e   Code   RO         2717    .text               C:\Keil_v5\ARM\ARMCC\Bin\..\lib\armlib\fz_ps.l(fflti.o)
    0x00001144   0x00001144   0x00000044   Code   RO         2723    .text               C:\Keil_v5\ARM\ARMCC\Bin\..\lib\armlib\fz_ps.l(fscalbn.o)
    0x00001188   0x00001188   0x00000008   Code   RO         2759    .text               C:\Keil_v5\ARM\ARMCC\Bin\..\lib\armlib\c_p.l(rt_heap_descriptor.o)
    0x00001190   0x00001190   0x00000004   Code   RO         2764    .text               C:\Keil_v5\ARM\ARMCC\Bin\..\lib\armlib\c_p.l(hguard.o)
    0x00001194   0x00001194   0x00000088   Code   RO         2766    .text               C:\Keil_v5\ARM\ARMCC\Bin\..\lib\armlib\c_p.l(init_alloc.o)
    0x0000121c   0x0000121c   0x0000000e   Code   RO         2770    .text               C:\Keil_v5\ARM\ARMCC\Bin\..\lib\armlib\c_p.l(h1_init.o)
    0x0000122a   0x0000122a   0x00000016   Code   RO         2784    .text               C:\Keil_v5\ARM\ARMCC\Bin\..\lib\armlib\c_p.l(_rserrno.o)
    0x00001240   0x00001240   0x00000024   Code   RO         2786    .text               C:\Keil_v5\ARM\ARMCC\Bin\..\lib\armlib\c_p.l(_printf_truncate.o)
    0x00001264   0x00001264   0x00000052   Code   RO         2788    .text               C:\Keil_v5\ARM\ARMCC\Bin\..\lib\armlib\c_p.l(_printf_str.o)
    0x000012b6   0x000012b6   0x00000002   PAD
    0x000012b8   0x000012b8   0x0000006c   Code   RO         2790    .text               C:\Keil_v5\ARM\ARMCC\Bin\..\lib\armlib\c_p.l(_printf_dec.o)
    0x00001324   0x00001324   0x00000026   Code   RO         2792    .text               C:\Keil_v5\ARM\ARMCC\Bin\..\lib\armlib\c_p.l(_printf_charcount.o)
    0x0000134a   0x0000134a   0x00000002   PAD
    0x0000134c   0x0000134c   0x00000418   Code   RO         2794    .text               C:\Keil_v5\ARM\ARMCC\Bin\..\lib\armlib\c_p.l(_printf_fp_dec.o)
    0x00001764   0x00001764   0x00000030   Code   RO         2796    .text               C:\Keil_v5\ARM\ARMCC\Bin\..\lib\armlib\c_p.l(_printf_char_common.o)
    0x00001794   0x00001794   0x0000000a   Code   RO         2798    .text               C:\Keil_v5\ARM\ARMCC\Bin\..\lib\armlib\c_p.l(_sputc.o)
    0x0000179e   0x0000179e   0x00000010   Code   RO         2800    .text               C:\Keil_v5\ARM\ARMCC\Bin\..\lib\armlib\c_p.l(_snputc.o)
    0x000017ae   0x000017ae   0x00000002   PAD
    0x000017b0   0x000017b0   0x00000028   Code   RO         2802    .text               C:\Keil_v5\ARM\ARMCC\Bin\..\lib\armlib\c_p.l(_printf_char_file.o)
    0x000017d8   0x000017d8   0x000000bc   Code   RO         2804    .text               C:\Keil_v5\ARM\ARMCC\Bin\..\lib\armlib\c_p.l(_printf_wctomb.o)
    0x00001894   0x00001894   0x00000070   Code   RO         2807    .text               C:\Keil_v5\ARM\ARMCC\Bin\..\lib\armlib\c_p.l(_printf_longlong_dec.o)
    0x00001904   0x00001904   0x00000070   Code   RO         2813    .text               C:\Keil_v5\ARM\ARMCC\Bin\..\lib\armlib\c_p.l(_printf_oct_int_ll.o)
    0x00001974   0x00001974   0x00000098   Code   RO         2833    .text               C:\Keil_v5\ARM\ARMCC\Bin\..\lib\armlib\c_p.l(_printf_hex_int_ll_ptr.o)
    0x00001a0c   0x00001a0c   0x00000008   Code   RO         2876    .text               C:\Keil_v5\ARM\ARMCC\Bin\..\lib\armlib\c_p.l(ferror.o)
    0x00001a14   0x00001a14   0x000001f0   Code   RO         2880    .text               C:\Keil_v5\ARM\ARMCC\Bin\..\lib\armlib\c_p.l(flsbuf.o)
    0x00001c04   0x00001c04   0x00000042   Code   RO         2882    .text               C:\Keil_v5\ARM\ARMCC\Bin\..\lib\armlib\c_p.l(ftell.o)
    0x00001c46   0x00001c46   0x00000002   PAD
    0x00001c48   0x00001c48   0x0000004c   Code   RO         2884    .text               C:\Keil_v5\ARM\ARMCC\Bin\..\lib\armlib\c_p.l(setvbuf.o)
    0x00001c94   0x00001c94   0x000000f0   Code   RO         2886    .text               C:\Keil_v5\ARM\ARMCC\Bin\..\lib\armlib\c_p.l(stdio.o)
    0x00001d84   0x00001d84   0x0000013c   Code   RO         2889    .text               C:\Keil_v5\ARM\ARMCC\Bin\..\lib\armlib\c_p.l(initio.o)
    0x00001ec0   0x00001ec0   0x0000000c   Code   RO         2897    .text               C:\Keil_v5\ARM\ARMCC\Bin\..\lib\armlib\c_p.l(defsig_pvfn_outer.o)
    0x00001ecc   0x00001ecc   0x0000008a   Code   RO         2968    .text               C:\Keil_v5\ARM\ARMCC\Bin\..\lib\armlib\fz_ps.l(ffixir.o)
    0x00001f56   0x00001f56   0x00000002   PAD
    0x00001f58   0x00001f58   0x00000090   Code   RO         2970    .text               C:\Keil_v5\ARM\ARMCC\Bin\..\lib\armlib\fz_ps.l(fsqrt.o)
    0x00001fe8   0x00001fe8   0x00000008   Code   RO         3018    .text               C:\Keil_v5\ARM\ARMCC\Bin\..\lib\armlib\c_p.l(rt_locale.o)
    0x00001ff0   0x00001ff0   0x00000034   Code   RO         3027    .text               C:\Keil_v5\ARM\ARMCC\Bin\..\lib\armlib\c_p.l(h1_extend.o)
    0x00002024   0x00002024   0x0000007a   Code   RO         3031    .text               C:\Keil_v5\ARM\ARMCC\Bin\..\lib\armlib\c_p.l(lludiv10.o)
    0x0000209e   0x0000209e   0x000000b0   Code   RO         3035    .text               C:\Keil_v5\ARM\ARMCC\Bin\..\lib\armlib\c_p.l(_printf_intcommon.o)
    0x0000214e   0x0000214e   0x00000002   PAD
    0x00002150   0x00002150   0x000002d8   Code   RO         3037    .text               C:\Keil_v5\ARM\ARMCC\Bin\..\lib\armlib\c_p.l(_printf_fp_hex.o)
    0x00002428   0x00002428   0x00000088   Code   RO         3040    .text               C:\Keil_v5\ARM\ARMCC\Bin\..\lib\armlib\c_p.l(_printf_fp_infnan.o)
    0x000024b0   0x000024b0   0x0000002e   Code   RO         3044    .text               C:\Keil_v5\ARM\ARMCC\Bin\..\lib\armlib\c_p.l(_printf_char.o)
    0x000024de   0x000024de   0x0000002e   Code   RO         3048    .text               C:\Keil_v5\ARM\ARMCC\Bin\..\lib\armlib\c_p.l(_printf_wchar.o)
    0x0000250c   0x0000250c   0x000000d8   Code   RO         3058    .text               C:\Keil_v5\ARM\ARMCC\Bin\..\lib\armlib\c_p.l(bigflt0.o)
    0x000025e4   0x000025e4   0x00000580   Code   RO         3061    .text               C:\Keil_v5\ARM\ARMCC\Bin\..\lib\armlib\c_p.l(btod.o)
    0x00002b64   0x00002b64   0x00000040   Code   RO         3091    .text               C:\Keil_v5\ARM\ARMCC\Bin\..\lib\armlib\c_p.l(_wcrtomb.o)
    0x00002ba4   0x00002ba4   0x0000000c   Code   RO         3096    .text               C:\Keil_v5\ARM\ARMCC\Bin\..\lib\armlib\c_p.l(defsig_exit.o)
    0x00002bb0   0x00002bb0   0x0000000c   Code   RO         3098    .text               C:\Keil_v5\ARM\ARMCC\Bin\..\lib\armlib\c_p.l(defsig_rtred_outer.o)
    0x00002bbc   0x00002bbc   0x0000000c   Code   RO         3102    .text               C:\Keil_v5\ARM\ARMCC\Bin\..\lib\armlib\c_p.l(defsig_rtmem_outer.o)
    0x00002bc8   0x00002bc8   0x00000030   Code   RO         3106    .text               C:\Keil_v5\ARM\ARMCC\Bin\..\lib\armlib\c_p.l(defsig_pvfn_inner.o)
    0x00002bf8   0x00002bf8   0x00000028   Code   RO         3110    .text               C:\Keil_v5\ARM\ARMCC\Bin\..\lib\armlib\c_p.l(rtudiv10.o)
    0x00002c20   0x00002c20   0x00000050   Code   RO         3112    .text               C:\Keil_v5\ARM\ARMCC\Bin\..\lib\armlib\c_p.l(heapauxa.o)
    0x00002c70   0x00002c70   0x0000000c   Code   RO         3155    .text               C:\Keil_v5\ARM\ARMCC\Bin\..\lib\armlib\c_p.l(sys_exit.o)
    0x00002c7c   0x00002c7c   0x00000010   Code   RO         3157    .text               C:\Keil_v5\ARM\ARMCC\Bin\..\lib\armlib\c_p.l(rt_ctype_table.o)
    0x00002c8c   0x00002c8c   0x00000034   Code   RO         3172    .text               C:\Keil_v5\ARM\ARMCC\Bin\..\lib\armlib\c_p.l(defsig_general.o)
    0x00002cc0   0x00002cc0   0x00000034   Code   RO         3178    .text               C:\Keil_v5\ARM\ARMCC\Bin\..\lib\armlib\c_p.l(defsig_rtred_inner.o)
    0x00002cf4   0x00002cf4   0x00000050   Code   RO         3180    .text               C:\Keil_v5\ARM\ARMCC\Bin\..\lib\armlib\c_p.l(defsig_rtmem_inner.o)
    0x00002d44   0x00002d44   0x0000000c   Code   RO         3216    .text               C:\Keil_v5\ARM\ARMCC\Bin\..\lib\armlib\c_p.l(sys_wrch.o)
    0x00002d50   0x00002d50   0x00000000   Code   RO         3220    .text               C:\Keil_v5\ARM\ARMCC\Bin\..\lib\armlib\c_p.l(indicate_semi.o)
    0x00002d50   0x00002d50   0x00000056   Code   RO         3305    .text               C:\Keil_v5\ARM\ARMCC\Bin\..\lib\armlib\c_p.l(__dczerorl2.o)
    0x00002da6   0x00002da6   0x0000000c   Code   RO         1531    i.$Sub$$main        mbed/TARGET_KL25Z/TOOLCHAIN_ARM_STD/mbed_sdk_boot.o
    0x00002db2   0x00002db2   0x0000000c   Code   RO         1782    i.<Func1>           mbed/TARGET_KL25Z/TOOLCHAIN_ARM_STD/mbed.ar(SerialBase.o)
    0x00002dbe   0x00002dbe   0x00000010   Code   RO         1209    i.NMI_Handler       mbed/TARGET_KL25Z/TOOLCHAIN_ARM_STD/mbed_overrides.o
    0x00002dce   0x00002dce   0x00000002   PAD
    0x00002dd0   0x00002dd0   0x00000098   Code   RO         1691    i.SystemInit        mbed/TARGET_KL25Z/TOOLCHAIN_ARM_STD/system_MKL25Z4.o
    0x00002e68   0x00002e68   0x0000002c   Code   RO          988    i.UART_direct_hex_put  .\build\uart_poll.o
    0x00002e94   0x00002e94   0x00000020   Code   RO          989    i.UART_direct_msg_put  .\build\uart_poll.o
    0x00002eb4   0x00002eb4   0x0000002c   Code   RO          990    i.UART_get          .\build\uart_poll.o
    0x00002ee0   0x00002ee0   0x0000001c   Code   RO          992    i.UART_input        .\build\uart_poll.o
    0x00002efc   0x00002efc   0x000000a0   Code   RO          805    i.UART_msg_process  .\build\monitor.o
    0x00002f9c   0x00002f9c   0x0000002c   Code   RO          993    i.UART_msg_put      .\build\uart_poll.o
    0x00002fc8   0x00002fc8   0x00000020   Code   RO          994    i.UART_put          .\build\uart_poll.o
    0x00002fe8   0x00002fe8   0x0000002c   Code   RO          806    i._Z10debug_modev   .\build\monitor.o
    0x00003014   0x00003014   0x00000012   Code   RO          996    i._Z10hex_to_asch   .\build\uart_poll.o
    0x00003026   0x00003026   0x00000002   PAD
    0x00003028   0x00003028   0x00000028   Code   RO          807    i._Z10quiet_modev   .\build\monitor.o
    0x00003050   0x00003050   0x00000020   Code   RO          808    i._Z11normal_modev  .\build\monitor.o
    0x00003070   0x00003070   0x00000026   Code   RO          809    i._Z12strcmp_arrayPhS_  .\build\monitor.o
    0x00003096   0x00003096   0x00000002   PAD
    0x00003098   0x00003098   0x00000160   Code   RO          714    i._Z13calculateFlowjt  .\build\flowmeter.o
    0x000031f8   0x000031f8   0x00000090   Code   RO         1216    i._Z18reserve_filehandlev  mbed/TARGET_KL25Z/TOOLCHAIN_ARM_STD/mbed_retarget.o
    0x00003288   0x00003288   0x0000005c   Code   RO          769    i._Z19Adc_ReadMesaurementh  .\build\adc.o
    0x000032e4   0x000032e4   0x00000060   Code   RO          770    i._Z20Adc_StartCalibrationv  .\build\adc.o
    0x00003344   0x00003344   0x00000020   Code   RO            3    i._Z4flipv          .\build\main.o
    0x00003364   0x00003364   0x00000030   Code   RO          810    i._Z5stackv         .\build\monitor.o
    0x00003394   0x00003394   0x00000020   Code   RO            4    i._Z6flip_rv        .\build\main.o
    0x000033b4   0x000033b4   0x0000009c   Code   RO         1217    i._Z7get_fhci       mbed/TARGET_KL25Z/TOOLCHAIN_ARM_STD/mbed_retarget.o
    0x00003450   0x00003450   0x00000034   Code   RO          812    i._Z7memeoryv       .\build\monitor.o
    0x00003484   0x00003484   0x0000004c   Code   RO          813    i._Z7versionv       .\build\monitor.o
    0x000034d0   0x000034d0   0x00000094   Code   RO          771    i._Z8Adc_Initv      .\build\adc.o
    0x00003564   0x00003564   0x00000034   Code   RO          814    i._Z9registersv     .\build\monitor.o
    0x00003598   0x00003598   0x00000006   Code   RO         1460    i._ZN12DirectSerial4seekEli  mbed/TARGET_KL25Z/TOOLCHAIN_ARM_STD/mbed_retarget.o
    0x0000359e   0x0000359e   0x00000006   Code   RO         1463    i._ZN12DirectSerial4sizeEv  mbed/TARGET_KL25Z/TOOLCHAIN_ARM_STD/mbed_retarget.o
    0x000035a4   0x000035a4   0x00000004   Code   RO         1469    i._ZN12DirectSerial5closeEv  mbed/TARGET_KL25Z/TOOLCHAIN_ARM_STD/mbed_retarget.o
    0x000035a8   0x000035a8   0x00000024   Code   RO         1219    i._ZN12DirectSerial5writeEPKvj  mbed/TARGET_KL25Z/TOOLCHAIN_ARM_STD/mbed_retarget.o
    0x000035cc   0x000035cc   0x00000004   Code   RO         1466    i._ZN12DirectSerial6isattyEv  mbed/TARGET_KL25Z/TOOLCHAIN_ARM_STD/mbed_retarget.o
    0x000035d0   0x000035d0   0x00000002   Code   RO         1454    i._ZN12DirectSerialD1Ev  mbed/TARGET_KL25Z/TOOLCHAIN_ARM_STD/mbed_retarget.o
    0x000035d2   0x000035d2   0x0000001c   Code   RO           69    i._ZN4mbed10DigitalOutC1E7PinNamei  .\build\main.o
    0x000035ee   0x000035ee   0x00000002   PAD
    0x000035f0   0x000035f0   0x00000070   Code   RO           51    i._ZN4mbed10DigitalOutaSEi  .\build\main.o
    0x00003660   0x00003660   0x00000074   Code   RO           45    i._ZN4mbed10DigitalOutcviEv  .\build\main.o
    0x000036d4   0x000036d4   0x00000032   Code   RO         1999    i._ZN4mbed10FileHandle4sizeEv  mbed/TARGET_KL25Z/TOOLCHAIN_ARM_STD/mbed.ar(FileHandle.o)
    0x00003706   0x00003706   0x00000004   Code   RO         1490    i._ZN4mbed10FileHandle4syncEv  mbed/TARGET_KL25Z/TOOLCHAIN_ARM_STD/mbed_retarget.o
    0x0000370a   0x0000370a   0x00000004   Code   RO         2013    i._ZN4mbed10FileHandle6isattyEv  mbed/TARGET_KL25Z/TOOLCHAIN_ARM_STD/mbed.ar(FileHandle.o)
    0x0000370e   0x0000370e   0x0000000e   Code   RO         1784    i._ZN4mbed10SerialBase10_base_putcEi  mbed/TARGET_KL25Z/TOOLCHAIN_ARM_STD/mbed.ar(SerialBase.o)
    0x0000371c   0x0000371c   0x00000012   Code   RO         1787    i._ZN4mbed10SerialBase12_irq_handlerEj9SerialIrq  mbed/TARGET_KL25Z/TOOLCHAIN_ARM_STD/mbed.ar(SerialBase.o)
    0x0000372e   0x0000372e   0x00000002   Code   RO         1789    i._ZN4mbed10SerialBase4lockEv  mbed/TARGET_KL25Z/TOOLCHAIN_ARM_STD/mbed.ar(SerialBase.o)
    0x00003730   0x00003730   0x00000002   Code   RO         1792    i._ZN4mbed10SerialBase6unlockEv  mbed/TARGET_KL25Z/TOOLCHAIN_ARM_STD/mbed.ar(SerialBase.o)
    0x00003732   0x00003732   0x00000002   PAD
    0x00003734   0x00003734   0x00000098   Code   RO         1796    i._ZN4mbed10SerialBaseC1E7PinNameS1_i  mbed/TARGET_KL25Z/TOOLCHAIN_ARM_STD/mbed.ar(SerialBase.o)
    0x000037cc   0x000037cc   0x00000100   Code   RO         1798    i._ZN4mbed10SerialBaseD1Ev  mbed/TARGET_KL25Z/TOOLCHAIN_ARM_STD/mbed.ar(SerialBase.o)
    0x000038cc   0x000038cc   0x00000012   Code   RO         1885    i._ZN4mbed10TimerEvent15insert_absoluteEy  mbed/TARGET_KL25Z/TOOLCHAIN_ARM_STD/mbed.ar(TimerEvent.o)
    0x000038de   0x000038de   0x00000006   Code   RO         1886    i._ZN4mbed10TimerEvent3irqEj  mbed/TARGET_KL25Z/TOOLCHAIN_ARM_STD/mbed.ar(TimerEvent.o)
    0x000038e4   0x000038e4   0x00000010   Code   RO         1888    i._ZN4mbed10TimerEvent6removeEv  mbed/TARGET_KL25Z/TOOLCHAIN_ARM_STD/mbed.ar(TimerEvent.o)
    0x000038f4   0x000038f4   0x0000002c   Code   RO         1890    i._ZN4mbed10TimerEventC2Ev  mbed/TARGET_KL25Z/TOOLCHAIN_ARM_STD/mbed.ar(TimerEvent.o)
    0x00003920   0x00003920   0x0000001c   Code   RO         1892    i._ZN4mbed10TimerEventD2Ev  mbed/TARGET_KL25Z/TOOLCHAIN_ARM_STD/mbed.ar(TimerEvent.o)
    0x0000393c   0x0000393c   0x00000060   Code   RO         1224    i._ZN4mbed17remove_filehandleEPNS_10FileHandleE  mbed/TARGET_KL25Z/TOOLCHAIN_ARM_STD/mbed_retarget.o
    0x0000399c   0x0000399c   0x0000000a   Code   RO         1226    i._ZN4mbed26mbed_set_unbuffered_streamEPSt6__FILE  mbed/TARGET_KL25Z/TOOLCHAIN_ARM_STD/mbed_retarget.o
    0x000039a6   0x000039a6   0x00000002   Code   RO         1723    i._ZN4mbed6Serial4lockEv  mbed/TARGET_KL25Z/TOOLCHAIN_ARM_STD/mbed.ar(Serial.o)
    0x000039a8   0x000039a8   0x00000002   Code   RO         1726    i._ZN4mbed6Serial6unlockEv  mbed/TARGET_KL25Z/TOOLCHAIN_ARM_STD/mbed.ar(Serial.o)
    0x000039aa   0x000039aa   0x00000002   PAD
    0x000039ac   0x000039ac   0x00000030   Code   RO         1727    i._ZN4mbed6SerialC1E7PinNameS1_PKci  mbed/TARGET_KL25Z/TOOLCHAIN_ARM_STD/mbed.ar(Serial.o)
    0x000039dc   0x000039dc   0x00000028   Code   RO         1758    i._ZN4mbed6SerialD1Ev  mbed/TARGET_KL25Z/TOOLCHAIN_ARM_STD/mbed.ar(Serial.o)
    0x00003a04   0x00003a04   0x00000002   Code   RO         2128    i._ZN4mbed6Stream4lockEv  mbed/TARGET_KL25Z/TOOLCHAIN_ARM_STD/mbed.ar(Stream.o)
    0x00003a06   0x00003a06   0x00000004   Code   RO         2053    i._ZN4mbed6Stream4seekEli  mbed/TARGET_KL25Z/TOOLCHAIN_ARM_STD/mbed.ar(Stream.o)
    0x00003a0a   0x00003a0a   0x00000004   Code   RO         2054    i._ZN4mbed6Stream4sizeEv  mbed/TARGET_KL25Z/TOOLCHAIN_ARM_STD/mbed.ar(Stream.o)
    0x00003a0e   0x00003a0e   0x00000004   Code   RO         2055    i._ZN4mbed6Stream4syncEv  mbed/TARGET_KL25Z/TOOLCHAIN_ARM_STD/mbed.ar(Stream.o)
    0x00003a12   0x00003a12   0x00000004   Code   RO         2057    i._ZN4mbed6Stream5closeEv  mbed/TARGET_KL25Z/TOOLCHAIN_ARM_STD/mbed.ar(Stream.o)
    0x00003a16   0x00003a16   0x00000036   Code   RO         2059    i._ZN4mbed6Stream5writeEPKvj  mbed/TARGET_KL25Z/TOOLCHAIN_ARM_STD/mbed.ar(Stream.o)
    0x00003a4c   0x00003a4c   0x00000004   Code   RO         2060    i._ZN4mbed6Stream6isattyEv  mbed/TARGET_KL25Z/TOOLCHAIN_ARM_STD/mbed.ar(Stream.o)
    0x00003a50   0x00003a50   0x00000038   Code   RO         2061    i._ZN4mbed6Stream6printfEPKcz  mbed/TARGET_KL25Z/TOOLCHAIN_ARM_STD/mbed.ar(Stream.o)
    0x00003a88   0x00003a88   0x00000002   Code   RO         2131    i._ZN4mbed6Stream6unlockEv  mbed/TARGET_KL25Z/TOOLCHAIN_ARM_STD/mbed.ar(Stream.o)
    0x00003a8a   0x00003a8a   0x00000002   PAD
    0x00003a8c   0x00003a8c   0x00000068   Code   RO         2065    i._ZN4mbed6StreamC2EPKc  mbed/TARGET_KL25Z/TOOLCHAIN_ARM_STD/mbed.ar(Stream.o)
    0x00003af4   0x00003af4   0x00000024   Code   RO         2067    i._ZN4mbed6StreamD2Ev  mbed/TARGET_KL25Z/TOOLCHAIN_ARM_STD/mbed.ar(Stream.o)
    0x00003b18   0x00003b18   0x00000026   Code   RO         1859    i._ZN4mbed6Ticker7handlerEv  mbed/TARGET_KL25Z/TOOLCHAIN_ARM_STD/mbed.ar(Ticker.o)
    0x00003b3e   0x00003b3e   0x0000007a   Code   RO         1860    i._ZN4mbed6Ticker9attach_usENS_8CallbackIFvvEEEy  mbed/TARGET_KL25Z/TOOLCHAIN_ARM_STD/mbed.ar(Ticker.o)
    0x00003bb8   0x00003bb8   0x00000088   Code   RO         1873    i._ZN4mbed6TickerD1Ev  mbed/TARGET_KL25Z/TOOLCHAIN_ARM_STD/mbed.ar(Ticker.o)
    0x00003c40   0x00003c40   0x000000ac   Code   RO         1228    i._ZN4mbed6fdopenEPNS_10FileHandleEPKc  mbed/TARGET_KL25Z/TOOLCHAIN_ARM_STD/mbed_retarget.o
    0x00003cec   0x00003cec   0x0000009c   Code   RO         2343    i._ZN4mbed8FileBase6lookupEPKcj  mbed/TARGET_KL25Z/TOOLCHAIN_ARM_STD/mbed.ar(FileBase.o)
    0x00003d88   0x00003d88   0x00000040   Code   RO         2345    i._ZN4mbed8FileBaseC1EPKcNS_8PathTypeE  mbed/TARGET_KL25Z/TOOLCHAIN_ARM_STD/mbed.ar(FileBase.o)
    0x00003dc8   0x00003dc8   0x00000060   Code   RO         2347    i._ZN4mbed8FileBaseD1Ev  mbed/TARGET_KL25Z/TOOLCHAIN_ARM_STD/mbed.ar(FileBase.o)
    0x00003e28   0x00003e28   0x00000020   Code   RO         2022    i._ZN4mbed8FilePath10fileSystemEv  mbed/TARGET_KL25Z/TOOLCHAIN_ARM_STD/mbed.ar(FilePath.o)
    0x00003e48   0x00003e48   0x00000020   Code   RO         2024    i._ZN4mbed8FilePath4fileEv  mbed/TARGET_KL25Z/TOOLCHAIN_ARM_STD/mbed.ar(FilePath.o)
    0x00003e68   0x00003e68   0x0000000a   Code   RO         2025    i._ZN4mbed8FilePath6existsEv  mbed/TARGET_KL25Z/TOOLCHAIN_ARM_STD/mbed.ar(FilePath.o)
    0x00003e72   0x00003e72   0x00000018   Code   RO         2026    i._ZN4mbed8FilePath6isFileEv  mbed/TARGET_KL25Z/TOOLCHAIN_ARM_STD/mbed.ar(FilePath.o)
    0x00003e8a   0x00003e8a   0x00000002   PAD
    0x00003e8c   0x00003e8c   0x00000060   Code   RO         2028    i._ZN4mbed8FilePathC1EPKc  mbed/TARGET_KL25Z/TOOLCHAIN_ARM_STD/mbed.ar(FilePath.o)
    0x00003eec   0x00003eec   0x00000002   Code   RO         1729    i._ZThn48_N4mbed6Serial4lockEv  mbed/TARGET_KL25Z/TOOLCHAIN_ARM_STD/mbed.ar(Serial.o)
    0x00003eee   0x00003eee   0x0000000a   Code   RO         1731    i._ZThn48_N4mbed6Serial5_putcEi  mbed/TARGET_KL25Z/TOOLCHAIN_ARM_STD/mbed.ar(Serial.o)
    0x00003ef8   0x00003ef8   0x00000002   Code   RO         1732    i._ZThn48_N4mbed6Serial6unlockEv  mbed/TARGET_KL25Z/TOOLCHAIN_ARM_STD/mbed.ar(Serial.o)
    0x00003efa   0x00003efa   0x00000030   Code   RO         3063    i.__ARM_common_ll_muluu  C:\Keil_v5\ARM\ARMCC\Bin\..\lib\armlib\c_p.l(btod.o)
    0x00003f2a   0x00003f2a   0x00000016   Code   RO         1192    i.__ARM_common_memcpy1_5  mbed/TARGET_KL25Z/TOOLCHAIN_ARM_STD/mbed_board.o
    0x00003f40   0x00003f40   0x0000001a   Code   RO          915    i.__ARM_common_switch8  .\build\monitor.o
    0x00003f5a   0x00003f5a   0x00000002   PAD
    0x00003f5c   0x00003f5c   0x0000002c   Code   RO         3153    i.__ARM_fpclassify  C:\Keil_v5\ARM\ARMCC\Bin\..\lib\armlib\m_ps.l(fpclassify.o)
    0x00003f88   0x00003f88   0x00000022   Code   RO         2983    i.__ARM_fpclassifyf  C:\Keil_v5\ARM\ARMCC\Bin\..\lib\armlib\m_ps.l(fpclassifyf.o)
    0x00003faa   0x00003faa   0x00000022   Code   RO         2695    i.__aeabi_vec_ctor_nocookie_nodtor  C:\Keil_v5\ARM\ARMCC\Bin\..\lib\cpplib\cpprt_p.l(aeabi_vec_ctor_nocookie_nodtor.o)
    0x00003fcc   0x00003fcc   0x00000058   Code   RO         1240    i.__cxa_guard_acquire  mbed/TARGET_KL25Z/TOOLCHAIN_ARM_STD/mbed_retarget.o
    0x00004024   0x00004024   0x00000068   Code   RO         1241    i.__cxa_guard_release  mbed/TARGET_KL25Z/TOOLCHAIN_ARM_STD/mbed_retarget.o
    0x0000408c   0x0000408c   0x0000000a   Code   RO         2583    i.__cxa_pure_virtual  C:\Keil_v5\ARM\ARMCC\Bin\..\lib\cpplib\cpprt_p.l(pure_virt.o)
    0x00004096   0x00004096   0x0000000e   Code   RO         2985    i.__mathlib_flt_divzero  C:\Keil_v5\ARM\ARMCC\Bin\..\lib\armlib\m_ps.l(funder.o)
    0x000040a4   0x000040a4   0x00000008   Code   RO         2987    i.__mathlib_flt_infnan2  C:\Keil_v5\ARM\ARMCC\Bin\..\lib\armlib\m_ps.l(funder.o)
    0x000040ac   0x000040ac   0x0000000c   Code   RO         2988    i.__mathlib_flt_invalid  C:\Keil_v5\ARM\ARMCC\Bin\..\lib\armlib\m_ps.l(funder.o)
    0x000040b8   0x000040b8   0x0000000e   Code   RO         2989    i.__mathlib_flt_overflow  C:\Keil_v5\ARM\ARMCC\Bin\..\lib\armlib\m_ps.l(funder.o)
    0x000040c6   0x000040c6   0x0000000e   Code   RO         2991    i.__mathlib_flt_underflow  C:\Keil_v5\ARM\ARMCC\Bin\..\lib\armlib\m_ps.l(funder.o)
    0x000040d4   0x000040d4   0x00000074   Code   RO            5    i.__sti___8_main_cpp_1ca0aaea  .\build\main.o
    0x00004148   0x00004148   0x00000008   Code   RO         1242    i.__user_setup_stackheap  mbed/TARGET_KL25Z/TOOLCHAIN_ARM_STD/mbed_retarget.o
    0x00004150   0x00004150   0x0000000e   Code   RO         2499    i._is_digit         C:\Keil_v5\ARM\ARMCC\Bin\..\lib\armlib\c_p.l(__printf_wp.o)
    0x0000415e   0x0000415e   0x00000002   PAD
    0x00004160   0x00004160   0x00000010   Code   RO         1243    i._mbed_user_setup_stackheap  mbed/TARGET_KL25Z/TOOLCHAIN_ARM_STD/mbed_retarget.o
    0x00004170   0x00004170   0x00000020   Code   RO         1532    i._platform_post_stackheap_init  mbed/TARGET_KL25Z/TOOLCHAIN_ARM_STD/mbed_sdk_boot.o
    0x00004190   0x00004190   0x00000040   Code   RO         1244    i._sys_close        mbed/TARGET_KL25Z/TOOLCHAIN_ARM_STD/mbed_retarget.o
    0x000041d0   0x000041d0   0x00000030   Code   RO         1247    i._sys_flen         mbed/TARGET_KL25Z/TOOLCHAIN_ARM_STD/mbed_retarget.o
    0x00004200   0x00004200   0x0000002e   Code   RO         1248    i._sys_istty        mbed/TARGET_KL25Z/TOOLCHAIN_ARM_STD/mbed_retarget.o
    0x0000422e   0x0000422e   0x00000002   PAD
    0x00004230   0x00004230   0x000000c0   Code   RO         1249    i._sys_open         mbed/TARGET_KL25Z/TOOLCHAIN_ARM_STD/mbed_retarget.o
    0x000042f0   0x000042f0   0x00000038   Code   RO         1251    i._sys_seek         mbed/TARGET_KL25Z/TOOLCHAIN_ARM_STD/mbed_retarget.o
    0x00004328   0x00004328   0x0000006c   Code   RO         1252    i._sys_write        mbed/TARGET_KL25Z/TOOLCHAIN_ARM_STD/mbed_retarget.o
    0x00004394   0x00004394   0x000000a0   Code   RO          815    i.chk_UART_msg      .\build\monitor.o
    0x00004434   0x00004434   0x0000000c   Code   RO         2146    i.core_util_are_interrupts_enabled  mbed/TARGET_KL25Z/TOOLCHAIN_ARM_STD/mbed.ar(mbed_critical.o)
    0x00004440   0x00004440   0x00000034   Code   RO         2152    i.core_util_atomic_decr_u16  mbed/TARGET_KL25Z/TOOLCHAIN_ARM_STD/mbed.ar(mbed_critical.o)
    0x00004474   0x00004474   0x00000038   Code   RO         2156    i.core_util_atomic_flag_test_and_set  mbed/TARGET_KL25Z/TOOLCHAIN_ARM_STD/mbed.ar(mbed_critical.o)
    0x000044ac   0x000044ac   0x00000034   Code   RO         2158    i.core_util_atomic_incr_u16  mbed/TARGET_KL25Z/TOOLCHAIN_ARM_STD/mbed.ar(mbed_critical.o)
    0x000044e0   0x000044e0   0x0000005c   Code   RO         2161    i.core_util_critical_section_enter  mbed/TARGET_KL25Z/TOOLCHAIN_ARM_STD/mbed.ar(mbed_critical.o)
    0x0000453c   0x0000453c   0x00000024   Code   RO         2162    i.core_util_critical_section_exit  mbed/TARGET_KL25Z/TOOLCHAIN_ARM_STD/mbed.ar(mbed_critical.o)
    0x00004560   0x00004560   0x0000000c   Code   RO         2164    i.core_util_is_isr_active  mbed/TARGET_KL25Z/TOOLCHAIN_ARM_STD/mbed.ar(mbed_critical.o)
    0x0000456c   0x0000456c   0x00000078   Code   RO         1256    i.exit              mbed/TARGET_KL25Z/TOOLCHAIN_ARM_STD/mbed_retarget.o
    0x000045e4   0x000045e4   0x0000001e   Code   RO         2526    i.fputc             C:\Keil_v5\ARM\ARMCC\Bin\..\lib\armlib\c_p.l(fputc.o)
    0x00004602   0x00004602   0x00000002   PAD
    0x00004604   0x00004604   0x00000008   Code   RO         1985    i.get_us_ticker_data  mbed/TARGET_KL25Z/TOOLCHAIN_ARM_STD/mbed.ar(mbed_us_ticker_api.o)
    0x0000460c   0x0000460c   0x00000050   Code   RO         1105    i.gpio_dir          mbed/TARGET_KL25Z/TOOLCHAIN_ARM_STD/gpio_api.o
    0x0000465c   0x0000465c   0x0000003c   Code   RO         1106    i.gpio_init         mbed/TARGET_KL25Z/TOOLCHAIN_ARM_STD/gpio_api.o
    0x00004698   0x00004698   0x00000022   Code   RO         1920    i.gpio_init_in      mbed/TARGET_KL25Z/TOOLCHAIN_ARM_STD/mbed.ar(mbed_gpio.o)
    0x000046ba   0x000046ba   0x00000002   PAD
    0x000046bc   0x000046bc   0x00000040   Code   RO         1923    i.gpio_init_out     mbed/TARGET_KL25Z/TOOLCHAIN_ARM_STD/mbed.ar(mbed_gpio.o)
    0x000046fc   0x000046fc   0x00000090   Code   RO         1924    i.gpio_init_out_ex  mbed/TARGET_KL25Z/TOOLCHAIN_ARM_STD/mbed.ar(mbed_gpio.o)
    0x0000478c   0x0000478c   0x0000000e   Code   RO         1107    i.gpio_mode         mbed/TARGET_KL25Z/TOOLCHAIN_ARM_STD/gpio_api.o
    0x0000479a   0x0000479a   0x00000002   PAD
    0x0000479c   0x0000479c   0x00000020   Code   RO         2328    i.hal_critical_section_enter  mbed/TARGET_KL25Z/TOOLCHAIN_ARM_STD/mbed.ar(mbed_critical_section_api.o)
    0x000047bc   0x000047bc   0x0000004c   Code   RO         2329    i.hal_critical_section_exit  mbed/TARGET_KL25Z/TOOLCHAIN_ARM_STD/mbed.ar(mbed_critical_section_api.o)
    0x00004808   0x00004808   0x00000108   Code   RO         1951    i.initialize        mbed/TARGET_KL25Z/TOOLCHAIN_ARM_STD/mbed.ar(mbed_ticker_api.o)
    0x00004910   0x00004910   0x00000068   Code   RO         1699    i.lptmr_isr         mbed/TARGET_KL25Z/TOOLCHAIN_ARM_STD/us_ticker.o
    0x00004978   0x00004978   0x000001a0   Code   RO            6    i.main              .\build\main.o
    0x00004b18   0x00004b18   0x00000020   Code   RO         2142    i.mbed_assert_internal  mbed/TARGET_KL25Z/TOOLCHAIN_ARM_STD/mbed.ar(mbed_assert.o)
    0x00004b38   0x00004b38   0x000000e0   Code   RO         1179    i.mbed_die          mbed/TARGET_KL25Z/TOOLCHAIN_ARM_STD/mbed_board.o
    0x00004c18   0x00004c18   0x000000ac   Code   RO         2192    i.mbed_error        mbed/TARGET_KL25Z/TOOLCHAIN_ARM_STD/mbed.ar(mbed_error.o)
    0x00004cc4   0x00004cc4   0x00000050   Code   RO         1180    i.mbed_error_printf  mbed/TARGET_KL25Z/TOOLCHAIN_ARM_STD/mbed_board.o
    0x00004d14   0x00004d14   0x0000001e   Code   RO         1181    i.mbed_error_puts   mbed/TARGET_KL25Z/TOOLCHAIN_ARM_STD/mbed_board.o
    0x00004d32   0x00004d32   0x00000002   PAD
    0x00004d34   0x00004d34   0x00000110   Code   RO         1196    i.mbed_fault_handler  mbed/TARGET_KL25Z/TOOLCHAIN_ARM_STD/mbed_fault_handler.o
    0x00004e44   0x00004e44   0x00000008   Code   RO         2231    i.mbed_interface_connected  mbed/TARGET_KL25Z/TOOLCHAIN_ARM_STD/mbed.ar(mbed_interface.o)
    0x00004e4c   0x00004e4c   0x00000294   Code   RO          816    i.monitor           .\build\monitor.o
    0x000050e0   0x000050e0   0x000000b0   Code   RO         1264    i.open              mbed/TARGET_KL25Z/TOOLCHAIN_ARM_STD/mbed_retarget.o
    0x00005190   0x00005190   0x00000060   Code   RO         1563    i.pin_function      mbed/TARGET_KL25Z/TOOLCHAIN_ARM_STD/pinmap.o
    0x000051f0   0x000051f0   0x0000003c   Code   RO         1564    i.pin_mode          mbed/TARGET_KL25Z/TOOLCHAIN_ARM_STD/pinmap.o
    0x0000522c   0x0000522c   0x0000003c   Code   RO         1937    i.pinmap_merge      mbed/TARGET_KL25Z/TOOLCHAIN_ARM_STD/mbed.ar(mbed_pinmap_common.o)
    0x00005268   0x00005268   0x00000060   Code   RO         1938    i.pinmap_peripheral  mbed/TARGET_KL25Z/TOOLCHAIN_ARM_STD/mbed.ar(mbed_pinmap_common.o)
    0x000052c8   0x000052c8   0x00000060   Code   RO         1939    i.pinmap_pinout     mbed/TARGET_KL25Z/TOOLCHAIN_ARM_STD/mbed.ar(mbed_pinmap_common.o)
    0x00005328   0x00005328   0x00000620   Code   RO         2728    i.powf              C:\Keil_v5\ARM\ARMCC\Bin\..\lib\armlib\m_ps.l(powf.o)
    0x00005948   0x00005948   0x00000114   Code   RO         1198    i.print_context_info  mbed/TARGET_KL25Z/TOOLCHAIN_ARM_STD/mbed_fault_handler.o
    0x00005a5c   0x00005a5c   0x000001d8   Code   RO         2206    i.print_error_report  mbed/TARGET_KL25Z/TOOLCHAIN_ARM_STD/mbed.ar(mbed_error.o)
    0x00005c34   0x00005c34   0x00000134   Code   RO         1952    i.schedule_interrupt  mbed/TARGET_KL25Z/TOOLCHAIN_ARM_STD/mbed.ar(mbed_ticker_api.o)
    0x00005d68   0x00005d68   0x0000000c   Code   RO         2259    i.semihost_connected  mbed/TARGET_KL25Z/TOOLCHAIN_ARM_STD/mbed.ar(mbed_semihost_api.o)
    0x00005d74   0x00005d74   0x0000000c   Code   RO         2261    i.semihost_exit     mbed/TARGET_KL25Z/TOOLCHAIN_ARM_STD/mbed.ar(mbed_semihost_api.o)
    0x00005d80   0x00005d80   0x000000bc   Code   RO          997    i.serial            .\build\uart_poll.o
    0x00005e3c   0x00005e3c   0x00000180   Code   RO         1614    i.serial_baud       mbed/TARGET_KL25Z/TOOLCHAIN_ARM_STD/serial_api.o
    0x00005fbc   0x00005fbc   0x000000cc   Code   RO         1618    i.serial_format     mbed/TARGET_KL25Z/TOOLCHAIN_ARM_STD/serial_api.o
    0x00006088   0x00006088   0x0000018c   Code   RO         1621    i.serial_init       mbed/TARGET_KL25Z/TOOLCHAIN_ARM_STD/serial_api.o
    0x00006214   0x00006214   0x00000018   Code   RO         1622    i.serial_irq_handler  mbed/TARGET_KL25Z/TOOLCHAIN_ARM_STD/serial_api.o
    0x0000622c   0x0000622c   0x000000d4   Code   RO         1623    i.serial_irq_set    mbed/TARGET_KL25Z/TOOLCHAIN_ARM_STD/serial_api.o
    0x00006300   0x00006300   0x00000024   Code   RO         1625    i.serial_putc       mbed/TARGET_KL25Z/TOOLCHAIN_ARM_STD/serial_api.o
    0x00006324   0x00006324   0x00000094   Code   RO          817    i.set_display_mode  .\build\monitor.o
    0x000063b8   0x000063b8   0x00000068   Code   RO         2385    i.sleep_manager_lock_deep_sleep_internal  mbed/TARGET_KL25Z/TOOLCHAIN_ARM_STD/mbed.ar(mbed_sleep_manager.o)
    0x00006420   0x00006420   0x00000058   Code   RO         2387    i.sleep_manager_unlock_deep_sleep_internal  mbed/TARGET_KL25Z/TOOLCHAIN_ARM_STD/mbed.ar(mbed_sleep_manager.o)
    0x00006478   0x00006478   0x0000002c   Code   RO         2738    i.sqrtf             C:\Keil_v5\ARM\ARMCC\Bin\..\lib\armlib\m_ps.l(sqrtf.o)
    0x000064a4   0x000064a4   0x0000005c   Code   RO         1955    i.ticker_insert_event_us  mbed/TARGET_KL25Z/TOOLCHAIN_ARM_STD/mbed.ar(mbed_ticker_api.o)
    0x00006500   0x00006500   0x00000068   Code   RO         1956    i.ticker_irq_handler  mbed/TARGET_KL25Z/TOOLCHAIN_ARM_STD/mbed.ar(mbed_ticker_api.o)
    0x00006568   0x00006568   0x0000001e   Code   RO         1957    i.ticker_read       mbed/TARGET_KL25Z/TOOLCHAIN_ARM_STD/mbed.ar(mbed_ticker_api.o)
    0x00006586   0x00006586   0x00000022   Code   RO         1958    i.ticker_read_us    mbed/TARGET_KL25Z/TOOLCHAIN_ARM_STD/mbed.ar(mbed_ticker_api.o)
    0x000065a8   0x000065a8   0x00000038   Code   RO         1959    i.ticker_remove_event  mbed/TARGET_KL25Z/TOOLCHAIN_ARM_STD/mbed.ar(mbed_ticker_api.o)
    0x000065e0   0x000065e0   0x00000018   Code   RO         1961    i.ticker_set_handler  mbed/TARGET_KL25Z/TOOLCHAIN_ARM_STD/mbed.ar(mbed_ticker_api.o)
    0x000065f8   0x000065f8   0x000000d8   Code   RO          556    i.timer0            .\build\timer0.o
    0x000066d0   0x000066d0   0x00000044   Code   RO         1628    i.uart0_irq         mbed/TARGET_KL25Z/TOOLCHAIN_ARM_STD/serial_api.o
    0x00006714   0x00006714   0x00000034   Code   RO         1629    i.uart1_irq         mbed/TARGET_KL25Z/TOOLCHAIN_ARM_STD/serial_api.o
    0x00006748   0x00006748   0x00000034   Code   RO         1630    i.uart2_irq         mbed/TARGET_KL25Z/TOOLCHAIN_ARM_STD/serial_api.o
    0x0000677c   0x0000677c   0x00000104   Code   RO         1963    i.update_present_time  mbed/TARGET_KL25Z/TOOLCHAIN_ARM_STD/mbed.ar(mbed_ticker_api.o)
    0x00006880   0x00006880   0x00000002   Code   RO         1700    i.us_ticker_clear_interrupt  mbed/TARGET_KL25Z/TOOLCHAIN_ARM_STD/us_ticker.o
    0x00006882   0x00006882   0x00000002   PAD
    0x00006884   0x00006884   0x00000010   Code   RO         1701    i.us_ticker_disable_interrupt  mbed/TARGET_KL25Z/TOOLCHAIN_ARM_STD/us_ticker.o
    0x00006894   0x00006894   0x0000001c   Code   RO         1702    i.us_ticker_fire_interrupt  mbed/TARGET_KL25Z/TOOLCHAIN_ARM_STD/us_ticker.o
    0x000068b0   0x000068b0   0x00000002   Code   RO         1703    i.us_ticker_free    mbed/TARGET_KL25Z/TOOLCHAIN_ARM_STD/us_ticker.o
    0x000068b2   0x000068b2   0x00000002   PAD
    0x000068b4   0x000068b4   0x00000008   Code   RO         1704    i.us_ticker_get_info  mbed/TARGET_KL25Z/TOOLCHAIN_ARM_STD/us_ticker.o
    0x000068bc   0x000068bc   0x000001d0   Code   RO         1705    i.us_ticker_init    mbed/TARGET_KL25Z/TOOLCHAIN_ARM_STD/us_ticker.o
    0x00006a8c   0x00006a8c   0x00000018   Code   RO         1987    i.us_ticker_irq_handler  mbed/TARGET_KL25Z/TOOLCHAIN_ARM_STD/mbed.ar(mbed_us_ticker_api.o)
    0x00006aa4   0x00006aa4   0x0000000c   Code   RO         1706    i.us_ticker_read    mbed/TARGET_KL25Z/TOOLCHAIN_ARM_STD/us_ticker.o
    0x00006ab0   0x00006ab0   0x00000060   Code   RO         1707    i.us_ticker_set_interrupt  mbed/TARGET_KL25Z/TOOLCHAIN_ARM_STD/us_ticker.o
    0x00006b10   0x00006b10   0x0000001e   Code   RO         2280    i.wait_us           mbed/TARGET_KL25Z/TOOLCHAIN_ARM_STD/mbed.ar(mbed_wait_api_no_rtos.o)
    0x00006b2e   0x00006b2e   0x00000038   Code   RO         1279    i.write             mbed/TARGET_KL25Z/TOOLCHAIN_ARM_STD/mbed_retarget.o
    0x00006b66   0x00006b66   0x00000002   PAD
    0x00006b68   0x00006b68   0x0000002c   Code   RO         3094    locale$$code        C:\Keil_v5\ARM\ARMCC\Bin\..\lib\armlib\c_p.l(lc_numeric_c.o)
    0x00006b94   0x00006b94   0x0000002c   Code   RO         3230    locale$$code        C:\Keil_v5\ARM\ARMCC\Bin\..\lib\armlib\c_p.l(lc_ctype_c.o)
    0x00006bc0   0x00006bc0   0x00000004   Code   RO           85    t._ZN4mbed8CallbackIFvvEE13function_callIPS1_EEvPKv  .\build\main.o
    0x00006bc4   0x00006bc4   0x00000002   Code   RO           97    t._ZN4mbed8CallbackIFvvEE13function_dtorIPS1_EEvPv  .\build\main.o
    0x00006bc6   0x00006bc6   0x0000000a   Code   RO           91    t._ZN4mbed8CallbackIFvvEE13function_moveIPS1_EEvPvPKv  .\build\main.o
    0x00006bd0   0x00006bd0   0x00000020   Code   RO           57    t._ZN4mbed8CallbackIFvvEEC1EPS1_  .\build\main.o
    0x00006bf0   0x00006bf0   0x00000014   Code   RO         1848    t._ZN4mbed8CallbackIFvvEED1Ev  mbed/TARGET_KL25Z/TOOLCHAIN_ARM_STD/mbed.ar(SerialBase.o)
    0x00006c04   0x00006c04   0x0000002c   Code   RO         2370    t._ZNK12SingletonPtrI13PlatformMutexEptEv  mbed/TARGET_KL25Z/TOOLCHAIN_ARM_STD/mbed.ar(FileBase.o)
    0x00006c30   0x00006c30   0x0000008c   Code   RO         2702    x$fpl$fadd          C:\Keil_v5\ARM\ARMCC\Bin\..\lib\armlib\fz_ps.l(faddsub.o)
    0x00006cbc   0x00006cbc   0x000000b0   Code   RO         2721    x$fpl$fmul          C:\Keil_v5\ARM\ARMCC\Bin\..\lib\armlib\fz_ps.l(fmul.o)
    0x00006d6c   0x00006d6c   0x00000018   Code   RO         2703    x$fpl$frsb          C:\Keil_v5\ARM\ARMCC\Bin\..\lib\armlib\fz_ps.l(faddsub.o)
    0x00006d84   0x00006d84   0x000000d0   Code   RO         2704    x$fpl$fsub          C:\Keil_v5\ARM\ARMCC\Bin\..\lib\armlib\fz_ps.l(faddsub.o)
    0x00006e54   0x00006e54   0x00000010   Code   RO         2725    x$fpl$printf1       C:\Keil_v5\ARM\ARMCC\Bin\..\lib\armlib\fz_ps.l(printf1.o)
    0x00006e64   0x00006e64   0x00000010   Code   RO         2974    x$fpl$printf2       C:\Keil_v5\ARM\ARMCC\Bin\..\lib\armlib\fz_ps.l(printf2.o)
    0x00006e74   0x00006e74   0x00000000   Code   RO         2982    x$fpl$usenofp       C:\Keil_v5\ARM\ARMCC\Bin\..\lib\armlib\fz_ps.l(usenofp.o)
    0x00006e74   0x00006e74   0x00000080   Data   RO          831    .constdata          .\build\monitor.o
    0x00006ef4   0x00006ef4   0x00000005   Data   RO         1184    .constdata          mbed/TARGET_KL25Z/TOOLCHAIN_ARM_STD/mbed_board.o
    0x00006ef9   0x00006ef9   0x00000003   PAD
    0x00006efc   0x00006efc   0x00000004   Data   RO         1200    .constdata          mbed/TARGET_KL25Z/TOOLCHAIN_ARM_STD/mbed_fault_handler.o
    0x00006f00   0x00006f00   0x00000028   Data   RO         1346    .constdata          mbed/TARGET_KL25Z/TOOLCHAIN_ARM_STD/mbed_retarget.o
    0x00006f28   0x00006f28   0x0000006c   Data   RO         1552    .constdata          mbed/TARGET_KL25Z/TOOLCHAIN_ARM_STD/PeripheralPins.o
    0x00006f94   0x00006f94   0x0000006c   Data   RO         1553    .constdata          mbed/TARGET_KL25Z/TOOLCHAIN_ARM_STD/PeripheralPins.o
    0x00007000   0x00007000   0x00000008   Data   RO         1708    .constdata          mbed/TARGET_KL25Z/TOOLCHAIN_ARM_STD/us_ticker.o
    0x00007008   0x00007008   0x00000020   Data   RO         1989    .constdata          mbed/TARGET_KL25Z/TOOLCHAIN_ARM_STD/mbed.ar(mbed_us_ticker_api.o)
    0x00007028   0x00007028   0x00000008   Data   RO         1990    .constdata          mbed/TARGET_KL25Z/TOOLCHAIN_ARM_STD/mbed.ar(mbed_us_ticker_api.o)
    0x00007030   0x00007030   0x00000011   Data   RO         2507    .constdata          C:\Keil_v5\ARM\ARMCC\Bin\..\lib\armlib\c_p.l(__printf_flags_ss_wp.o)
    0x00007041   0x00007041   0x00000040   Data   RO         2709    .constdata          C:\Keil_v5\ARM\ARMCC\Bin\..\lib\armlib\fz_ps.l(fdiv.o)
    0x00007081   0x00007081   0x00000003   PAD
    0x00007084   0x00007084   0x00000140   Data   RO         2729    .constdata          C:\Keil_v5\ARM\ARMCC\Bin\..\lib\armlib\m_ps.l(powf.o)
    0x000071c4   0x000071c4   0x00000008   Data   RO         2805    .constdata          C:\Keil_v5\ARM\ARMCC\Bin\..\lib\armlib\c_p.l(_printf_wctomb.o)
    0x000071cc   0x000071cc   0x00000028   Data   RO         2834    .constdata          C:\Keil_v5\ARM\ARMCC\Bin\..\lib\armlib\c_p.l(_printf_hex_int_ll_ptr.o)
    0x000071f4   0x000071f4   0x00000026   Data   RO         3038    .constdata          C:\Keil_v5\ARM\ARMCC\Bin\..\lib\armlib\c_p.l(_printf_fp_hex.o)
    0x0000721a   0x0000721a   0x00000002   PAD
    0x0000721c   0x0000721c   0x00000094   Data   RO         3059    .constdata          C:\Keil_v5\ARM\ARMCC\Bin\..\lib\armlib\c_p.l(bigflt0.o)
    0x000072b0   0x000072b0   0x00000050   Data   RO         1449    .constdata__ZTV12DirectSerial  mbed/TARGET_KL25Z/TOOLCHAIN_ARM_STD/mbed_retarget.o
    0x00007300   0x00007300   0x00000050   Data   RO         2006    .constdata__ZTVN4mbed10FileHandleE  mbed/TARGET_KL25Z/TOOLCHAIN_ARM_STD/mbed.ar(FileHandle.o)
    0x00007350   0x00007350   0x00000018   Data   RO         1845    .constdata__ZTVN4mbed10SerialBaseE  mbed/TARGET_KL25Z/TOOLCHAIN_ARM_STD/mbed.ar(SerialBase.o)
    0x00007368   0x00007368   0x00000014   Data   RO         1913    .constdata__ZTVN4mbed10TimerEventE  mbed/TARGET_KL25Z/TOOLCHAIN_ARM_STD/mbed.ar(TimerEvent.o)
    0x0000737c   0x0000737c   0x00000090   Data   RO         1756    .constdata__ZTVN4mbed6SerialE  mbed/TARGET_KL25Z/TOOLCHAIN_ARM_STD/mbed.ar(Serial.o)
    0x0000740c   0x0000740c   0x00000070   Data   RO         2127    .constdata__ZTVN4mbed6StreamE  mbed/TARGET_KL25Z/TOOLCHAIN_ARM_STD/mbed.ar(Stream.o)
    0x0000747c   0x0000747c   0x00000014   Data   RO         1872    .constdata__ZTVN4mbed6TickerE  mbed/TARGET_KL25Z/TOOLCHAIN_ARM_STD/mbed.ar(Ticker.o)
    0x00007490   0x00007490   0x00000010   Data   RO         2369    .constdata__ZTVN4mbed8FileBaseE  mbed/TARGET_KL25Z/TOOLCHAIN_ARM_STD/mbed.ar(FileBase.o)
    0x000074a0   0x000074a0   0x0000000c   Data   RO           84    .constdata__ZZN4mbed8CallbackIFvvEE8generateIPS1_EEvRKT_E3ops  .\build\main.o
    0x000074ac   0x000074ac   0x00000014   Data   RO         1452    .constdata__ZZNK12SingletonPtrI13PlatformMutexE3getEvEs  mbed/TARGET_KL25Z/TOOLCHAIN_ARM_STD/mbed_retarget.o
    0x000074c0   0x000074c0   0x00000053   Data   RO         1453    .constdata__ZZNK12SingletonPtrI13PlatformMutexE3getEvEs_0  mbed/TARGET_KL25Z/TOOLCHAIN_ARM_STD/mbed_retarget.o
    0x00007513   0x00007513   0x00000001   PAD
    0x00007514   0x00007514   0x00000195   Data   RO          833    .conststring        .\build\monitor.o
    0x000076a9   0x000076a9   0x00000003   PAD
    0x000076ac   0x000076ac   0x00000060   Data   RO         1109    .conststring        mbed/TARGET_KL25Z/TOOLCHAIN_ARM_STD/gpio_api.o
    0x0000770c   0x0000770c   0x00000049   Data   RO         1201    .conststring        mbed/TARGET_KL25Z/TOOLCHAIN_ARM_STD/mbed_fault_handler.o
    0x00007755   0x00007755   0x00000003   PAD
    0x00007758   0x00007758   0x0000004b   Data   RO         1347    .conststring        mbed/TARGET_KL25Z/TOOLCHAIN_ARM_STD/mbed_retarget.o
    0x000077a3   0x000077a3   0x00000001   PAD
    0x000077a4   0x000077a4   0x0000005e   Data   RO         1565    .conststring        mbed/TARGET_KL25Z/TOOLCHAIN_ARM_STD/pinmap.o
    0x00007802   0x00007802   0x00000002   PAD
    0x00007804   0x00007804   0x000000bb   Data   RO         1632    .conststring        mbed/TARGET_KL25Z/TOOLCHAIN_ARM_STD/serial_api.o
    0x000078bf   0x000078bf   0x00000001   PAD
    0x000078c0   0x000078c0   0x00000046   Data   RO         1964    .conststring        mbed/TARGET_KL25Z/TOOLCHAIN_ARM_STD/mbed.ar(mbed_ticker_api.o)
    0x00007906   0x00007906   0x00000002   PAD
    0x00007908   0x00007908   0x00000046   Data   RO         2036    .conststring        mbed/TARGET_KL25Z/TOOLCHAIN_ARM_STD/mbed.ar(FilePath.o)
    0x0000794e   0x0000794e   0x00000002   PAD
    0x00007950   0x00007950   0x00000049   Data   RO         2165    .conststring        mbed/TARGET_KL25Z/TOOLCHAIN_ARM_STD/mbed.ar(mbed_critical.o)
    0x00007999   0x00007999   0x00000003   PAD
    0x0000799c   0x0000799c   0x000000a0   Data   RO         2208    .conststring        mbed/TARGET_KL25Z/TOOLCHAIN_ARM_STD/mbed.ar(mbed_error.o)
    0x00007a3c   0x00007a3c   0x00000050   Data   RO         2331    .conststring        mbed/TARGET_KL25Z/TOOLCHAIN_ARM_STD/mbed.ar(mbed_critical_section_api.o)
    0x00007a8c   0x00007a8c   0x00000020   Data   RO         3304    Region$$Table       anon$$obj.o
    0x00007aac   0x00007aac   0x0000001c   Data   RO         3093    locale$$data        C:\Keil_v5\ARM\ARMCC\Bin\..\lib\armlib\c_p.l(lc_numeric_c.o)
    0x00007ac8   0x00007ac8   0x00000110   Data   RO         3229    locale$$data        C:\Keil_v5\ARM\ARMCC\Bin\..\lib\armlib\c_p.l(lc_ctype_c.o)
    0x00007bd8   0x00007bd8   0x00000004   Data   RO           18    .init_array         .\build\main.o
    0x00007bdc   0x00007bd8   0x00000000   Data   RO         2578    .init_array         C:\Keil_v5\ARM\ARMCC\Bin\..\lib\armlib\c_p.l(init_aeabi.o)


    Execution Region RW_IRAM1 (Exec base: 0x1ffff0c0, Load base: 0x00007bdc, Size: 0x000005e0, Max: 0x00003f40, ABSOLUTE, COMPRESSED[0x00000064])

    Exec Addr    Load Addr    Size         Type   Attr      Idx    E Section Name        Object

    0x1ffff0c0   COMPRESSED   0x00000001   Data   RW           13    .data               .\build\main.o
    0x1ffff0c1   COMPRESSED   0x00000001   Data   RW           14    .data               .\build\main.o
    0x1ffff0c2   COMPRESSED   0x00000001   Data   RW           15    .data               .\build\main.o
    0x1ffff0c3   COMPRESSED   0x00000001   PAD
    0x1ffff0c4   COMPRESSED   0x00000018   Data   RW           16    .data               .\build\main.o
    0x1ffff0dc   COMPRESSED   0x00000001   Data   RW           17    .data               .\build\main.o
    0x1ffff0dd   COMPRESSED   0x00000003   PAD
    0x1ffff0e0   COMPRESSED   0x00000018   Data   RW          558    .data               .\build\timer0.o
    0x1ffff0f8   COMPRESSED   0x00000010   Data   RW          720    .data               .\build\flowmeter.o
    0x1ffff108   COMPRESSED   0x00000060   Data   RW          835    .data               .\build\monitor.o
    0x1ffff168   COMPRESSED   0x00000001   Data   RW         1008    .data               .\build\uart_poll.o
    0x1ffff169   COMPRESSED   0x00000003   PAD
    0x1ffff16c   COMPRESSED   0x00000048   Data   RW         1350    .data               mbed/TARGET_KL25Z/TOOLCHAIN_ARM_STD/mbed_retarget.o
    0x1ffff1b4   COMPRESSED   0x00000010   Data   RW         1633    .data               mbed/TARGET_KL25Z/TOOLCHAIN_ARM_STD/serial_api.o
    0x1ffff1c4   COMPRESSED   0x00000004   Data   RW         1692    .data               mbed/TARGET_KL25Z/TOOLCHAIN_ARM_STD/system_MKL25Z4.o
    0x1ffff1c8   COMPRESSED   0x00000008   Data   RW         1709    .data               mbed/TARGET_KL25Z/TOOLCHAIN_ARM_STD/us_ticker.o
    0x1ffff1d0   COMPRESSED   0x00000004   Data   RW         1991    .data               mbed/TARGET_KL25Z/TOOLCHAIN_ARM_STD/mbed.ar(mbed_us_ticker_api.o)
    0x1ffff1d4   COMPRESSED   0x00000004   Data   RW         2166    .data               mbed/TARGET_KL25Z/TOOLCHAIN_ARM_STD/mbed.ar(mbed_critical.o)
    0x1ffff1d8   COMPRESSED   0x0000000c   Data   RW         2209    .data               mbed/TARGET_KL25Z/TOOLCHAIN_ARM_STD/mbed.ar(mbed_error.o)
    0x1ffff1e4   COMPRESSED   0x00000004   Data   RW         2266    .data               mbed/TARGET_KL25Z/TOOLCHAIN_ARM_STD/mbed.ar(mbed_semihost_api.o)
    0x1ffff1e8   COMPRESSED   0x00000002   Data   RW         2332    .data               mbed/TARGET_KL25Z/TOOLCHAIN_ARM_STD/mbed.ar(mbed_critical_section_api.o)
    0x1ffff1ea   COMPRESSED   0x00000002   PAD
    0x1ffff1ec   COMPRESSED   0x00000008   Data   RW         2357    .data               mbed/TARGET_KL25Z/TOOLCHAIN_ARM_STD/mbed.ar(FileBase.o)
    0x1ffff1f4   COMPRESSED   0x00000004   PAD
    0x1ffff1f8   COMPRESSED   0x00000018   Data   RW         2388    .data               mbed/TARGET_KL25Z/TOOLCHAIN_ARM_STD/mbed.ar(mbed_sleep_manager.o)
    0x1ffff210   COMPRESSED   0x00000004   Data   RW         2540    .data               C:\Keil_v5\ARM\ARMCC\Bin\..\lib\armlib\c_p.l(stdio_streams.o)
    0x1ffff214   COMPRESSED   0x00000004   Data   RW         2541    .data               C:\Keil_v5\ARM\ARMCC\Bin\..\lib\armlib\c_p.l(stdio_streams.o)
    0x1ffff218   COMPRESSED   0x00000004   Data   RW         2542    .data               C:\Keil_v5\ARM\ARMCC\Bin\..\lib\armlib\c_p.l(stdio_streams.o)
    0x1ffff21c   COMPRESSED   0x00000004   Data   RW         3113    .data               C:\Keil_v5\ARM\ARMCC\Bin\..\lib\armlib\c_p.l(heapauxa.o)
    0x1ffff220        -       0x000000f4   Zero   RW           11    .bss                .\build\main.o
    0x1ffff314        -       0x0000000a   Zero   RW           12    .bss                .\build\main.o
    0x1ffff31e   COMPRESSED   0x00000002   PAD
    0x1ffff320        -       0x00000054   Zero   RW         1199    .bss                mbed/TARGET_KL25Z/TOOLCHAIN_ARM_STD/mbed_fault_handler.o
    0x1ffff374   COMPRESSED   0x00000004   PAD
    0x1ffff378        -       0x00000148   Zero   RW         1345    .bss                mbed/TARGET_KL25Z/TOOLCHAIN_ARM_STD/mbed_retarget.o
    0x1ffff4c0        -       0x0000000c   Zero   RW         1631    .bss                mbed/TARGET_KL25Z/TOOLCHAIN_ARM_STD/serial_api.o
    0x1ffff4cc   COMPRESSED   0x00000004   PAD
    0x1ffff4d0        -       0x00000040   Zero   RW         1988    .bss                mbed/TARGET_KL25Z/TOOLCHAIN_ARM_STD/mbed.ar(mbed_us_ticker_api.o)
    0x1ffff510        -       0x00000068   Zero   RW         2207    .bss                mbed/TARGET_KL25Z/TOOLCHAIN_ARM_STD/mbed.ar(mbed_error.o)
    0x1ffff578        -       0x00000010   Zero   RW         2356    .bss                mbed/TARGET_KL25Z/TOOLCHAIN_ARM_STD/mbed.ar(FileBase.o)
    0x1ffff588        -       0x00000004   Zero   RW         2403    .bss                C:\Keil_v5\ARM\ARMCC\Bin\..\lib\armlib\c_p.l(rt_errno_addr.o)
    0x1ffff58c        -       0x00000054   Zero   RW         2537    .bss                C:\Keil_v5\ARM\ARMCC\Bin\..\lib\armlib\c_p.l(stdio_streams.o)
    0x1ffff5e0        -       0x00000054   Zero   RW         2538    .bss                C:\Keil_v5\ARM\ARMCC\Bin\..\lib\armlib\c_p.l(stdio_streams.o)
    0x1ffff634        -       0x00000054   Zero   RW         2539    .bss                C:\Keil_v5\ARM\ARMCC\Bin\..\lib\armlib\c_p.l(stdio_streams.o)
    0x1ffff688        -       0x00000004   Zero   RW         2760    .bss                C:\Keil_v5\ARM\ARMCC\Bin\..\lib\armlib\c_p.l(rt_heap_descriptor.o)
    0x1ffff68c        -       0x00000014   Zero   RW         3019    .bss                C:\Keil_v5\ARM\ARMCC\Bin\..\lib\armlib\c_p.l(rt_locale.o)


==============================================================================

Image component sizes


      Code (inc. data)   RO Data    RW Data    ZI Data      Debug   Object Name

         0          0        216          0          0          0   mbed/TARGET_KL25Z/TOOLCHAIN_ARM_STD/PeripheralPins.o
       336         70          0          0          0       1692   .\build\adc.o
       208         30          0          0          0        132   mbed/TARGET_KL25Z/TOOLCHAIN_ARM_STD/except.o
       352         72          0         16          0       6049   .\build\flowmeter.o
       154         34         96          0          0        208   mbed/TARGET_KL25Z/TOOLCHAIN_ARM_STD/gpio_api.o
       900        354         16         28        254     135888   .\build\main.o
       356         96          5          0          0        288   mbed/TARGET_KL25Z/TOOLCHAIN_ARM_STD/mbed_board.o
       548        314         77          0         84        144   mbed/TARGET_KL25Z/TOOLCHAIN_ARM_STD/mbed_fault_handler.o
        16          0          0          0          0         72   mbed/TARGET_KL25Z/TOOLCHAIN_ARM_STD/mbed_overrides.o
      1722        272        298         72        328       1752   mbed/TARGET_KL25Z/TOOLCHAIN_ARM_STD/mbed_retarget.o
        44          8          0          0          0        140   mbed/TARGET_KL25Z/TOOLCHAIN_ARM_STD/mbed_sdk_boot.o
      1602        552        533         96          0       9756   .\build\monitor.o
       156         60         94          0          0        140   mbed/TARGET_KL25Z/TOOLCHAIN_ARM_STD/pinmap.o
      1428        244        187         16         12        680   mbed/TARGET_KL25Z/TOOLCHAIN_ARM_STD/serial_api.o
        44         24        192          0          0        164   mbed/TARGET_KL25Z/TOOLCHAIN_ARM_STD/startup_MKL25Z4.o
       152         32          0          4          0         60   mbed/TARGET_KL25Z/TOOLCHAIN_ARM_STD/system_MKL25Z4.o
       216          6          0         24          0       4250   .\build\timer0.o
       430         86          0          1          0       5974   .\build\uart_poll.o
       732        122          8          8          0        592   mbed/TARGET_KL25Z/TOOLCHAIN_ARM_STD/us_ticker.o

    ----------------------------------------------------------------------
      9420       2376       1768        272        688     167981   Object Totals
         0          0         32          0          0          0   (incl. Generated)
        24          0         14          7         10          0   (incl. Padding)

    ----------------------------------------------------------------------

      Code (inc. data)   RO Data    RW Data    ZI Data      Debug   Library Member Name

        44          4          0          0          0         84   C:\Keil_v5\ARM\ARMCC\Bin\..\lib\armlib\c_p.l(__2sprintf.o)
        86          0          0          0          0          0   C:\Keil_v5\ARM\ARMCC\Bin\..\lib\armlib\c_p.l(__dczerorl2.o)
         8          0          0          0          0         68   C:\Keil_v5\ARM\ARMCC\Bin\..\lib\armlib\c_p.l(__main.o)
       392          6         17          0          0         76   C:\Keil_v5\ARM\ARMCC\Bin\..\lib\armlib\c_p.l(__printf_flags_ss_wp.o)
        14          0          0          0          0         60   C:\Keil_v5\ARM\ARMCC\Bin\..\lib\armlib\c_p.l(__printf_wp.o)
         0          0          0          0          0          0   C:\Keil_v5\ARM\ARMCC\Bin\..\lib\armlib\c_p.l(__rtentry.o)
        20          0          0          0          0          0   C:\Keil_v5\ARM\ARMCC\Bin\..\lib\armlib\c_p.l(__rtentry2.o)
         6          0          0          0          0          0   C:\Keil_v5\ARM\ARMCC\Bin\..\lib\armlib\c_p.l(__rtentry4.o)
        60          8          0          0          0          0   C:\Keil_v5\ARM\ARMCC\Bin\..\lib\armlib\c_p.l(__scatter.o)
        28          0          0          0          0          0   C:\Keil_v5\ARM\ARMCC\Bin\..\lib\armlib\c_p.l(__scatter_zi.o)
        10          0          0          0          0          0   C:\Keil_v5\ARM\ARMCC\Bin\..\lib\armlib\c_p.l(_printf_a.o)
        10          0          0          0          0          0   C:\Keil_v5\ARM\ARMCC\Bin\..\lib\armlib\c_p.l(_printf_c.o)
        46          0          0          0          0        100   C:\Keil_v5\ARM\ARMCC\Bin\..\lib\armlib\c_p.l(_printf_char.o)
        48          6          0          0          0         88   C:\Keil_v5\ARM\ARMCC\Bin\..\lib\armlib\c_p.l(_printf_char_common.o)
        40          6          0          0          0         72   C:\Keil_v5\ARM\ARMCC\Bin\..\lib\armlib\c_p.l(_printf_char_file.o)
        38          0          0          0          0         60   C:\Keil_v5\ARM\ARMCC\Bin\..\lib\armlib\c_p.l(_printf_charcount.o)
        10          0          0          0          0          0   C:\Keil_v5\ARM\ARMCC\Bin\..\lib\armlib\c_p.l(_printf_d.o)
       108         18          0          0          0         76   C:\Keil_v5\ARM\ARMCC\Bin\..\lib\armlib\c_p.l(_printf_dec.o)
        10          0          0          0          0          0   C:\Keil_v5\ARM\ARMCC\Bin\..\lib\armlib\c_p.l(_printf_e.o)
        10          0          0          0          0          0   C:\Keil_v5\ARM\ARMCC\Bin\..\lib\armlib\c_p.l(_printf_f.o)
      1048         14          0          0          0        176   C:\Keil_v5\ARM\ARMCC\Bin\..\lib\armlib\c_p.l(_printf_fp_dec.o)
       728         10         38          0          0         84   C:\Keil_v5\ARM\ARMCC\Bin\..\lib\armlib\c_p.l(_printf_fp_hex.o)
       136         16          0          0          0         76   C:\Keil_v5\ARM\ARMCC\Bin\..\lib\armlib\c_p.l(_printf_fp_infnan.o)
        10          0          0          0          0          0   C:\Keil_v5\ARM\ARMCC\Bin\..\lib\armlib\c_p.l(_printf_g.o)
       152          4         40          0          0        148   C:\Keil_v5\ARM\ARMCC\Bin\..\lib\armlib\c_p.l(_printf_hex_int_ll_ptr.o)
        10          0          0          0          0          0   C:\Keil_v5\ARM\ARMCC\Bin\..\lib\armlib\c_p.l(_printf_i.o)
       176          0          0          0          0         84   C:\Keil_v5\ARM\ARMCC\Bin\..\lib\armlib\c_p.l(_printf_intcommon.o)
        10          0          0          0          0          0   C:\Keil_v5\ARM\ARMCC\Bin\..\lib\armlib\c_p.l(_printf_l.o)
        10          0          0          0          0          0   C:\Keil_v5\ARM\ARMCC\Bin\..\lib\armlib\c_p.l(_printf_lc.o)
        10          0          0          0          0          0   C:\Keil_v5\ARM\ARMCC\Bin\..\lib\armlib\c_p.l(_printf_ll.o)
        10          0          0          0          0          0   C:\Keil_v5\ARM\ARMCC\Bin\..\lib\armlib\c_p.l(_printf_lld.o)
        10          0          0          0          0          0   C:\Keil_v5\ARM\ARMCC\Bin\..\lib\armlib\c_p.l(_printf_lli.o)
        10          0          0          0          0          0   C:\Keil_v5\ARM\ARMCC\Bin\..\lib\armlib\c_p.l(_printf_llo.o)
        10          0          0          0          0          0   C:\Keil_v5\ARM\ARMCC\Bin\..\lib\armlib\c_p.l(_printf_llu.o)
        10          0          0          0          0          0   C:\Keil_v5\ARM\ARMCC\Bin\..\lib\armlib\c_p.l(_printf_llx.o)
       112         18          0          0          0         76   C:\Keil_v5\ARM\ARMCC\Bin\..\lib\armlib\c_p.l(_printf_longlong_dec.o)
        10          0          0          0          0          0   C:\Keil_v5\ARM\ARMCC\Bin\..\lib\armlib\c_p.l(_printf_ls.o)
        10          0          0          0          0          0   C:\Keil_v5\ARM\ARMCC\Bin\..\lib\armlib\c_p.l(_printf_n.o)
        10          0          0          0          0          0   C:\Keil_v5\ARM\ARMCC\Bin\..\lib\armlib\c_p.l(_printf_o.o)
       112         10          0          0          0        112   C:\Keil_v5\ARM\ARMCC\Bin\..\lib\armlib\c_p.l(_printf_oct_int_ll.o)
        10          0          0          0          0          0   C:\Keil_v5\ARM\ARMCC\Bin\..\lib\armlib\c_p.l(_printf_p.o)
        78          0          0          0          0        100   C:\Keil_v5\ARM\ARMCC\Bin\..\lib\armlib\c_p.l(_printf_pad.o)
         2          0          0          0          0          0   C:\Keil_v5\ARM\ARMCC\Bin\..\lib\armlib\c_p.l(_printf_percent.o)
         4          0          0          0          0          0   C:\Keil_v5\ARM\ARMCC\Bin\..\lib\armlib\c_p.l(_printf_percent_end.o)
        10          0          0          0          0          0   C:\Keil_v5\ARM\ARMCC\Bin\..\lib\armlib\c_p.l(_printf_s.o)
        82          0          0          0          0         72   C:\Keil_v5\ARM\ARMCC\Bin\..\lib\armlib\c_p.l(_printf_str.o)
        36          0          0          0          0         76   C:\Keil_v5\ARM\ARMCC\Bin\..\lib\armlib\c_p.l(_printf_truncate.o)
        10          0          0          0          0          0   C:\Keil_v5\ARM\ARMCC\Bin\..\lib\armlib\c_p.l(_printf_u.o)
        46          0          0          0          0        100   C:\Keil_v5\ARM\ARMCC\Bin\..\lib\armlib\c_p.l(_printf_wchar.o)
       188          6          8          0          0         80   C:\Keil_v5\ARM\ARMCC\Bin\..\lib\armlib\c_p.l(_printf_wctomb.o)
        10          0          0          0          0          0   C:\Keil_v5\ARM\ARMCC\Bin\..\lib\armlib\c_p.l(_printf_x.o)
        22          0          0          0          0         92   C:\Keil_v5\ARM\ARMCC\Bin\..\lib\armlib\c_p.l(_rserrno.o)
        16          0          0          0          0         60   C:\Keil_v5\ARM\ARMCC\Bin\..\lib\armlib\c_p.l(_snputc.o)
        10          0          0          0          0         60   C:\Keil_v5\ARM\ARMCC\Bin\..\lib\armlib\c_p.l(_sputc.o)
        64          0          0          0          0         72   C:\Keil_v5\ARM\ARMCC\Bin\..\lib\armlib\c_p.l(_wcrtomb.o)
       488          0          0          0          0         92   C:\Keil_v5\ARM\ARMCC\Bin\..\lib\armlib\c_p.l(aeabi_sdivfast.o)
       216          6        148          0          0         80   C:\Keil_v5\ARM\ARMCC\Bin\..\lib\armlib\c_p.l(bigflt0.o)
      1456         30          0          0          0        336   C:\Keil_v5\ARM\ARMCC\Bin\..\lib\armlib\c_p.l(btod.o)
        14          0          0          0          0         68   C:\Keil_v5\ARM\ARMCC\Bin\..\lib\armlib\c_p.l(c89vfprintf.o)
        12          0          0          0          0         68   C:\Keil_v5\ARM\ARMCC\Bin\..\lib\armlib\c_p.l(defsig_exit.o)
        52          0          0          0          0         72   C:\Keil_v5\ARM\ARMCC\Bin\..\lib\armlib\c_p.l(defsig_general.o)
        48         34          0          0          0         68   C:\Keil_v5\ARM\ARMCC\Bin\..\lib\armlib\c_p.l(defsig_pvfn_inner.o)
        12          0          0          0          0         68   C:\Keil_v5\ARM\ARMCC\Bin\..\lib\armlib\c_p.l(defsig_pvfn_outer.o)
        80         58          0          0          0         68   C:\Keil_v5\ARM\ARMCC\Bin\..\lib\armlib\c_p.l(defsig_rtmem_inner.o)
        12          0          0          0          0         68   C:\Keil_v5\ARM\ARMCC\Bin\..\lib\armlib\c_p.l(defsig_rtmem_outer.o)
        52         38          0          0          0         68   C:\Keil_v5\ARM\ARMCC\Bin\..\lib\armlib\c_p.l(defsig_rtred_inner.o)
        12          0          0          0          0         68   C:\Keil_v5\ARM\ARMCC\Bin\..\lib\armlib\c_p.l(defsig_rtred_outer.o)
        76          4          0          0          0         76   C:\Keil_v5\ARM\ARMCC\Bin\..\lib\armlib\c_p.l(fclose.o)
         8          0          0          0          0         60   C:\Keil_v5\ARM\ARMCC\Bin\..\lib\armlib\c_p.l(ferror.o)
       104          4          0          0          0        100   C:\Keil_v5\ARM\ARMCC\Bin\..\lib\armlib\c_p.l(fflush.o)
       496         10          0          0          0         76   C:\Keil_v5\ARM\ARMCC\Bin\..\lib\armlib\c_p.l(flsbuf.o)
       232          8          0          0          0        108   C:\Keil_v5\ARM\ARMCC\Bin\..\lib\armlib\c_p.l(fopen.o)
        30          0          0          0          0         68   C:\Keil_v5\ARM\ARMCC\Bin\..\lib\armlib\c_p.l(fputc.o)
       244          4          0          0          0         76   C:\Keil_v5\ARM\ARMCC\Bin\..\lib\armlib\c_p.l(fseek.o)
        66          0          0          0          0         68   C:\Keil_v5\ARM\ARMCC\Bin\..\lib\armlib\c_p.l(ftell.o)
        98          0          0          0          0         72   C:\Keil_v5\ARM\ARMCC\Bin\..\lib\armlib\c_p.l(h1_alloc.o)
        52          0          0          0          0         68   C:\Keil_v5\ARM\ARMCC\Bin\..\lib\armlib\c_p.l(h1_extend.o)
        76          0          0          0          0         72   C:\Keil_v5\ARM\ARMCC\Bin\..\lib\armlib\c_p.l(h1_free.o)
        14          0          0          0          0         76   C:\Keil_v5\ARM\ARMCC\Bin\..\lib\armlib\c_p.l(h1_init.o)
        80          4          0          4          0         88   C:\Keil_v5\ARM\ARMCC\Bin\..\lib\armlib\c_p.l(heapauxa.o)
         4          0          0          0          0        120   C:\Keil_v5\ARM\ARMCC\Bin\..\lib\armlib\c_p.l(hguard.o)
         0          0          0          0          0          0   C:\Keil_v5\ARM\ARMCC\Bin\..\lib\armlib\c_p.l(indicate_semi.o)
        36         10          0          0          0         72   C:\Keil_v5\ARM\ARMCC\Bin\..\lib\armlib\c_p.l(init_aeabi.o)
       136          0          0          0          0        160   C:\Keil_v5\ARM\ARMCC\Bin\..\lib\armlib\c_p.l(init_alloc.o)
       316         44          0          0          0         96   C:\Keil_v5\ARM\ARMCC\Bin\..\lib\armlib\c_p.l(initio.o)
        44         10        272          0          0         76   C:\Keil_v5\ARM\ARMCC\Bin\..\lib\armlib\c_p.l(lc_ctype_c.o)
        44         10         28          0          0         76   C:\Keil_v5\ARM\ARMCC\Bin\..\lib\armlib\c_p.l(lc_numeric_c.o)
         2          0          0          0          0          0   C:\Keil_v5\ARM\ARMCC\Bin\..\lib\armlib\c_p.l(libinit.o)
        46          0          0          0          0          0   C:\Keil_v5\ARM\ARMCC\Bin\..\lib\armlib\c_p.l(libinit2.o)
         0          0          0          0          0          0   C:\Keil_v5\ARM\ARMCC\Bin\..\lib\armlib\c_p.l(libshutdown2.o)
        48          0          0          0          0         72   C:\Keil_v5\ARM\ARMCC\Bin\..\lib\armlib\c_p.l(llmul.o)
        32          0          0          0          0         68   C:\Keil_v5\ARM\ARMCC\Bin\..\lib\armlib\c_p.l(llshl.o)
       258          0          0          0          0         88   C:\Keil_v5\ARM\ARMCC\Bin\..\lib\armlib\c_p.l(lludiv.o)
       122          0          0          0          0         72   C:\Keil_v5\ARM\ARMCC\Bin\..\lib\armlib\c_p.l(lludiv10.o)
        34          0          0          0          0         68   C:\Keil_v5\ARM\ARMCC\Bin\..\lib\armlib\c_p.l(llushr.o)
         0          0          0          0          0          0   C:\Keil_v5\ARM\ARMCC\Bin\..\lib\armlib\c_p.l(maybetermalloc1.o)
        90          0          0          0          0         68   C:\Keil_v5\ARM\ARMCC\Bin\..\lib\armlib\c_p.l(memcmp.o)
        16          4          0          0          0         76   C:\Keil_v5\ARM\ARMCC\Bin\..\lib\armlib\c_p.l(rt_ctype_table.o)
         8          4          0          0          4         68   C:\Keil_v5\ARM\ARMCC\Bin\..\lib\armlib\c_p.l(rt_errno_addr.o)
         8          4          0          0          4         68   C:\Keil_v5\ARM\ARMCC\Bin\..\lib\armlib\c_p.l(rt_heap_descriptor.o)
         8          4          0          0         20         68   C:\Keil_v5\ARM\ARMCC\Bin\..\lib\armlib\c_p.l(rt_locale.o)
        64          0          0          0          0        108   C:\Keil_v5\ARM\ARMCC\Bin\..\lib\armlib\c_p.l(rt_memclr.o)
        56          0          0          0          0         68   C:\Keil_v5\ARM\ARMCC\Bin\..\lib\armlib\c_p.l(rt_memcpy.o)
        40          0          0          0          0         60   C:\Keil_v5\ARM\ARMCC\Bin\..\lib\armlib\c_p.l(rtudiv10.o)
        26          0          0          0          0         68   C:\Keil_v5\ARM\ARMCC\Bin\..\lib\armlib\c_p.l(setbuf.o)
        76          4          0          0          0         72   C:\Keil_v5\ARM\ARMCC\Bin\..\lib\armlib\c_p.l(setvbuf.o)
       240          8          0          0          0        144   C:\Keil_v5\ARM\ARMCC\Bin\..\lib\armlib\c_p.l(stdio.o)
         0          0          0         12        252          0   C:\Keil_v5\ARM\ARMCC\Bin\..\lib\armlib\c_p.l(stdio_streams.o)
       160          4          0          0          0         80   C:\Keil_v5\ARM\ARMCC\Bin\..\lib\armlib\c_p.l(strcmpv6m.o)
        68          6          0          0          0         72   C:\Keil_v5\ARM\ARMCC\Bin\..\lib\armlib\c_p.l(strlen.o)
        32          0          0          0          0         72   C:\Keil_v5\ARM\ARMCC\Bin\..\lib\armlib\c_p.l(strspn.o)
        12          4          0          0          0         60   C:\Keil_v5\ARM\ARMCC\Bin\..\lib\armlib\c_p.l(sys_exit.o)
        12          0          0          0          0         68   C:\Keil_v5\ARM\ARMCC\Bin\..\lib\armlib\c_p.l(sys_wrch.o)
         2          0          0          0          0         68   C:\Keil_v5\ARM\ARMCC\Bin\..\lib\armlib\c_p.l(use_no_semi.o)
        56          6          0          0          0         72   C:\Keil_v5\ARM\ARMCC\Bin\..\lib\armlib\c_p.l(vsnprintf.o)
        34          0          0          0          0         80   C:\Keil_v5\ARM\ARMCC\Bin\..\lib\cpplib\cpprt_p.l(aeabi_vec_ctor_nocookie_nodtor.o)
        34          0          0          0          0         76   C:\Keil_v5\ARM\ARMCC\Bin\..\lib\cpplib\cpprt_p.l(aeabi_vec_dtor_noexceptions.o)
        10          0          0          0          0         68   C:\Keil_v5\ARM\ARMCC\Bin\..\lib\cpplib\cpprt_p.l(pure_virt.o)
        84          4          0          0          0         60   C:\Keil_v5\ARM\ARMCC\Bin\..\lib\armlib\fz_ps.l(f2d.o)
       372          8          0          0          0        240   C:\Keil_v5\ARM\ARMCC\Bin\..\lib\armlib\fz_ps.l(faddsub.o)
       352         10         64          0          0         92   C:\Keil_v5\ARM\ARMCC\Bin\..\lib\armlib\fz_ps.l(fdiv.o)
       138          0          0          0          0         72   C:\Keil_v5\ARM\ARMCC\Bin\..\lib\armlib\fz_ps.l(ffixir.o)
        48          0          0          0          0         60   C:\Keil_v5\ARM\ARMCC\Bin\..\lib\armlib\fz_ps.l(ffixui.o)
        74          0          0          0          0         68   C:\Keil_v5\ARM\ARMCC\Bin\..\lib\armlib\fz_ps.l(ffixul.o)
        94          0          0          0          0         92   C:\Keil_v5\ARM\ARMCC\Bin\..\lib\armlib\fz_ps.l(fflti.o)
       176          4          0          0          0         80   C:\Keil_v5\ARM\ARMCC\Bin\..\lib\armlib\fz_ps.l(fmul.o)
        68          4          0          0          0         68   C:\Keil_v5\ARM\ARMCC\Bin\..\lib\armlib\fz_ps.l(fscalbn.o)
       144          4          0          0          0         72   C:\Keil_v5\ARM\ARMCC\Bin\..\lib\armlib\fz_ps.l(fsqrt.o)
        16          4          0          0          0         76   C:\Keil_v5\ARM\ARMCC\Bin\..\lib\armlib\fz_ps.l(printf1.o)
        16          4          0          0          0         76   C:\Keil_v5\ARM\ARMCC\Bin\..\lib\armlib\fz_ps.l(printf2.o)
         0          0          0          0          0          0   C:\Keil_v5\ARM\ARMCC\Bin\..\lib\armlib\fz_ps.l(usenofp.o)
        44          4          0          0          0         60   C:\Keil_v5\ARM\ARMCC\Bin\..\lib\armlib\m_ps.l(fpclassify.o)
        34          0          0          0          0         60   C:\Keil_v5\ARM\ARMCC\Bin\..\lib\armlib\m_ps.l(fpclassifyf.o)
        62          0          0          0          0        340   C:\Keil_v5\ARM\ARMCC\Bin\..\lib\armlib\m_ps.l(funder.o)
      1568         92        320          0          0        172   C:\Keil_v5\ARM\ARMCC\Bin\..\lib\armlib\m_ps.l(powf.o)
        44          0          0          0          0         72   C:\Keil_v5\ARM\ARMCC\Bin\..\lib\armlib\m_ps.l(sqrtf.o)
       360         66         16          8         16        284   mbed/TARGET_KL25Z/TOOLCHAIN_ARM_STD/mbed.ar(FileBase.o)
        54          0         80          0          0        132   mbed/TARGET_KL25Z/TOOLCHAIN_ARM_STD/mbed.ar(FileHandle.o)
       194         20         70          0          0        336   mbed/TARGET_KL25Z/TOOLCHAIN_ARM_STD/mbed.ar(FilePath.o)
       106         26        144          0          0        444   mbed/TARGET_KL25Z/TOOLCHAIN_ARM_STD/mbed.ar(Serial.o)
       476         22         24          0          0        536   mbed/TARGET_KL25Z/TOOLCHAIN_ARM_STD/mbed.ar(SerialBase.o)
       274         50        112          0          0        728   mbed/TARGET_KL25Z/TOOLCHAIN_ARM_STD/mbed.ar(Stream.o)
       296          6         20          0          0        232   mbed/TARGET_KL25Z/TOOLCHAIN_ARM_STD/mbed.ar(Ticker.o)
       112         16         20          0          0        336   mbed/TARGET_KL25Z/TOOLCHAIN_ARM_STD/mbed.ar(TimerEvent.o)
        32          6          0          0          0         68   mbed/TARGET_KL25Z/TOOLCHAIN_ARM_STD/mbed.ar(mbed_assert.o)
       312         84         73          4          0        472   mbed/TARGET_KL25Z/TOOLCHAIN_ARM_STD/mbed.ar(mbed_critical.o)
       108         40         80          2          0        128   mbed/TARGET_KL25Z/TOOLCHAIN_ARM_STD/mbed.ar(mbed_critical_section_api.o)
       644        282        160         12        104        156   mbed/TARGET_KL25Z/TOOLCHAIN_ARM_STD/mbed.ar(mbed_error.o)
       242         86          0          0          0        220   mbed/TARGET_KL25Z/TOOLCHAIN_ARM_STD/mbed.ar(mbed_gpio.o)
         8          0          0          0          0         68   mbed/TARGET_KL25Z/TOOLCHAIN_ARM_STD/mbed.ar(mbed_interface.o)
       252         86          0          0          0        208   mbed/TARGET_KL25Z/TOOLCHAIN_ARM_STD/mbed.ar(mbed_pinmap_common.o)
        24          6          0          4          0        128   mbed/TARGET_KL25Z/TOOLCHAIN_ARM_STD/mbed.ar(mbed_semihost_api.o)
       192         94          0         24          0        144   mbed/TARGET_KL25Z/TOOLCHAIN_ARM_STD/mbed.ar(mbed_sleep_manager.o)
      1172         68         70          0          0        676   mbed/TARGET_KL25Z/TOOLCHAIN_ARM_STD/mbed.ar(mbed_ticker_api.o)
        32         14         40          4         64        120   mbed/TARGET_KL25Z/TOOLCHAIN_ARM_STD/mbed.ar(mbed_us_ticker_api.o)
        30          0          0          0          0         72   mbed/TARGET_KL25Z/TOOLCHAIN_ARM_STD/mbed.ar(mbed_wait_api_no_rtos.o)

    ----------------------------------------------------------------------
     18664       1558       1856         80        464      14084   Library Totals
        36          0         12          6          0          0   (incl. Padding)

    ----------------------------------------------------------------------

      Code (inc. data)   RO Data    RW Data    ZI Data      Debug   Library Name

     10296        448        551         16        280       6612   C:\Keil_v5\ARM\ARMCC\Bin\..\lib\armlib\c_p.l
        78          0          0          0          0        224   C:\Keil_v5\ARM\ARMCC\Bin\..\lib\cpplib\cpprt_p.l
      1582         42         64          0          0       1056   C:\Keil_v5\ARM\ARMCC\Bin\..\lib\armlib\fz_ps.l
      1752         96        320          0          0        704   C:\Keil_v5\ARM\ARMCC\Bin\..\lib\armlib\m_ps.l
      4920        972        909         58        184       5488   mbed/TARGET_KL25Z/TOOLCHAIN_ARM_STD/mbed.ar

    ----------------------------------------------------------------------
     18664       1558       1856         80        464      14084   Library Totals

    ----------------------------------------------------------------------

==============================================================================


      Code (inc. data)   RO Data    RW Data    ZI Data      Debug   

     28084       3934       3624        352       1152     169889   Grand Totals
     28084       3934       3624        100       1152     169889   ELF Image Totals (compressed)
     28084       3934       3624        100          0          0   ROM Totals

==============================================================================

    Total RO  Size (Code + RO Data)                31708 (  30.96kB)
    Total RW  Size (RW Data + ZI Data)              1504 (   1.47kB)
    Total ROM Size (Code + RO Data + RW Data)      31808 (  31.06kB)

==============================================================================

