<html>
<body>
<pre>
<h1>µVision Build Log</h1>
<h2>Tool Versions:</h2>
IDE-Version: µVision V5.29.0.0
Copyright (C) 2019 ARM Ltd and ARM Germany GmbH. All rights reserved.
License Information: sankalp agrawal, gg, LIC=----
 
Tool Versions:
Toolchain:       MDK-Lite  Version: 5.29.0.0
Toolchain Path:  C:\Keil_v5\ARM\ARMCC\Bin
C Compiler:      Armcc.exe V5.06 update 6 (build 750)
Assembler:       Armasm.exe V5.06 update 6 (build 750)
Linker/Locator:  ArmLink.exe V5.06 update 6 (build 750)
Library Manager: ArmAr.exe V5.06 update 6 (build 750)
Hex Converter:   FromElf.exe V5.06 update 6 (build 750)
CPU DLL:         
Dialog DLL:      DCM.DLL V1.17.3.0
Target DLL:      PEMicro\Pemicro_ArmCortexInterface.dll V1.3.0.0
Dialog DLL:      TCM.DLL V1.36.5.0
 
<h2>Project:</h2>
D:\CUBoulder\MESA\Project_1\Code4\new\flowmeter\flowmeter.uvprojx
Project File Date:  09/28/2021

<h2>Output:</h2>
*** Using Compiler 'V5.06 update 6 (build 750)', folder: 'C:\Keil_v5\ARM\ARMCC\Bin'
Rebuild target 'flowmeter'
compiling timer0.cpp...
compiling adc.cpp...
compiling flowmeter.cpp...
flowmeter.cpp(89): warning:  #940-D: missing return statement at end of non-void function "frequency_detection" 
  }
flowmeter.cpp(122): warning:  #1-D: last line of file ends without a newline
  }
flowmeter.cpp: 2 warnings, 0 errors
compiling Monitor.cpp...
Monitor.cpp(321): warning: A1609W: MOV <rd>,pc instruction does not set bit zero, so does not create a return address
compiling UART_poll.cpp...
compiling main.cpp...
linking...
.\BUILD\flowmeter.axf: Warning: L6320W: Ignoring --keep command. Cannot find argument 'os_cb_sections'.
Program Size: Code=27664 RO-data=3368 RW-data=256 ZI-data=1152  
Finished: 0 information, 1 warning and 0 error messages.
FromELF: creating hex file...
After Build - User command #1: C:\Keil_V5\ARM\ARMCC\bin\fromelf.exe --bin --output=BUILD/flowmeter.bin BUILD/flowmeter.axf
After Build - User command #2: arm-none-eabi-size BUILD/flowmeter.axf
   text	   data	    bss	    dec	    hex	filename
  31032	    256	   1152	  32440	   7eb8	BUILD/flowmeter.axf
".\BUILD\flowmeter.axf" - 0 Error(s), 4 Warning(s).

<h2>Software Packages used:</h2>

Package Vendor: Keil
                http://www.keil.com/pack/Keil.Kinetis_KLxx_DFP.1.15.0.pack
                Keil.Kinetis_KLxx_DFP.1.15.0
                NXP Kinetis KLxx Series Device Support and Examples

<h2>Collection of Component include folders:</h2>
  .\RTE\_flowmeter
  C:\Users\Sankalp\AppData\Local\Arm\Packs\Keil\Kinetis_KLxx_DFP\1.15.0\Device\Include

<h2>Collection of Component Files used:</h2>
Build Time Elapsed:  00:00:01
</pre>
</body>
</html>
